

================================================================
== Vivado HLS Report for 'linear_2'
================================================================
* Date:           Wed Aug 12 00:45:22 2020

* Version:        2018.1 (Build 2188600 on Wed Apr 04 19:04:02 MDT 2018)
* Project:        hls4ml_hcal
* Solution:       solution1
* Product family: kintexu
* Target device:  xcku115-flva1517-2-e


================================================================
== Performance Estimates
================================================================
+ Timing (ns): 
    * Summary: 
    +--------+-------+----------+------------+
    |  Clock | Target| Estimated| Uncertainty|
    +--------+-------+----------+------------+
    |ap_clk  |   4.00|      0.00|        0.50|
    +--------+-------+----------+------------+

+ Latency (clock cycles): 
    * Summary: 
    +-----+-----+-----+-----+----------+
    |  Latency  |  Interval | Pipeline |
    | min | max | min | max |   Type   |
    +-----+-----+-----+-----+----------+
    |    0|    0|    1|    1| function |
    +-----+-----+-----+-----+----------+

    + Detail: 
        * Instance: 
        N/A

        * Loop: 
        N/A



================================================================
== Utilization Estimates
================================================================
* Summary: 
+---------------------+---------+-------+---------+--------+
|         Name        | BRAM_18K| DSP48E|    FF   |   LUT  |
+---------------------+---------+-------+---------+--------+
|DSP                  |        -|      -|        -|       -|
|Expression           |        -|      -|        -|       -|
|FIFO                 |        -|      -|        -|       -|
|Instance             |        -|      -|        -|       -|
|Memory               |        -|      -|        -|       -|
|Multiplexer          |        -|      -|        -|       -|
|Register             |        -|      -|        -|       -|
+---------------------+---------+-------+---------+--------+
|Total                |        0|      0|        0|       0|
+---------------------+---------+-------+---------+--------+
|Available SLR        |     2160|   2760|   663360|  331680|
+---------------------+---------+-------+---------+--------+
|Utilization SLR (%)  |        0|      0|        0|       0|
+---------------------+---------+-------+---------+--------+
|Available            |     4320|   5520|  1326720|  663360|
+---------------------+---------+-------+---------+--------+
|Utilization (%)      |        0|      0|        0|       0|
+---------------------+---------+-------+---------+--------+

+ Detail: 
    * Instance: 
    N/A

    * DSP48: 
    N/A

    * Memory: 
    N/A

    * FIFO: 
    N/A

    * Expression: 
    N/A

    * Multiplexer: 
    N/A

    * Register: 
    N/A



================================================================
== Interface
================================================================
* Summary: 
+----------------+-----+-----+------------+----------------+--------------+
|    RTL Ports   | Dir | Bits|  Protocol  |  Source Object |    C Type    |
+----------------+-----+-----+------------+----------------+--------------+
|ap_ready        | out |    1| ap_ctrl_hs |    linear.2    | return value |
|ap_return_0     | out |   32| ap_ctrl_hs |    linear.2    | return value |
|ap_return_1     | out |   32| ap_ctrl_hs |    linear.2    | return value |
|ap_return_2     | out |   32| ap_ctrl_hs |    linear.2    | return value |
|ap_return_3     | out |   32| ap_ctrl_hs |    linear.2    | return value |
|ap_return_4     | out |   32| ap_ctrl_hs |    linear.2    | return value |
|ap_return_5     | out |   32| ap_ctrl_hs |    linear.2    | return value |
|ap_return_6     | out |   32| ap_ctrl_hs |    linear.2    | return value |
|ap_return_7     | out |   32| ap_ctrl_hs |    linear.2    | return value |
|ap_return_8     | out |   32| ap_ctrl_hs |    linear.2    | return value |
|ap_return_9     | out |   32| ap_ctrl_hs |    linear.2    | return value |
|ap_return_10    | out |   32| ap_ctrl_hs |    linear.2    | return value |
|ap_return_11    | out |   32| ap_ctrl_hs |    linear.2    | return value |
|ap_return_12    | out |   32| ap_ctrl_hs |    linear.2    | return value |
|ap_return_13    | out |   32| ap_ctrl_hs |    linear.2    | return value |
|ap_return_14    | out |   32| ap_ctrl_hs |    linear.2    | return value |
|data_0_V_read   |  in |   32|   ap_none  |  data_0_V_read |    scalar    |
|data_1_V_read   |  in |   32|   ap_none  |  data_1_V_read |    scalar    |
|data_2_V_read   |  in |   32|   ap_none  |  data_2_V_read |    scalar    |
|data_3_V_read   |  in |   32|   ap_none  |  data_3_V_read |    scalar    |
|data_4_V_read   |  in |   32|   ap_none  |  data_4_V_read |    scalar    |
|data_5_V_read   |  in |   32|   ap_none  |  data_5_V_read |    scalar    |
|data_6_V_read   |  in |   32|   ap_none  |  data_6_V_read |    scalar    |
|data_7_V_read   |  in |   32|   ap_none  |  data_7_V_read |    scalar    |
|data_8_V_read   |  in |   32|   ap_none  |  data_8_V_read |    scalar    |
|data_9_V_read   |  in |   32|   ap_none  |  data_9_V_read |    scalar    |
|data_10_V_read  |  in |   32|   ap_none  | data_10_V_read |    scalar    |
|data_11_V_read  |  in |   32|   ap_none  | data_11_V_read |    scalar    |
|data_12_V_read  |  in |   32|   ap_none  | data_12_V_read |    scalar    |
|data_13_V_read  |  in |   32|   ap_none  | data_13_V_read |    scalar    |
|data_14_V_read  |  in |   32|   ap_none  | data_14_V_read |    scalar    |
+----------------+-----+-----+------------+----------------+--------------+

