

================================================================
== Vivado HLS Report for 'raw_to_app'
================================================================
* Date:           Wed Aug 12 00:42:12 2020

* Version:        2018.1 (Build 2188600 on Wed Apr 04 19:04:02 MDT 2018)
* Project:        raw_bridge
* Solution:       solution1
* Product family: kintexu
* Target device:  xcku115-flva1517-2-e


================================================================
== Performance Estimates
================================================================
+ Timing (ns): 
    * Summary: 
    +--------+-------+----------+------------+
    |  Clock | Target| Estimated| Uncertainty|
    +--------+-------+----------+------------+
    |ap_clk  |   4.00|      0.83|        0.50|
    +--------+-------+----------+------------+

+ Latency (clock cycles): 
    * Summary: 
    +-----+-----+-----+-----+----------+
    |  Latency  |  Interval | Pipeline |
    | min | max | min | max |   Type   |
    +-----+-----+-----+-----+----------+
    |    1|    1|    1|    1| function |
    +-----+-----+-----+-----+----------+

    + Detail: 
        * Instance: 
        N/A

        * Loop: 
        N/A



================================================================
== Utilization Estimates
================================================================
* Summary: 
+---------------------+---------+-------+---------+--------+
|         Name        | BRAM_18K| DSP48E|    FF   |   LUT  |
+---------------------+---------+-------+---------+--------+
|DSP                  |        -|      -|        -|       -|
|Expression           |        -|      -|        0|      18|
|FIFO                 |        -|      -|        -|       -|
|Instance             |        -|      -|        -|       -|
|Memory               |        -|      -|        -|       -|
|Multiplexer          |        -|      -|        -|      27|
|Register             |        -|      -|       87|       -|
+---------------------+---------+-------+---------+--------+
|Total                |        0|      0|       87|      45|
+---------------------+---------+-------+---------+--------+
|Available SLR        |     2160|   2760|   663360|  331680|
+---------------------+---------+-------+---------+--------+
|Utilization SLR (%)  |        0|      0|    ~0   |   ~0   |
+---------------------+---------+-------+---------+--------+
|Available            |     4320|   5520|  1326720|  663360|
+---------------------+---------+-------+---------+--------+
|Utilization (%)      |        0|      0|    ~0   |   ~0   |
+---------------------+---------+-------+---------+--------+

+ Detail: 
    * Instance: 
    N/A

    * DSP48: 
    N/A

    * Memory: 
    N/A

    * FIFO: 
    N/A

    * Expression: 
    +----------------------------------+----------+-------+---+----+------------+------------+
    |           Variable Name          | Operation| DSP48E| FF| LUT| Bitwidth P0| Bitwidth P1|
    +----------------------------------+----------+-------+---+----+------------+------------+
    |ap_block_state2_pp0_stage0_iter1  |    and   |      0|  0|   2|           1|           1|
    |ap_condition_129                  |    and   |      0|  0|   2|           1|           1|
    |ap_condition_82                   |    and   |      0|  0|   2|           1|           1|
    |ap_predicate_op12_read_state1     |    and   |      0|  0|   2|           1|           1|
    |ap_predicate_op24_write_state2    |    and   |      0|  0|   2|           1|           1|
    |ap_predicate_op6_read_state1      |    and   |      0|  0|   2|           1|           1|
    |ap_block_pp0_stage0_01001         |    or    |      0|  0|   2|           1|           1|
    |ap_block_state1_pp0_stage0_iter0  |    or    |      0|  0|   2|           1|           1|
    |ap_enable_pp0                     |    xor   |      0|  0|   2|           1|           2|
    +----------------------------------+----------+-------+---+----+------------+------------+
    |Total                             |          |      0|  0|  18|           9|          10|
    +----------------------------------+----------+-------+---+----+------------+------------+

    * Multiplexer: 
    +------------------+----+-----------+-----+-----------+
    |       Name       | LUT| Input Size| Bits| Total Bits|
    +------------------+----+-----------+-----+-----------+
    |ap_done           |   9|          2|    1|          2|
    |from_raw_V_blk_n  |   9|          2|    1|          2|
    |to_app_V_blk_n    |   9|          2|    1|          2|
    +------------------+----+-----------+-----+-----------+
    |Total             |  27|          6|    3|          6|
    +------------------+----+-----------+-----+-----------+

    * Register: 
    +-------------------------+----+----+-----+-----------+
    |           Name          | FF | LUT| Bits| Const Bits|
    +-------------------------+----+----+-----+-----------+
    |ap_CS_fsm                |   1|   0|    1|          0|
    |ap_done_reg              |   1|   0|    1|          0|
    |ap_enable_reg_pp0_iter1  |   1|   0|    1|          0|
    |dest_V                   |   8|   0|    8|          0|
    |state_V_1                |   1|   0|    3|          2|
    |state_V_1_load_reg_149   |   1|   0|    3|          2|
    |tmp_1_reg_153            |   1|   0|    1|          0|
    |tmp_data_V_reg_157       |  64|   0|   64|          0|
    |tmp_keep_V_reg_167       |   8|   0|    8|          0|
    |tmp_last_V_reg_162       |   1|   0|    1|          0|
    +-------------------------+----+----+-----+-----------+
    |Total                    |  87|   0|   91|          4|
    +-------------------------+----+----+-----+-----------+



================================================================
== Interface
================================================================
* Summary: 
+--------------------+-----+-----+------------+--------------+--------------+
|      RTL Ports     | Dir | Bits|  Protocol  | Source Object|    C Type    |
+--------------------+-----+-----+------------+--------------+--------------+
|ap_clk              |  in |    1| ap_ctrl_hs |  raw_to_app  | return value |
|ap_rst              |  in |    1| ap_ctrl_hs |  raw_to_app  | return value |
|ap_start            |  in |    1| ap_ctrl_hs |  raw_to_app  | return value |
|ap_done             | out |    1| ap_ctrl_hs |  raw_to_app  | return value |
|ap_continue         |  in |    1| ap_ctrl_hs |  raw_to_app  | return value |
|ap_idle             | out |    1| ap_ctrl_hs |  raw_to_app  | return value |
|ap_ready            | out |    1| ap_ctrl_hs |  raw_to_app  | return value |
|from_raw_V_dout     |  in |   73|   ap_fifo  |  from_raw_V  |    pointer   |
|from_raw_V_empty_n  |  in |    1|   ap_fifo  |  from_raw_V  |    pointer   |
|from_raw_V_read     | out |    1|   ap_fifo  |  from_raw_V  |    pointer   |
|to_app_V_din        | out |   89|   ap_fifo  |   to_app_V   |    pointer   |
|to_app_V_full_n     |  in |    1|   ap_fifo  |   to_app_V   |    pointer   |
|to_app_V_write      | out |    1|   ap_fifo  |   to_app_V   |    pointer   |
+--------------------+-----+-----+------------+--------------+--------------+

