

================================================================
== Vivado HLS Report for 'app_to_eth'
================================================================
* Date:           Wed Aug 12 00:42:59 2020

* Version:        2018.1 (Build 2188600 on Wed Apr 04 19:04:02 MDT 2018)
* Project:        ethernet_bridge
* Solution:       solution1
* Product family: kintexu
* Target device:  xcku115-flva1517-2-e


================================================================
== Performance Estimates
================================================================
+ Timing (ns): 
    * Summary: 
    +--------+-------+----------+------------+
    |  Clock | Target| Estimated| Uncertainty|
    +--------+-------+----------+------------+
    |ap_clk  |   4.00|      1.77|        0.50|
    +--------+-------+----------+------------+

+ Latency (clock cycles): 
    * Summary: 
    +-----+-----+-----+-----+----------+
    |  Latency  |  Interval | Pipeline |
    | min | max | min | max |   Type   |
    +-----+-----+-----+-----+----------+
    |    1|    1|    1|    1| function |
    +-----+-----+-----+-----+----------+

    + Detail: 
        * Instance: 
        N/A

        * Loop: 
        N/A



================================================================
== Utilization Estimates
================================================================
* Summary: 
+---------------------+---------+-------+---------+--------+
|         Name        | BRAM_18K| DSP48E|    FF   |   LUT  |
+---------------------+---------+-------+---------+--------+
|DSP                  |        -|      -|        -|       -|
|Expression           |        -|      -|        0|      26|
|FIFO                 |        -|      -|        -|       -|
|Instance             |        -|      -|        -|       -|
|Memory               |        -|      -|        -|       -|
|Multiplexer          |        -|      -|        -|      99|
|Register             |        -|      -|      310|       -|
+---------------------+---------+-------+---------+--------+
|Total                |        0|      0|      310|     125|
+---------------------+---------+-------+---------+--------+
|Available SLR        |     2160|   2760|   663360|  331680|
+---------------------+---------+-------+---------+--------+
|Utilization SLR (%)  |        0|      0|    ~0   |   ~0   |
+---------------------+---------+-------+---------+--------+
|Available            |     4320|   5520|  1326720|  663360|
+---------------------+---------+-------+---------+--------+
|Utilization (%)      |        0|      0|    ~0   |   ~0   |
+---------------------+---------+-------+---------+--------+

+ Detail: 
    * Instance: 
    N/A

    * DSP48: 
    N/A

    * Memory: 
    N/A

    * FIFO: 
    N/A

    * Expression: 
    +----------------------------------+----------+-------+---+----+------------+------------+
    |           Variable Name          | Operation| DSP48E| FF| LUT| Bitwidth P0| Bitwidth P1|
    +----------------------------------+----------+-------+---+----+------------+------------+
    |ap_condition_100                  |    and   |      0|  0|   2|           1|           1|
    |ap_condition_177                  |    and   |      0|  0|   2|           1|           1|
    |ap_predicate_op23_read_state1     |    and   |      0|  0|   2|           1|           1|
    |ap_predicate_op48_write_state2    |    and   |      0|  0|   2|           1|           1|
    |ap_predicate_op7_read_state1      |    and   |      0|  0|   2|           1|           1|
    |ap_block_pp0_stage0_01001         |    or    |      0|  0|   2|           1|           1|
    |ap_block_state1_pp0_stage0_iter0  |    or    |      0|  0|   2|           1|           1|
    |ap_block_state2_pp0_stage0_iter1  |    or    |      0|  0|   2|           1|           1|
    |storemerge3_i_fu_241_p3           |  select  |      0|  0|   4|           1|           1|
    |storemerge_i_fu_227_p3            |  select  |      0|  0|   4|           1|           1|
    |ap_enable_pp0                     |    xor   |      0|  0|   2|           1|           2|
    +----------------------------------+----------+-------+---+----+------------+------------+
    |Total                             |          |      0|  0|  26|          11|          12|
    +----------------------------------+----------+-------+---+----+------------+------------+

    * Multiplexer: 
    +-------------------------+----+-----------+-----+-----------+
    |           Name          | LUT| Input Size| Bits| Total Bits|
    +-------------------------+----+-----------+-----+-----------+
    |ap_done                  |   9|          2|    1|          2|
    |app_packet_in_data_V     |   9|          2|   64|        128|
    |from_app_V_blk_n         |   9|          2|    1|          2|
    |src_mac_address_V_blk_n  |   9|          2|    1|          2|
    |state_V                  |  27|          5|    3|         15|
    |to_eth_V_blk_n           |   9|          2|    1|          2|
    |to_eth_V_din             |  27|          5|   73|        365|
    +-------------------------+----+-----------+-----+-----------+
    |Total                    |  99|         20|  144|        516|
    +-------------------------+----+-----------+-----+-----------+

    * Register: 
    +-------------------------+----+----+-----+-----------+
    |           Name          | FF | LUT| Bits| Const Bits|
    +-------------------------+----+----+-----+-----------+
    |ap_CS_fsm                |   1|   0|    1|          0|
    |ap_done_reg              |   1|   0|    1|          0|
    |ap_enable_reg_pp0_iter1  |   1|   0|    1|          0|
    |app_packet_in_data_V     |  64|   0|   64|          0|
    |app_packet_in_last_V     |   1|   0|    1|          0|
    |app_packet_in_tdest_s    |   8|   0|    8|          0|
    |app_packet_in_tkeep_s    |   8|   0|    8|          0|
    |dest_mac_address_V       |  48|   0|   48|          0|
    |eth_dst_src_V            |  96|   0|   96|          0|
    |reg_195                  |   8|   0|    8|          0|
    |state_V                  |   3|   0|    3|          0|
    |state_V_load_reg_496     |   3|   0|    3|          0|
    |tmp_19_reg_509           |  65|   0|   65|          0|
    |tmp_4_reg_505            |   1|   0|    1|          0|
    |tmp_last_V_reg_500       |   1|   0|    1|          0|
    |tmp_reg_514              |   1|   0|    1|          0|
    +-------------------------+----+----+-----+-----------+
    |Total                    | 310|   0|  310|          0|
    +-------------------------+----+----+-----+-----------+



================================================================
== Interface
================================================================
* Summary: 
+---------------------------+-----+-----+------------+-------------------+--------------+
|         RTL Ports         | Dir | Bits|  Protocol  |   Source Object   |    C Type    |
+---------------------------+-----+-----+------------+-------------------+--------------+
|ap_clk                     |  in |    1| ap_ctrl_hs |     app_to_eth    | return value |
|ap_rst                     |  in |    1| ap_ctrl_hs |     app_to_eth    | return value |
|ap_start                   |  in |    1| ap_ctrl_hs |     app_to_eth    | return value |
|ap_done                    | out |    1| ap_ctrl_hs |     app_to_eth    | return value |
|ap_continue                |  in |    1| ap_ctrl_hs |     app_to_eth    | return value |
|ap_idle                    | out |    1| ap_ctrl_hs |     app_to_eth    | return value |
|ap_ready                   | out |    1| ap_ctrl_hs |     app_to_eth    | return value |
|from_app_V_dout            |  in |   81|   ap_fifo  |     from_app_V    |    pointer   |
|from_app_V_empty_n         |  in |    1|   ap_fifo  |     from_app_V    |    pointer   |
|from_app_V_read            | out |    1|   ap_fifo  |     from_app_V    |    pointer   |
|src_mac_address_V_dout     |  in |   48|   ap_fifo  | src_mac_address_V |    pointer   |
|src_mac_address_V_empty_n  |  in |    1|   ap_fifo  | src_mac_address_V |    pointer   |
|src_mac_address_V_read     | out |    1|   ap_fifo  | src_mac_address_V |    pointer   |
|to_eth_V_din               | out |   73|   ap_fifo  |      to_eth_V     |    pointer   |
|to_eth_V_full_n            |  in |    1|   ap_fifo  |      to_eth_V     |    pointer   |
|to_eth_V_write             | out |    1|   ap_fifo  |      to_eth_V     |    pointer   |
|mac_table_V_address0       | out |    8|  ap_memory |    mac_table_V    |     array    |
|mac_table_V_ce0            | out |    1|  ap_memory |    mac_table_V    |     array    |
|mac_table_V_q0             |  in |   48|  ap_memory |    mac_table_V    |     array    |
+---------------------------+-----+-----+------------+-------------------+--------------+

============================================================
+ Verbose Summary: Synthesis Manager
============================================================
InlineROM: 1
ExposeGlobal: 1
============================================================
+ Verbose Summary: CDFG Model
============================================================
IsTopModel: 0
ResetActiveHigh: 1
IsCombinational: 2
IsDatapathOnly: 0
HasWiredReturn: 1
HasMFsm: 2
HasVarLatency: 0
IsPipeline: 1
IsRtlPipelined: 1
IsInstanceOverlapped: 0
IsDontTouch: 0
HasImplIP: 0
IsGatedGlobalClock: 0

+ Individual pipeline summary: 
  * Pipeline-0: initiation interval (II) = 1, depth = 2


============================================================
+ Verbose Summary: Schedule
============================================================
* Number of FSM states : 2
* Pipeline : 1
  Pipeline-0 : II = 1, D = 2, States = { 1 2 }
* Dataflow Pipeline: 0

* FSM state transitions: 
1 --> 
	2  / true
2 --> 

* FSM state operations: 

 <State 1> : 1.77ns
ST_1 : Operation 3 [1/1] (0.00ns)   --->   "%state_V_load = load i3* @state_V, align 1" [/home/user/galapagos/middleware/hls/network_bridge_ethernet/src/ethernet_bridge.cpp:167]
ST_1 : Operation 4 [1/1] (0.00ns)   --->   "%tmp_last_V = load i1* @app_packet_in_last_V, align 1" [/home/user/galapagos/middleware/hls/network_bridge_ethernet/src/ethernet_bridge.cpp:203]
ST_1 : Operation 5 [1/1] (0.90ns)   --->   "switch i3 %state_V_load, label %.exit [
    i3 0, label %0
    i3 1, label %2
    i3 2, label %3
    i3 3, label %4
    i3 -4, label %5
  ]" [/home/user/galapagos/middleware/hls/network_bridge_ethernet/src/ethernet_bridge.cpp:167]
ST_1 : Operation 6 [1/1] (0.00ns)   --->   "%tmp_4 = call i1 @_ssdm_op_NbReadReq.ap_fifo.i81P(i81* %from_app_V, i32 1)"   --->   Core 5 'AXI4Stream' <Latency = 0> <II = 1> <Delay = 1.00> <Adapter> <Opcode : >
ST_1 : Operation 7 [1/1] (0.00ns)   --->   "%tmp_4_1 = call i81 @_ssdm_op_Read.ap_fifo.volatile.i81P(i81* %from_app_V)"   --->   Core 5 'AXI4Stream' <Latency = 0> <II = 1> <Delay = 1.00> <Adapter> <Opcode : >
ST_1 : Operation 8 [1/1] (0.00ns)   --->   "%tmp_data_V_1 = trunc i81 %tmp_4_1 to i64" [/home/user/galapagos/middleware/hls/network_bridge_ethernet/src/ethernet_bridge.cpp:19->/home/user/galapagos/middleware/hls/network_bridge_ethernet/src/ethernet_bridge.cpp:212]
ST_1 : Operation 9 [1/1] (0.83ns)   --->   "store i64 %tmp_data_V_1, i64* @app_packet_in_data_V, align 8" [/home/user/galapagos/middleware/hls/network_bridge_ethernet/src/ethernet_bridge.cpp:19->/home/user/galapagos/middleware/hls/network_bridge_ethernet/src/ethernet_bridge.cpp:212]
ST_1 : Operation 10 [1/1] (0.00ns)   --->   "%tmp_last_V_1 = call i1 @_ssdm_op_BitSelect.i1.i81.i32(i81 %tmp_4_1, i32 64)" [/home/user/galapagos/middleware/hls/network_bridge_ethernet/src/ethernet_bridge.cpp:19->/home/user/galapagos/middleware/hls/network_bridge_ethernet/src/ethernet_bridge.cpp:212]
ST_1 : Operation 11 [1/1] (0.83ns)   --->   "store i1 %tmp_last_V_1, i1* @app_packet_in_last_V, align 8" [/home/user/galapagos/middleware/hls/network_bridge_ethernet/src/ethernet_bridge.cpp:19->/home/user/galapagos/middleware/hls/network_bridge_ethernet/src/ethernet_bridge.cpp:212]
ST_1 : Operation 12 [1/1] (0.00ns)   --->   "%tmp_tdest_V_1_load_n = call i8 @_ssdm_op_PartSelect.i8.i81.i32.i32(i81 %tmp_4_1, i32 65, i32 72)" [/home/user/galapagos/middleware/hls/network_bridge_ethernet/src/ethernet_bridge.cpp:19->/home/user/galapagos/middleware/hls/network_bridge_ethernet/src/ethernet_bridge.cpp:212]
ST_1 : Operation 13 [1/1] (0.83ns)   --->   "store i8 %tmp_tdest_V_1_load_n, i8* @app_packet_in_tdest_s, align 1" [/home/user/galapagos/middleware/hls/network_bridge_ethernet/src/ethernet_bridge.cpp:19->/home/user/galapagos/middleware/hls/network_bridge_ethernet/src/ethernet_bridge.cpp:212]
ST_1 : Operation 14 [1/1] (0.00ns)   --->   "%tmp_tkeep_V_1 = call i8 @_ssdm_op_PartSelect.i8.i81.i32.i32(i81 %tmp_4_1, i32 73, i32 80)" [/home/user/galapagos/middleware/hls/network_bridge_ethernet/src/ethernet_bridge.cpp:19->/home/user/galapagos/middleware/hls/network_bridge_ethernet/src/ethernet_bridge.cpp:212]
ST_1 : Operation 15 [1/1] (0.00ns)   --->   "%tmp_19 = trunc i81 %tmp_4_1 to i65" [/home/user/galapagos/middleware/hls/network_bridge_ethernet/src/ethernet_bridge.cpp:219]
ST_1 : Operation 16 [1/1] (0.19ns)   --->   "%storemerge_i = select i1 %tmp_last_V_1, i3 0, i3 -4" [/home/user/galapagos/middleware/hls/network_bridge_ethernet/src/ethernet_bridge.cpp:220]   --->   Core 26 'Sel' <Latency = 0> <II = 1> <Delay = 0.30> <FuncUnit> <Opcode : 'select'> <InPorts = 3> <OutPorts = 1>
ST_1 : Operation 17 [1/1] (1.08ns)   --->   "store i3 %storemerge_i, i3* @state_V, align 1" [/home/user/galapagos/middleware/hls/network_bridge_ethernet/src/ethernet_bridge.cpp:221]
ST_1 : Operation 18 [1/1] (0.19ns)   --->   "%storemerge3_i = select i1 %tmp_last_V, i3 0, i3 -4" [/home/user/galapagos/middleware/hls/network_bridge_ethernet/src/ethernet_bridge.cpp:205]   --->   Core 26 'Sel' <Latency = 0> <II = 1> <Delay = 0.30> <FuncUnit> <Opcode : 'select'> <InPorts = 3> <OutPorts = 1>
ST_1 : Operation 19 [1/1] (1.08ns)   --->   "store i3 %storemerge3_i, i3* @state_V, align 1" [/home/user/galapagos/middleware/hls/network_bridge_ethernet/src/ethernet_bridge.cpp:206]
ST_1 : Operation 20 [1/1] (1.08ns)   --->   "store i3 3, i3* @state_V, align 1" [/home/user/galapagos/middleware/hls/network_bridge_ethernet/src/ethernet_bridge.cpp:196]
ST_1 : Operation 21 [1/1] (1.08ns)   --->   "store i3 2, i3* @state_V, align 1" [/home/user/galapagos/middleware/hls/network_bridge_ethernet/src/ethernet_bridge.cpp:185]
ST_1 : Operation 22 [1/1] (0.00ns)   --->   "%tmp = call i1 @_ssdm_op_NbReadReq.ap_fifo.i81P(i81* %from_app_V, i32 1)"   --->   Core 5 'AXI4Stream' <Latency = 0> <II = 1> <Delay = 1.00> <Adapter> <Opcode : >
ST_1 : Operation 23 [1/1] (0.00ns)   --->   "%tmp25 = call i81 @_ssdm_op_Read.ap_fifo.volatile.i81P(i81* %from_app_V)"   --->   Core 5 'AXI4Stream' <Latency = 0> <II = 1> <Delay = 1.00> <Adapter> <Opcode : >
ST_1 : Operation 24 [1/1] (0.00ns)   --->   "%tmp_15 = trunc i81 %tmp25 to i64" [/home/user/galapagos/middleware/hls/network_bridge_ethernet/src/ethernet_bridge.cpp:19->/home/user/galapagos/middleware/hls/network_bridge_ethernet/src/ethernet_bridge.cpp:172]
ST_1 : Operation 25 [1/1] (0.83ns)   --->   "store i64 %tmp_15, i64* @app_packet_in_data_V, align 8" [/home/user/galapagos/middleware/hls/network_bridge_ethernet/src/ethernet_bridge.cpp:19->/home/user/galapagos/middleware/hls/network_bridge_ethernet/src/ethernet_bridge.cpp:172]
ST_1 : Operation 26 [1/1] (0.00ns)   --->   "%tmp_16 = call i1 @_ssdm_op_BitSelect.i1.i81.i32(i81 %tmp25, i32 64)" [/home/user/galapagos/middleware/hls/network_bridge_ethernet/src/ethernet_bridge.cpp:19->/home/user/galapagos/middleware/hls/network_bridge_ethernet/src/ethernet_bridge.cpp:172]
ST_1 : Operation 27 [1/1] (0.83ns)   --->   "store i1 %tmp_16, i1* @app_packet_in_last_V, align 8" [/home/user/galapagos/middleware/hls/network_bridge_ethernet/src/ethernet_bridge.cpp:19->/home/user/galapagos/middleware/hls/network_bridge_ethernet/src/ethernet_bridge.cpp:172]
ST_1 : Operation 28 [1/1] (0.00ns)   --->   "%tmp_tdest_V_load_new = call i8 @_ssdm_op_PartSelect.i8.i81.i32.i32(i81 %tmp25, i32 65, i32 72)" [/home/user/galapagos/middleware/hls/network_bridge_ethernet/src/ethernet_bridge.cpp:19->/home/user/galapagos/middleware/hls/network_bridge_ethernet/src/ethernet_bridge.cpp:172]
ST_1 : Operation 29 [1/1] (0.83ns)   --->   "store i8 %tmp_tdest_V_load_new, i8* @app_packet_in_tdest_s, align 1" [/home/user/galapagos/middleware/hls/network_bridge_ethernet/src/ethernet_bridge.cpp:19->/home/user/galapagos/middleware/hls/network_bridge_ethernet/src/ethernet_bridge.cpp:172]
ST_1 : Operation 30 [1/1] (0.00ns)   --->   "%tmp_tkeep_V_7_load_n = call i8 @_ssdm_op_PartSelect.i8.i81.i32.i32(i81 %tmp25, i32 73, i32 80)" [/home/user/galapagos/middleware/hls/network_bridge_ethernet/src/ethernet_bridge.cpp:19->/home/user/galapagos/middleware/hls/network_bridge_ethernet/src/ethernet_bridge.cpp:172]
ST_1 : Operation 31 [1/1] (0.00ns)   --->   "%tmp_i = zext i8 %tmp_tdest_V_load_new to i64" [/home/user/galapagos/middleware/hls/network_bridge_ethernet/src/ethernet_bridge.cpp:173]
ST_1 : Operation 32 [1/1] (0.00ns)   --->   "%mac_table_V_addr = getelementptr [256 x i48]* @mac_table_V, i64 0, i64 %tmp_i" [/home/user/galapagos/middleware/hls/network_bridge_ethernet/src/ethernet_bridge.cpp:173]
ST_1 : Operation 33 [2/2] (1.77ns)   --->   "%mac_table_V_load = load i48* %mac_table_V_addr, align 8" [/home/user/galapagos/middleware/hls/network_bridge_ethernet/src/ethernet_bridge.cpp:173]   --->   Core 37 'RAM' <Latency = 1> <II = 1> <Delay = 1.77> <Storage> <Opcode : 'load' 'store'> <Ports = 2> <Width = 48> <Depth = 256> <RAM>
ST_1 : Operation 34 [1/1] (1.08ns)   --->   "store i3 1, i3* @state_V, align 1" [/home/user/galapagos/middleware/hls/network_bridge_ethernet/src/ethernet_bridge.cpp:174]

 <State 2> : 1.77ns
ST_2 : Operation 35 [1/1] (0.00ns)   --->   "call void (...)* @_ssdm_op_SpecIFCore(i73* %to_eth_V, [1 x i8]* @p_str, [11 x i8]* @p_str2, [1 x i8]* @p_str, i32 -1, [1 x i8]* @p_str, [1 x i8]* @p_str, [1 x i8]* @p_str, [1 x i8]* @p_str, [1 x i8]* @p_str)"
ST_2 : Operation 36 [1/1] (0.00ns)   --->   "call void (...)* @_ssdm_op_SpecIFCore(i81* %from_app_V, [1 x i8]* @p_str, [11 x i8]* @p_str2, [1 x i8]* @p_str, i32 -1, [1 x i8]* @p_str, [1 x i8]* @p_str, [1 x i8]* @p_str, [1 x i8]* @p_str, [1 x i8]* @p_str)"
ST_2 : Operation 37 [1/1] (0.00ns)   --->   "call void (...)* @_ssdm_op_SpecInterface(i81* %from_app_V, [8 x i8]* @ap_fifo_str, i32 0, i32 0, [1 x i8]* @p_str, i32 0, i32 0, [1 x i8]* @p_str, [1 x i8]* @p_str, [1 x i8]* @p_str, i32 2, i32 2, i32 16, i32 16, [1 x i8]* @p_str, [1 x i8]* @p_str)"
ST_2 : Operation 38 [1/1] (0.00ns)   --->   "call void (...)* @_ssdm_op_SpecInterface(i73* %to_eth_V, [8 x i8]* @ap_fifo_str, i32 0, i32 0, [1 x i8]* @p_str, i32 0, i32 0, [1 x i8]* @p_str, [1 x i8]* @p_str, [1 x i8]* @p_str, i32 2, i32 2, i32 16, i32 16, [1 x i8]* @p_str, [1 x i8]* @p_str)"
ST_2 : Operation 39 [1/1] (0.00ns)   --->   "call void (...)* @_ssdm_op_SpecInterface(i48* %src_mac_address_V, [8 x i8]* @ap_fifo_str, i32 0, i32 0, [1 x i8]* @p_str, i32 0, i32 0, [1 x i8]* @p_str, [1 x i8]* @p_str, [1 x i8]* @p_str, i32 2, i32 2, i32 16, i32 16, [1 x i8]* @p_str, [1 x i8]* @p_str)"
ST_2 : Operation 40 [1/1] (1.75ns)   --->   "%p_Repl2_s = call i48 @_ssdm_op_Read.ap_fifo.i48P(i48* %src_mac_address_V)"   --->   Core 32 'FIFO' <Latency = 0> <II = 1> <Delay = 2.26> <Storage> <Opcode : 'read' 'write' 'nbread' 'nbwrite'> <Ports = 0> <Width = 48> <Depth = 2> <FIFO>
ST_2 : Operation 41 [1/1] (0.00ns)   --->   "call void (...)* @_ssdm_op_SpecPipeline(i32 1, i32 1, i32 1, i32 0, [1 x i8]* @p_str) nounwind" [/home/user/galapagos/middleware/hls/network_bridge_ethernet/src/ethernet_bridge.cpp:153]
ST_2 : Operation 42 [1/1] (0.00ns)   --->   "%p_Val2_s = load i96* @eth_dst_src_V, align 8" [/home/user/galapagos/middleware/hls/network_bridge_ethernet/src/ethernet_bridge.cpp:162]
ST_2 : Operation 43 [1/1] (0.00ns)   --->   "%p_Repl2_1 = load i48* @dest_mac_address_V, align 8" [/home/user/galapagos/middleware/hls/network_bridge_ethernet/src/ethernet_bridge.cpp:178]
ST_2 : Operation 44 [1/1] (0.00ns)   --->   "%tmp_tkeep_V = load i8* @app_packet_in_tkeep_s, align 1" [/home/user/galapagos/middleware/hls/network_bridge_ethernet/src/ethernet_bridge.cpp:201]
ST_2 : Operation 45 [1/1] (0.00ns)   --->   "br i1 %tmp_4, label %6, label %._crit_edge349.i" [/home/user/galapagos/middleware/hls/network_bridge_ethernet/src/ethernet_bridge.cpp:211]
ST_2 : Operation 46 [1/1] (0.83ns)   --->   "store i8 %tmp_tkeep_V_1, i8* @app_packet_in_tkeep_s, align 2" [/home/user/galapagos/middleware/hls/network_bridge_ethernet/src/ethernet_bridge.cpp:19->/home/user/galapagos/middleware/hls/network_bridge_ethernet/src/ethernet_bridge.cpp:212]
ST_2 : Operation 47 [1/1] (0.00ns)   --->   "%tmp_518 = call i73 @_ssdm_op_BitConcatenate.i73.i8.i65(i8 %tmp_tkeep_V_1, i65 %tmp_19)" [/home/user/galapagos/middleware/hls/network_bridge_ethernet/src/ethernet_bridge.cpp:219]
ST_2 : Operation 48 [1/1] (0.00ns)   --->   "call void @_ssdm_op_Write.ap_fifo.volatile.i73P(i73* %to_eth_V, i73 %tmp_518)" [/home/user/galapagos/middleware/hls/network_bridge_ethernet/src/ethernet_bridge.cpp:219]   --->   Core 5 'AXI4Stream' <Latency = 0> <II = 1> <Delay = 1.00> <Adapter> <Opcode : >
ST_2 : Operation 49 [1/1] (0.00ns)   --->   "br label %._crit_edge349.i" [/home/user/galapagos/middleware/hls/network_bridge_ethernet/src/ethernet_bridge.cpp:224]
ST_2 : Operation 50 [1/1] (0.00ns)   --->   "br label %.exit" [/home/user/galapagos/middleware/hls/network_bridge_ethernet/src/ethernet_bridge.cpp:225]
ST_2 : Operation 51 [1/1] (0.00ns)   --->   "%tmp_data_V = load i64* @app_packet_in_data_V, align 8" [/home/user/galapagos/middleware/hls/network_bridge_ethernet/src/ethernet_bridge.cpp:202]
ST_2 : Operation 52 [1/1] (0.00ns)   --->   "%tmp_3_2 = call i73 @_ssdm_op_BitConcatenate.i73.i8.i1.i64(i8 %tmp_tkeep_V, i1 %tmp_last_V, i64 %tmp_data_V)" [/home/user/galapagos/middleware/hls/network_bridge_ethernet/src/ethernet_bridge.cpp:204]
ST_2 : Operation 53 [1/1] (0.00ns)   --->   "call void @_ssdm_op_Write.ap_fifo.volatile.i73P(i73* %to_eth_V, i73 %tmp_3_2)" [/home/user/galapagos/middleware/hls/network_bridge_ethernet/src/ethernet_bridge.cpp:204]   --->   Core 5 'AXI4Stream' <Latency = 0> <II = 1> <Delay = 1.00> <Adapter> <Opcode : >
ST_2 : Operation 54 [1/1] (0.00ns)   --->   "br label %.exit" [/home/user/galapagos/middleware/hls/network_bridge_ethernet/src/ethernet_bridge.cpp:209]
ST_2 : Operation 55 [1/1] (0.00ns)   --->   "%app_packet_in_tdest_1 = load i8* @app_packet_in_tdest_s, align 1" [/home/user/galapagos/middleware/hls/network_bridge_ethernet/src/ethernet_bridge.cpp:190]
ST_2 : Operation 56 [1/1] (0.00ns)   --->   "%tmp_8 = call i8 @_ssdm_op_PartSelect.i8.i96.i32.i32(i96 %p_Val2_s, i32 24, i32 31)" [/home/user/galapagos/middleware/hls/network_bridge_ethernet/src/ethernet_bridge.cpp:162]
ST_2 : Operation 57 [1/1] (0.00ns)   --->   "%tmp_14 = trunc i96 %p_Val2_s to i8" [/home/user/galapagos/middleware/hls/network_bridge_ethernet/src/ethernet_bridge.cpp:162]
ST_2 : Operation 58 [1/1] (0.00ns)   --->   "%tmp_9 = call i8 @_ssdm_op_PartSelect.i8.i96.i32.i32(i96 %p_Val2_s, i32 16, i32 23)" [/home/user/galapagos/middleware/hls/network_bridge_ethernet/src/ethernet_bridge.cpp:162]
ST_2 : Operation 59 [1/1] (0.00ns)   --->   "%tmp_10 = call i8 @_ssdm_op_PartSelect.i8.i96.i32.i32(i96 %p_Val2_s, i32 8, i32 15)" [/home/user/galapagos/middleware/hls/network_bridge_ethernet/src/ethernet_bridge.cpp:162]
ST_2 : Operation 60 [1/1] (0.00ns)   --->   "%tmp_2_2 = call i73 @_ssdm_op_BitConcatenate.i73.i17.i8.i16.i8.i8.i8.i8(i17 -512, i8 %app_packet_in_tdest_1, i16 116, i8 %tmp_14, i8 %tmp_10, i8 %tmp_9, i8 %tmp_8)" [/home/user/galapagos/middleware/hls/network_bridge_ethernet/src/ethernet_bridge.cpp:195]
ST_2 : Operation 61 [1/1] (0.00ns)   --->   "call void @_ssdm_op_Write.ap_fifo.volatile.i73P(i73* %to_eth_V, i73 %tmp_2_2)" [/home/user/galapagos/middleware/hls/network_bridge_ethernet/src/ethernet_bridge.cpp:195]   --->   Core 5 'AXI4Stream' <Latency = 0> <II = 1> <Delay = 1.00> <Adapter> <Opcode : >
ST_2 : Operation 62 [1/1] (0.00ns)   --->   "br label %.exit" [/home/user/galapagos/middleware/hls/network_bridge_ethernet/src/ethernet_bridge.cpp:197]
ST_2 : Operation 63 [1/1] (0.00ns)   --->   "%p_Result_s = call i96 @_ssdm_op_BitConcatenate.i96.i48.i48(i48 %p_Repl2_1, i48 %p_Repl2_s)" [/home/user/galapagos/middleware/hls/network_bridge_ethernet/src/ethernet_bridge.cpp:178]
ST_2 : Operation 64 [1/1] (0.00ns)   --->   "store i96 %p_Result_s, i96* @eth_dst_src_V, align 8" [/home/user/galapagos/middleware/hls/network_bridge_ethernet/src/ethernet_bridge.cpp:178]
ST_2 : Operation 65 [1/1] (0.00ns)   --->   "%tmp_s = call i8 @_ssdm_op_PartSelect.i8.i48.i32.i32(i48 %p_Repl2_s, i32 32, i32 39)"
ST_2 : Operation 66 [1/1] (0.00ns)   --->   "%tmp_1 = call i8 @_ssdm_op_PartSelect.i8.i48.i32.i32(i48 %p_Repl2_1, i32 40, i32 47)" [/home/user/galapagos/middleware/hls/network_bridge_ethernet/src/ethernet_bridge.cpp:178]
ST_2 : Operation 67 [1/1] (0.00ns)   --->   "%tmp_2 = call i8 @_ssdm_op_PartSelect.i8.i48.i32.i32(i48 %p_Repl2_s, i32 40, i32 47)"
ST_2 : Operation 68 [1/1] (0.00ns)   --->   "%tmp_13 = trunc i48 %p_Repl2_1 to i8" [/home/user/galapagos/middleware/hls/network_bridge_ethernet/src/ethernet_bridge.cpp:178]
ST_2 : Operation 69 [1/1] (0.00ns)   --->   "%tmp_3 = call i8 @_ssdm_op_PartSelect.i8.i48.i32.i32(i48 %p_Repl2_1, i32 16, i32 23)" [/home/user/galapagos/middleware/hls/network_bridge_ethernet/src/ethernet_bridge.cpp:178]
ST_2 : Operation 70 [1/1] (0.00ns)   --->   "%tmp_5 = call i8 @_ssdm_op_PartSelect.i8.i48.i32.i32(i48 %p_Repl2_1, i32 32, i32 39)" [/home/user/galapagos/middleware/hls/network_bridge_ethernet/src/ethernet_bridge.cpp:178]
ST_2 : Operation 71 [1/1] (0.00ns)   --->   "%tmp_6 = call i8 @_ssdm_op_PartSelect.i8.i48.i32.i32(i48 %p_Repl2_1, i32 8, i32 15)" [/home/user/galapagos/middleware/hls/network_bridge_ethernet/src/ethernet_bridge.cpp:178]
ST_2 : Operation 72 [1/1] (0.00ns)   --->   "%tmp_7 = call i8 @_ssdm_op_PartSelect.i8.i48.i32.i32(i48 %p_Repl2_1, i32 24, i32 31)" [/home/user/galapagos/middleware/hls/network_bridge_ethernet/src/ethernet_bridge.cpp:178]
ST_2 : Operation 73 [1/1] (0.00ns)   --->   "%tmp_1_2 = call i73 @_ssdm_op_BitConcatenate.i73.i9.i8.i8.i8.i8.i8.i8.i8.i8(i9 -2, i8 %tmp_s, i8 %tmp_2, i8 %tmp_13, i8 %tmp_6, i8 %tmp_3, i8 %tmp_7, i8 %tmp_5, i8 %tmp_1)" [/home/user/galapagos/middleware/hls/network_bridge_ethernet/src/ethernet_bridge.cpp:184]
ST_2 : Operation 74 [1/1] (0.00ns)   --->   "call void @_ssdm_op_Write.ap_fifo.volatile.i73P(i73* %to_eth_V, i73 %tmp_1_2)" [/home/user/galapagos/middleware/hls/network_bridge_ethernet/src/ethernet_bridge.cpp:184]   --->   Core 5 'AXI4Stream' <Latency = 0> <II = 1> <Delay = 1.00> <Adapter> <Opcode : >
ST_2 : Operation 75 [1/1] (0.00ns)   --->   "br label %.exit" [/home/user/galapagos/middleware/hls/network_bridge_ethernet/src/ethernet_bridge.cpp:186]
ST_2 : Operation 76 [1/1] (0.00ns)   --->   "br i1 %tmp, label %1, label %._crit_edge348.i" [/home/user/galapagos/middleware/hls/network_bridge_ethernet/src/ethernet_bridge.cpp:171]
ST_2 : Operation 77 [1/1] (0.83ns)   --->   "store i8 %tmp_tkeep_V_7_load_n, i8* @app_packet_in_tkeep_s, align 2" [/home/user/galapagos/middleware/hls/network_bridge_ethernet/src/ethernet_bridge.cpp:19->/home/user/galapagos/middleware/hls/network_bridge_ethernet/src/ethernet_bridge.cpp:172]
ST_2 : Operation 78 [1/2] (1.77ns)   --->   "%mac_table_V_load = load i48* %mac_table_V_addr, align 8" [/home/user/galapagos/middleware/hls/network_bridge_ethernet/src/ethernet_bridge.cpp:173]   --->   Core 37 'RAM' <Latency = 1> <II = 1> <Delay = 1.77> <Storage> <Opcode : 'load' 'store'> <Ports = 2> <Width = 48> <Depth = 256> <RAM>
ST_2 : Operation 79 [1/1] (0.00ns)   --->   "store i48 %mac_table_V_load, i48* @dest_mac_address_V, align 8" [/home/user/galapagos/middleware/hls/network_bridge_ethernet/src/ethernet_bridge.cpp:173]
ST_2 : Operation 80 [1/1] (0.00ns)   --->   "br label %._crit_edge348.i" [/home/user/galapagos/middleware/hls/network_bridge_ethernet/src/ethernet_bridge.cpp:175]
ST_2 : Operation 81 [1/1] (0.00ns)   --->   "br label %.exit" [/home/user/galapagos/middleware/hls/network_bridge_ethernet/src/ethernet_bridge.cpp:176]
ST_2 : Operation 82 [1/1] (0.00ns)   --->   "ret void"


============================================================
+ Verbose Summary: Binding
============================================================
STG Binding: 
---------------- STG Properties BEGIN ----------------
- Is combinational: 0
- Is one-state seq: 0
- Is datapath-only: 0
- Is pipelined: 1
- Is top level: 0
Port [ Return ] is wired: 1; IO mode=ap_ctrl_hs:ce=0
Port [ from_app_V]:  wired=1; compound=1; hidden=0; nouse=0; global=0; static=0; extern=0; dir=0; type=3; pingpong=0; private_global=0; IO mode=ap_fifo:ce=0
Port [ to_eth_V]:  wired=1; compound=1; hidden=0; nouse=0; global=0; static=0; extern=0; dir=1; type=3; pingpong=0; private_global=0; IO mode=ap_fifo:ce=0
Port [ src_mac_address_V]:  wired=1; compound=1; hidden=0; nouse=0; global=0; static=0; extern=0; dir=0; type=3; pingpong=0; private_global=0; IO mode=ap_fifo:ce=0
Port [ eth_dst_src_V]:  wired=0; compound=0; hidden=1; nouse=0; global=1; static=1; extern=0; dir=2; type=0; pingpong=0; private_global=1; linkage=7; visibility=0; IO mode=ap_ovld:ce=0
Port [ state_V]:  wired=0; compound=0; hidden=1; nouse=0; global=1; static=1; extern=0; dir=2; type=0; pingpong=0; private_global=1; linkage=7; visibility=0; IO mode=ap_ovld:ce=0
Port [ app_packet_in_last_V]:  wired=0; compound=0; hidden=1; nouse=0; global=1; static=1; extern=0; dir=2; type=0; pingpong=0; private_global=1; linkage=7; visibility=0; IO mode=ap_ovld:ce=0
Port [ dest_mac_address_V]:  wired=0; compound=0; hidden=1; nouse=0; global=1; static=1; extern=0; dir=2; type=0; pingpong=0; private_global=1; linkage=7; visibility=0; IO mode=ap_ovld:ce=0
Port [ app_packet_in_tkeep_s]:  wired=0; compound=0; hidden=1; nouse=0; global=1; static=1; extern=0; dir=2; type=0; pingpong=0; private_global=1; linkage=7; visibility=0; IO mode=ap_ovld:ce=0
Port [ app_packet_in_data_V]:  wired=0; compound=0; hidden=1; nouse=0; global=1; static=1; extern=0; dir=2; type=0; pingpong=0; private_global=1; linkage=7; visibility=0; IO mode=ap_ovld:ce=0
Port [ app_packet_in_tdest_s]:  wired=0; compound=0; hidden=1; nouse=0; global=1; static=1; extern=0; dir=2; type=0; pingpong=0; private_global=1; linkage=7; visibility=0; IO mode=ap_ovld:ce=0
Port [ mac_table_V]:  wired=1; compound=1; hidden=0; nouse=0; global=1; static=0; extern=0; dir=0; type=1; pingpong=0; private_global=0; linkage=0; visibility=0; MemPort=[13]; IO mode=ap_memory:ce=0
---------------- STG Properties END ------------------

---------------- Datapath Model BEGIN ----------------

<LifeTime>
<method=bitvector/>
state_V_load          (load          ) [ 011]
tmp_last_V            (load          ) [ 011]
StgValue_5            (switch        ) [ 000]
tmp_4                 (nbreadreq     ) [ 011]
tmp_4_1               (read          ) [ 000]
tmp_data_V_1          (trunc         ) [ 000]
StgValue_9            (store         ) [ 000]
tmp_last_V_1          (bitselect     ) [ 000]
StgValue_11           (store         ) [ 000]
tmp_tdest_V_1_load_n  (partselect    ) [ 000]
StgValue_13           (store         ) [ 000]
tmp_tkeep_V_1         (partselect    ) [ 011]
tmp_19                (trunc         ) [ 011]
storemerge_i          (select        ) [ 000]
StgValue_17           (store         ) [ 000]
storemerge3_i         (select        ) [ 000]
StgValue_19           (store         ) [ 000]
StgValue_20           (store         ) [ 000]
StgValue_21           (store         ) [ 000]
tmp                   (nbreadreq     ) [ 011]
tmp25                 (read          ) [ 000]
tmp_15                (trunc         ) [ 000]
StgValue_25           (store         ) [ 000]
tmp_16                (bitselect     ) [ 000]
StgValue_27           (store         ) [ 000]
tmp_tdest_V_load_new  (partselect    ) [ 000]
StgValue_29           (store         ) [ 000]
tmp_tkeep_V_7_load_n  (partselect    ) [ 011]
tmp_i                 (zext          ) [ 000]
mac_table_V_addr      (getelementptr ) [ 011]
StgValue_34           (store         ) [ 000]
StgValue_35           (specifcore    ) [ 000]
StgValue_36           (specifcore    ) [ 000]
StgValue_37           (specinterface ) [ 000]
StgValue_38           (specinterface ) [ 000]
StgValue_39           (specinterface ) [ 000]
p_Repl2_s             (read          ) [ 000]
StgValue_41           (specpipeline  ) [ 000]
p_Val2_s              (load          ) [ 000]
p_Repl2_1             (load          ) [ 000]
tmp_tkeep_V           (load          ) [ 000]
StgValue_45           (br            ) [ 000]
StgValue_46           (store         ) [ 000]
tmp_518               (bitconcatenate) [ 000]
StgValue_48           (write         ) [ 000]
StgValue_49           (br            ) [ 000]
StgValue_50           (br            ) [ 000]
tmp_data_V            (load          ) [ 000]
tmp_3_2               (bitconcatenate) [ 000]
StgValue_53           (write         ) [ 000]
StgValue_54           (br            ) [ 000]
app_packet_in_tdest_1 (load          ) [ 000]
tmp_8                 (partselect    ) [ 000]
tmp_14                (trunc         ) [ 000]
tmp_9                 (partselect    ) [ 000]
tmp_10                (partselect    ) [ 000]
tmp_2_2               (bitconcatenate) [ 000]
StgValue_61           (write         ) [ 000]
StgValue_62           (br            ) [ 000]
p_Result_s            (bitconcatenate) [ 000]
StgValue_64           (store         ) [ 000]
tmp_s                 (partselect    ) [ 000]
tmp_1                 (partselect    ) [ 000]
tmp_2                 (partselect    ) [ 000]
tmp_13                (trunc         ) [ 000]
tmp_3                 (partselect    ) [ 000]
tmp_5                 (partselect    ) [ 000]
tmp_6                 (partselect    ) [ 000]
tmp_7                 (partselect    ) [ 000]
tmp_1_2               (bitconcatenate) [ 000]
StgValue_74           (write         ) [ 000]
StgValue_75           (br            ) [ 000]
StgValue_76           (br            ) [ 000]
StgValue_77           (store         ) [ 000]
mac_table_V_load      (load          ) [ 000]
StgValue_79           (store         ) [ 000]
StgValue_80           (br            ) [ 000]
StgValue_81           (br            ) [ 000]
StgValue_82           (ret           ) [ 000]
</LifeTime>

<model>

<comp_list>
<comp id="0" class="1000" name="from_app_V">
<pin_list>
<pin id="1" dir="1" index="0" bw="1" slack="0"/>
</pin_list>
<bind>
<StgValue><ssdm name="from_app_V"/></StgValue>
</bind>
</comp>

<comp id="2" class="1000" name="to_eth_V">
<pin_list>
<pin id="3" dir="1" index="0" bw="1" slack="0"/>
</pin_list>
<bind>
<StgValue><ssdm name="to_eth_V"/></StgValue>
</bind>
</comp>

<comp id="4" class="1000" name="src_mac_address_V">
<pin_list>
<pin id="5" dir="1" index="0" bw="1" slack="0"/>
</pin_list>
<bind>
<StgValue><ssdm name="src_mac_address_V"/></StgValue>
</bind>
</comp>

<comp id="6" class="1000" name="eth_dst_src_V">
<pin_list>
<pin id="7" dir="1" index="0" bw="1" slack="0"/>
</pin_list>
<bind>
<StgValue><ssdm name="eth_dst_src_V"/></StgValue>
</bind>
</comp>

<comp id="8" class="1000" name="state_V">
<pin_list>
<pin id="9" dir="1" index="0" bw="1" slack="0"/>
</pin_list>
<bind>
<StgValue><ssdm name="state_V"/></StgValue>
</bind>
</comp>

<comp id="10" class="1000" name="app_packet_in_last_V">
<pin_list>
<pin id="11" dir="1" index="0" bw="1" slack="0"/>
</pin_list>
<bind>
<StgValue><ssdm name="app_packet_in_last_V"/></StgValue>
</bind>
</comp>

<comp id="12" class="1000" name="dest_mac_address_V">
<pin_list>
<pin id="13" dir="1" index="0" bw="1" slack="0"/>
</pin_list>
<bind>
<StgValue><ssdm name="dest_mac_address_V"/></StgValue>
</bind>
</comp>

<comp id="14" class="1000" name="app_packet_in_tkeep_s">
<pin_list>
<pin id="15" dir="1" index="0" bw="1" slack="0"/>
</pin_list>
<bind>
<StgValue><ssdm name="app_packet_in_tkeep_s"/></StgValue>
</bind>
</comp>

<comp id="16" class="1000" name="app_packet_in_data_V">
<pin_list>
<pin id="17" dir="1" index="0" bw="1" slack="0"/>
</pin_list>
<bind>
<StgValue><ssdm name="app_packet_in_data_V"/></StgValue>
</bind>
</comp>

<comp id="18" class="1000" name="app_packet_in_tdest_s">
<pin_list>
<pin id="19" dir="1" index="0" bw="1" slack="0"/>
</pin_list>
<bind>
<StgValue><ssdm name="app_packet_in_tdest_s"/></StgValue>
</bind>
</comp>

<comp id="20" class="1000" name="mac_table_V">
<pin_list>
<pin id="21" dir="1" index="0" bw="1" slack="0"/>
</pin_list>
<bind>
<StgValue><ssdm name="mac_table_V"/><MemPortTyVec>1 3 </MemPortTyVec>
</StgValue>
</bind>
</comp>

<comp id="22" class="1001" name="const_22">
<pin_list>
<pin id="23" dir="1" index="0" bw="1" slack="0"/>
</pin_list>
<bind>
<StgValue><ssdm name=""/></StgValue>
</bind>
</comp>

<comp id="24" class="1001" name="const_24">
<pin_list>
<pin id="25" dir="1" index="0" bw="1" slack="0"/>
</pin_list>
<bind>
<StgValue><ssdm name=""/></StgValue>
</bind>
</comp>

<comp id="26" class="1001" name="const_26">
<pin_list>
<pin id="27" dir="1" index="0" bw="1" slack="0"/>
</pin_list>
<bind>
<StgValue><ssdm name=""/></StgValue>
</bind>
</comp>

<comp id="28" class="1001" name="const_28">
<pin_list>
<pin id="29" dir="1" index="0" bw="1" slack="0"/>
</pin_list>
<bind>
<StgValue><ssdm name=""/></StgValue>
</bind>
</comp>

<comp id="30" class="1001" name="const_30">
<pin_list>
<pin id="31" dir="1" index="0" bw="1" slack="0"/>
</pin_list>
<bind>
<StgValue><ssdm name=""/></StgValue>
</bind>
</comp>

<comp id="32" class="1001" name="const_32">
<pin_list>
<pin id="33" dir="1" index="0" bw="1" slack="0"/>
</pin_list>
<bind>
<StgValue><ssdm name="_ssdm_op_NbReadReq.ap_fifo.i81P"/></StgValue>
</bind>
</comp>

<comp id="34" class="1001" name="const_34">
<pin_list>
<pin id="35" dir="1" index="0" bw="1" slack="0"/>
</pin_list>
<bind>
<StgValue><ssdm name=""/></StgValue>
</bind>
</comp>

<comp id="36" class="1001" name="const_36">
<pin_list>
<pin id="37" dir="1" index="0" bw="1" slack="0"/>
</pin_list>
<bind>
<StgValue><ssdm name="_ssdm_op_Read.ap_fifo.volatile.i81P"/></StgValue>
</bind>
</comp>

<comp id="38" class="1001" name="const_38">
<pin_list>
<pin id="39" dir="1" index="0" bw="1" slack="0"/>
</pin_list>
<bind>
<StgValue><ssdm name="_ssdm_op_BitSelect.i1.i81.i32"/></StgValue>
</bind>
</comp>

<comp id="40" class="1001" name="const_40">
<pin_list>
<pin id="41" dir="1" index="0" bw="1" slack="0"/>
</pin_list>
<bind>
<StgValue><ssdm name=""/></StgValue>
</bind>
</comp>

<comp id="42" class="1001" name="const_42">
<pin_list>
<pin id="43" dir="1" index="0" bw="1" slack="0"/>
</pin_list>
<bind>
<StgValue><ssdm name="_ssdm_op_PartSelect.i8.i81.i32.i32"/></StgValue>
</bind>
</comp>

<comp id="44" class="1001" name="const_44">
<pin_list>
<pin id="45" dir="1" index="0" bw="1" slack="0"/>
</pin_list>
<bind>
<StgValue><ssdm name=""/></StgValue>
</bind>
</comp>

<comp id="46" class="1001" name="const_46">
<pin_list>
<pin id="47" dir="1" index="0" bw="1" slack="0"/>
</pin_list>
<bind>
<StgValue><ssdm name=""/></StgValue>
</bind>
</comp>

<comp id="48" class="1001" name="const_48">
<pin_list>
<pin id="49" dir="1" index="0" bw="1" slack="0"/>
</pin_list>
<bind>
<StgValue><ssdm name=""/></StgValue>
</bind>
</comp>

<comp id="50" class="1001" name="const_50">
<pin_list>
<pin id="51" dir="1" index="0" bw="1" slack="0"/>
</pin_list>
<bind>
<StgValue><ssdm name=""/></StgValue>
</bind>
</comp>

<comp id="52" class="1001" name="const_52">
<pin_list>
<pin id="53" dir="1" index="0" bw="1" slack="0"/>
</pin_list>
<bind>
<StgValue><ssdm name=""/></StgValue>
</bind>
</comp>

<comp id="54" class="1001" name="const_54">
<pin_list>
<pin id="55" dir="1" index="0" bw="1" slack="2147483647"/>
</pin_list>
<bind>
<StgValue><ssdm name="_ssdm_op_SpecIFCore"/></StgValue>
</bind>
</comp>

<comp id="56" class="1001" name="const_56">
<pin_list>
<pin id="57" dir="1" index="0" bw="1" slack="2147483647"/>
</pin_list>
<bind>
<StgValue><ssdm name="p_str"/></StgValue>
</bind>
</comp>

<comp id="58" class="1001" name="const_58">
<pin_list>
<pin id="59" dir="1" index="0" bw="1" slack="2147483647"/>
</pin_list>
<bind>
<StgValue><ssdm name="p_str2"/></StgValue>
</bind>
</comp>

<comp id="60" class="1001" name="const_60">
<pin_list>
<pin id="61" dir="1" index="0" bw="1" slack="2147483647"/>
</pin_list>
<bind>
<StgValue><ssdm name=""/></StgValue>
</bind>
</comp>

<comp id="62" class="1001" name="const_62">
<pin_list>
<pin id="63" dir="1" index="0" bw="1" slack="2147483647"/>
</pin_list>
<bind>
<StgValue><ssdm name="_ssdm_op_SpecInterface"/></StgValue>
</bind>
</comp>

<comp id="64" class="1001" name="const_64">
<pin_list>
<pin id="65" dir="1" index="0" bw="1" slack="2147483647"/>
</pin_list>
<bind>
<StgValue><ssdm name="ap_fifo_str"/></StgValue>
</bind>
</comp>

<comp id="66" class="1001" name="const_66">
<pin_list>
<pin id="67" dir="1" index="0" bw="1" slack="2147483647"/>
</pin_list>
<bind>
<StgValue><ssdm name=""/></StgValue>
</bind>
</comp>

<comp id="68" class="1001" name="const_68">
<pin_list>
<pin id="69" dir="1" index="0" bw="1" slack="2147483647"/>
</pin_list>
<bind>
<StgValue><ssdm name=""/></StgValue>
</bind>
</comp>

<comp id="70" class="1001" name="const_70">
<pin_list>
<pin id="71" dir="1" index="0" bw="1" slack="0"/>
</pin_list>
<bind>
<StgValue><ssdm name=""/></StgValue>
</bind>
</comp>

<comp id="72" class="1001" name="const_72">
<pin_list>
<pin id="73" dir="1" index="0" bw="1" slack="0"/>
</pin_list>
<bind>
<StgValue><ssdm name="_ssdm_op_Read.ap_fifo.i48P"/></StgValue>
</bind>
</comp>

<comp id="74" class="1001" name="const_74">
<pin_list>
<pin id="75" dir="1" index="0" bw="1" slack="2147483647"/>
</pin_list>
<bind>
<StgValue><ssdm name="_ssdm_op_SpecPipeline"/></StgValue>
</bind>
</comp>

<comp id="76" class="1001" name="const_76">
<pin_list>
<pin id="77" dir="1" index="0" bw="1" slack="0"/>
</pin_list>
<bind>
<StgValue><ssdm name="_ssdm_op_BitConcatenate.i73.i8.i65"/></StgValue>
</bind>
</comp>

<comp id="78" class="1001" name="const_78">
<pin_list>
<pin id="79" dir="1" index="0" bw="1" slack="0"/>
</pin_list>
<bind>
<StgValue><ssdm name="_ssdm_op_Write.ap_fifo.volatile.i73P"/></StgValue>
</bind>
</comp>

<comp id="80" class="1001" name="const_80">
<pin_list>
<pin id="81" dir="1" index="0" bw="1" slack="0"/>
</pin_list>
<bind>
<StgValue><ssdm name="_ssdm_op_BitConcatenate.i73.i8.i1.i64"/></StgValue>
</bind>
</comp>

<comp id="82" class="1001" name="const_82">
<pin_list>
<pin id="83" dir="1" index="0" bw="1" slack="0"/>
</pin_list>
<bind>
<StgValue><ssdm name="_ssdm_op_PartSelect.i8.i96.i32.i32"/></StgValue>
</bind>
</comp>

<comp id="84" class="1001" name="const_84">
<pin_list>
<pin id="85" dir="1" index="0" bw="1" slack="0"/>
</pin_list>
<bind>
<StgValue><ssdm name=""/></StgValue>
</bind>
</comp>

<comp id="86" class="1001" name="const_86">
<pin_list>
<pin id="87" dir="1" index="0" bw="1" slack="0"/>
</pin_list>
<bind>
<StgValue><ssdm name=""/></StgValue>
</bind>
</comp>

<comp id="88" class="1001" name="const_88">
<pin_list>
<pin id="89" dir="1" index="0" bw="1" slack="0"/>
</pin_list>
<bind>
<StgValue><ssdm name=""/></StgValue>
</bind>
</comp>

<comp id="90" class="1001" name="const_90">
<pin_list>
<pin id="91" dir="1" index="0" bw="1" slack="0"/>
</pin_list>
<bind>
<StgValue><ssdm name=""/></StgValue>
</bind>
</comp>

<comp id="92" class="1001" name="const_92">
<pin_list>
<pin id="93" dir="1" index="0" bw="1" slack="0"/>
</pin_list>
<bind>
<StgValue><ssdm name=""/></StgValue>
</bind>
</comp>

<comp id="94" class="1001" name="const_94">
<pin_list>
<pin id="95" dir="1" index="0" bw="1" slack="0"/>
</pin_list>
<bind>
<StgValue><ssdm name="_ssdm_op_BitConcatenate.i73.i17.i8.i16.i8.i8.i8.i8"/></StgValue>
</bind>
</comp>

<comp id="96" class="1001" name="const_96">
<pin_list>
<pin id="97" dir="1" index="0" bw="1" slack="0"/>
</pin_list>
<bind>
<StgValue><ssdm name=""/></StgValue>
</bind>
</comp>

<comp id="98" class="1001" name="const_98">
<pin_list>
<pin id="99" dir="1" index="0" bw="1" slack="0"/>
</pin_list>
<bind>
<StgValue><ssdm name=""/></StgValue>
</bind>
</comp>

<comp id="100" class="1001" name="const_100">
<pin_list>
<pin id="101" dir="1" index="0" bw="1" slack="0"/>
</pin_list>
<bind>
<StgValue><ssdm name="_ssdm_op_BitConcatenate.i96.i48.i48"/></StgValue>
</bind>
</comp>

<comp id="102" class="1001" name="const_102">
<pin_list>
<pin id="103" dir="1" index="0" bw="1" slack="0"/>
</pin_list>
<bind>
<StgValue><ssdm name="_ssdm_op_PartSelect.i8.i48.i32.i32"/></StgValue>
</bind>
</comp>

<comp id="104" class="1001" name="const_104">
<pin_list>
<pin id="105" dir="1" index="0" bw="1" slack="0"/>
</pin_list>
<bind>
<StgValue><ssdm name=""/></StgValue>
</bind>
</comp>

<comp id="106" class="1001" name="const_106">
<pin_list>
<pin id="107" dir="1" index="0" bw="1" slack="0"/>
</pin_list>
<bind>
<StgValue><ssdm name=""/></StgValue>
</bind>
</comp>

<comp id="108" class="1001" name="const_108">
<pin_list>
<pin id="109" dir="1" index="0" bw="1" slack="0"/>
</pin_list>
<bind>
<StgValue><ssdm name=""/></StgValue>
</bind>
</comp>

<comp id="110" class="1001" name="const_110">
<pin_list>
<pin id="111" dir="1" index="0" bw="1" slack="0"/>
</pin_list>
<bind>
<StgValue><ssdm name=""/></StgValue>
</bind>
</comp>

<comp id="112" class="1001" name="const_112">
<pin_list>
<pin id="113" dir="1" index="0" bw="1" slack="0"/>
</pin_list>
<bind>
<StgValue><ssdm name="_ssdm_op_BitConcatenate.i73.i9.i8.i8.i8.i8.i8.i8.i8.i8"/></StgValue>
</bind>
</comp>

<comp id="114" class="1001" name="const_114">
<pin_list>
<pin id="115" dir="1" index="0" bw="1" slack="0"/>
</pin_list>
<bind>
<StgValue><ssdm name=""/></StgValue>
</bind>
</comp>

<comp id="116" class="1004" name="grp_nbreadreq_fu_116">
<pin_list>
<pin id="117" dir="0" index="0" bw="1" slack="0"/>
<pin id="118" dir="0" index="1" bw="81" slack="0"/>
<pin id="119" dir="0" index="2" bw="1" slack="0"/>
<pin id="120" dir="1" index="3" bw="1" slack="1"/>
</pin_list>
<bind>
<opcode="nbreadreq(1156) " fcode="nbreadreq"/>
<opset="tmp_4/1 tmp/1 "/>
</bind>
</comp>

<comp id="124" class="1004" name="grp_read_fu_124">
<pin_list>
<pin id="125" dir="0" index="0" bw="81" slack="0"/>
<pin id="126" dir="0" index="1" bw="81" slack="0"/>
<pin id="127" dir="1" index="2" bw="81" slack="0"/>
</pin_list>
<bind>
<opcode="read(1150) " fcode="read"/>
<opset="tmp_4_1/1 tmp25/1 "/>
</bind>
</comp>

<comp id="130" class="1004" name="p_Repl2_s_read_fu_130">
<pin_list>
<pin id="131" dir="0" index="0" bw="48" slack="0"/>
<pin id="132" dir="0" index="1" bw="48" slack="0"/>
<pin id="133" dir="1" index="2" bw="48" slack="0"/>
</pin_list>
<bind>
<opcode="read(1150) " fcode="read"/>
<opset="p_Repl2_s/2 "/>
</bind>
</comp>

<comp id="136" class="1004" name="grp_write_fu_136">
<pin_list>
<pin id="137" dir="0" index="0" bw="0" slack="0"/>
<pin id="138" dir="0" index="1" bw="73" slack="0"/>
<pin id="139" dir="0" index="2" bw="73" slack="0"/>
<pin id="140" dir="1" index="3" bw="0" slack="2147483647"/>
</pin_list>
<bind>
<opcode="write(1151) " fcode="write"/>
<opset="StgValue_48/2 StgValue_53/2 StgValue_61/2 StgValue_74/2 "/>
</bind>
</comp>

<comp id="143" class="1004" name="mac_table_V_addr_gep_fu_143">
<pin_list>
<pin id="144" dir="0" index="0" bw="48" slack="0"/>
<pin id="145" dir="0" index="1" bw="1" slack="0"/>
<pin id="146" dir="0" index="2" bw="8" slack="0"/>
<pin id="147" dir="1" index="3" bw="8" slack="0"/>
</pin_list>
<bind>
<opcode="getelementptr(29) " fcode="getelementptr"/>
<opset="mac_table_V_addr/1 "/>
</bind>
</comp>

<comp id="150" class="1004" name="grp_access_fu_150">
<pin_list>
<pin id="151" dir="0" index="0" bw="8" slack="0"/>
<pin id="152" dir="0" index="1" bw="48" slack="2147483647"/>
<pin id="153" dir="1" index="2" bw="48" slack="0"/>
</pin_list>
<bind>
<opcode="load(27) " fcode="load"/>
<opset="mac_table_V_load/1 "/>
</bind>
</comp>

<comp id="155" class="1004" name="grp_fu_155">
<pin_list>
<pin id="156" dir="0" index="0" bw="1" slack="0"/>
<pin id="157" dir="0" index="1" bw="81" slack="0"/>
<pin id="158" dir="0" index="2" bw="8" slack="0"/>
<pin id="159" dir="1" index="3" bw="1" slack="0"/>
</pin_list>
<bind>
<opcode="bitselect(1000) " fcode="bitselect"/>
<opset="tmp_last_V_1/1 tmp_16/1 "/>
</bind>
</comp>

<comp id="163" class="1004" name="grp_store_fu_163">
<pin_list>
<pin id="164" dir="0" index="0" bw="1" slack="0"/>
<pin id="165" dir="0" index="1" bw="1" slack="0"/>
<pin id="166" dir="1" index="2" bw="0" slack="2147483647"/>
</pin_list>
<bind>
<opcode="store(28) " fcode="store"/>
<opset="StgValue_11/1 StgValue_27/1 "/>
</bind>
</comp>

<comp id="169" class="1004" name="grp_fu_169">
<pin_list>
<pin id="170" dir="0" index="0" bw="8" slack="0"/>
<pin id="171" dir="0" index="1" bw="81" slack="0"/>
<pin id="172" dir="0" index="2" bw="8" slack="0"/>
<pin id="173" dir="0" index="3" bw="8" slack="0"/>
<pin id="174" dir="1" index="4" bw="8" slack="0"/>
</pin_list>
<bind>
<opcode="partselect(1002) " fcode="partselect"/>
<opset="tmp_tdest_V_1_load_n/1 tmp_tdest_V_load_new/1 "/>
</bind>
</comp>

<comp id="179" class="1004" name="grp_store_fu_179">
<pin_list>
<pin id="180" dir="0" index="0" bw="8" slack="0"/>
<pin id="181" dir="0" index="1" bw="8" slack="0"/>
<pin id="182" dir="1" index="2" bw="0" slack="2147483647"/>
</pin_list>
<bind>
<opcode="store(28) " fcode="store"/>
<opset="StgValue_13/1 StgValue_29/1 "/>
</bind>
</comp>

<comp id="185" class="1004" name="grp_fu_185">
<pin_list>
<pin id="186" dir="0" index="0" bw="8" slack="0"/>
<pin id="187" dir="0" index="1" bw="81" slack="0"/>
<pin id="188" dir="0" index="2" bw="8" slack="0"/>
<pin id="189" dir="0" index="3" bw="8" slack="0"/>
<pin id="190" dir="1" index="4" bw="8" slack="1"/>
</pin_list>
<bind>
<opcode="partselect(1002) " fcode="partselect"/>
<opset="tmp_tkeep_V_1/1 tmp_tkeep_V_7_load_n/1 "/>
</bind>
</comp>

<comp id="195" class="1005" name="reg_195">
<pin_list>
<pin id="196" dir="0" index="0" bw="8" slack="1"/>
<pin id="197" dir="1" index="1" bw="8" slack="1"/>
</pin_list>
<bind>
<opset="tmp_tkeep_V_1 tmp_tkeep_V_7_load_n "/>
</bind>
</comp>

<comp id="199" class="1004" name="grp_store_fu_199">
<pin_list>
<pin id="200" dir="0" index="0" bw="8" slack="1"/>
<pin id="201" dir="0" index="1" bw="8" slack="0"/>
<pin id="202" dir="1" index="2" bw="0" slack="2147483647"/>
</pin_list>
<bind>
<opcode="store(28) " fcode="store"/>
<opset="StgValue_46/2 StgValue_77/2 "/>
</bind>
</comp>

<comp id="205" class="1004" name="state_V_load_load_fu_205">
<pin_list>
<pin id="206" dir="0" index="0" bw="3" slack="0"/>
<pin id="207" dir="1" index="1" bw="3" slack="1"/>
</pin_list>
<bind>
<opcode="load(27) " fcode="load"/>
<opset="state_V_load/1 "/>
</bind>
</comp>

<comp id="209" class="1004" name="tmp_last_V_load_fu_209">
<pin_list>
<pin id="210" dir="0" index="0" bw="1" slack="0"/>
<pin id="211" dir="1" index="1" bw="1" slack="0"/>
</pin_list>
<bind>
<opcode="load(27) " fcode="load"/>
<opset="tmp_last_V/1 "/>
</bind>
</comp>

<comp id="213" class="1004" name="tmp_data_V_1_fu_213">
<pin_list>
<pin id="214" dir="0" index="0" bw="81" slack="0"/>
<pin id="215" dir="1" index="1" bw="64" slack="0"/>
</pin_list>
<bind>
<opcode="trunc(33) " fcode="trunc"/>
<opset="tmp_data_V_1/1 "/>
</bind>
</comp>

<comp id="217" class="1004" name="StgValue_9_store_fu_217">
<pin_list>
<pin id="218" dir="0" index="0" bw="64" slack="0"/>
<pin id="219" dir="0" index="1" bw="64" slack="0"/>
<pin id="220" dir="1" index="2" bw="0" slack="2147483647"/>
</pin_list>
<bind>
<opcode="store(28) " fcode="store"/>
<opset="StgValue_9/1 "/>
</bind>
</comp>

<comp id="223" class="1004" name="tmp_19_fu_223">
<pin_list>
<pin id="224" dir="0" index="0" bw="81" slack="0"/>
<pin id="225" dir="1" index="1" bw="65" slack="1"/>
</pin_list>
<bind>
<opcode="trunc(33) " fcode="trunc"/>
<opset="tmp_19/1 "/>
</bind>
</comp>

<comp id="227" class="1004" name="storemerge_i_fu_227">
<pin_list>
<pin id="228" dir="0" index="0" bw="1" slack="0"/>
<pin id="229" dir="0" index="1" bw="3" slack="0"/>
<pin id="230" dir="0" index="2" bw="3" slack="0"/>
<pin id="231" dir="1" index="3" bw="3" slack="0"/>
</pin_list>
<bind>
<opcode="select(49) " fcode="select"/>
<opset="storemerge_i/1 "/>
</bind>
</comp>

<comp id="235" class="1004" name="StgValue_17_store_fu_235">
<pin_list>
<pin id="236" dir="0" index="0" bw="3" slack="0"/>
<pin id="237" dir="0" index="1" bw="3" slack="0"/>
<pin id="238" dir="1" index="2" bw="0" slack="2147483647"/>
</pin_list>
<bind>
<opcode="store(28) " fcode="store"/>
<opset="StgValue_17/1 "/>
</bind>
</comp>

<comp id="241" class="1004" name="storemerge3_i_fu_241">
<pin_list>
<pin id="242" dir="0" index="0" bw="1" slack="0"/>
<pin id="243" dir="0" index="1" bw="3" slack="0"/>
<pin id="244" dir="0" index="2" bw="3" slack="0"/>
<pin id="245" dir="1" index="3" bw="3" slack="0"/>
</pin_list>
<bind>
<opcode="select(49) " fcode="select"/>
<opset="storemerge3_i/1 "/>
</bind>
</comp>

<comp id="249" class="1004" name="StgValue_19_store_fu_249">
<pin_list>
<pin id="250" dir="0" index="0" bw="3" slack="0"/>
<pin id="251" dir="0" index="1" bw="3" slack="0"/>
<pin id="252" dir="1" index="2" bw="0" slack="2147483647"/>
</pin_list>
<bind>
<opcode="store(28) " fcode="store"/>
<opset="StgValue_19/1 "/>
</bind>
</comp>

<comp id="255" class="1004" name="StgValue_20_store_fu_255">
<pin_list>
<pin id="256" dir="0" index="0" bw="3" slack="0"/>
<pin id="257" dir="0" index="1" bw="3" slack="0"/>
<pin id="258" dir="1" index="2" bw="0" slack="2147483647"/>
</pin_list>
<bind>
<opcode="store(28) " fcode="store"/>
<opset="StgValue_20/1 "/>
</bind>
</comp>

<comp id="261" class="1004" name="StgValue_21_store_fu_261">
<pin_list>
<pin id="262" dir="0" index="0" bw="3" slack="0"/>
<pin id="263" dir="0" index="1" bw="3" slack="0"/>
<pin id="264" dir="1" index="2" bw="0" slack="2147483647"/>
</pin_list>
<bind>
<opcode="store(28) " fcode="store"/>
<opset="StgValue_21/1 "/>
</bind>
</comp>

<comp id="267" class="1004" name="tmp_15_fu_267">
<pin_list>
<pin id="268" dir="0" index="0" bw="81" slack="0"/>
<pin id="269" dir="1" index="1" bw="64" slack="0"/>
</pin_list>
<bind>
<opcode="trunc(33) " fcode="trunc"/>
<opset="tmp_15/1 "/>
</bind>
</comp>

<comp id="271" class="1004" name="StgValue_25_store_fu_271">
<pin_list>
<pin id="272" dir="0" index="0" bw="64" slack="0"/>
<pin id="273" dir="0" index="1" bw="64" slack="0"/>
<pin id="274" dir="1" index="2" bw="0" slack="2147483647"/>
</pin_list>
<bind>
<opcode="store(28) " fcode="store"/>
<opset="StgValue_25/1 "/>
</bind>
</comp>

<comp id="277" class="1004" name="tmp_i_fu_277">
<pin_list>
<pin id="278" dir="0" index="0" bw="8" slack="0"/>
<pin id="279" dir="1" index="1" bw="64" slack="0"/>
</pin_list>
<bind>
<opcode="zext(34) " fcode="zext"/>
<opset="tmp_i/1 "/>
</bind>
</comp>

<comp id="282" class="1004" name="StgValue_34_store_fu_282">
<pin_list>
<pin id="283" dir="0" index="0" bw="1" slack="0"/>
<pin id="284" dir="0" index="1" bw="3" slack="0"/>
<pin id="285" dir="1" index="2" bw="0" slack="2147483647"/>
</pin_list>
<bind>
<opcode="store(28) " fcode="store"/>
<opset="StgValue_34/1 "/>
</bind>
</comp>

<comp id="288" class="1004" name="p_Val2_s_load_fu_288">
<pin_list>
<pin id="289" dir="0" index="0" bw="96" slack="0"/>
<pin id="290" dir="1" index="1" bw="96" slack="0"/>
</pin_list>
<bind>
<opcode="load(27) " fcode="load"/>
<opset="p_Val2_s/2 "/>
</bind>
</comp>

<comp id="292" class="1004" name="p_Repl2_1_load_fu_292">
<pin_list>
<pin id="293" dir="0" index="0" bw="48" slack="0"/>
<pin id="294" dir="1" index="1" bw="48" slack="0"/>
</pin_list>
<bind>
<opcode="load(27) " fcode="load"/>
<opset="p_Repl2_1/2 "/>
</bind>
</comp>

<comp id="296" class="1004" name="tmp_tkeep_V_load_fu_296">
<pin_list>
<pin id="297" dir="0" index="0" bw="8" slack="0"/>
<pin id="298" dir="1" index="1" bw="8" slack="0"/>
</pin_list>
<bind>
<opcode="load(27) " fcode="load"/>
<opset="tmp_tkeep_V/2 "/>
</bind>
</comp>

<comp id="300" class="1004" name="tmp_518_fu_300">
<pin_list>
<pin id="301" dir="0" index="0" bw="73" slack="0"/>
<pin id="302" dir="0" index="1" bw="8" slack="1"/>
<pin id="303" dir="0" index="2" bw="65" slack="1"/>
<pin id="304" dir="1" index="3" bw="73" slack="0"/>
</pin_list>
<bind>
<opcode="bitconcatenate(1004) " fcode="bitconcatenate"/>
<opset="tmp_518/2 "/>
</bind>
</comp>

<comp id="308" class="1004" name="tmp_data_V_load_fu_308">
<pin_list>
<pin id="309" dir="0" index="0" bw="64" slack="0"/>
<pin id="310" dir="1" index="1" bw="64" slack="0"/>
</pin_list>
<bind>
<opcode="load(27) " fcode="load"/>
<opset="tmp_data_V/2 "/>
</bind>
</comp>

<comp id="312" class="1004" name="tmp_3_2_fu_312">
<pin_list>
<pin id="313" dir="0" index="0" bw="73" slack="0"/>
<pin id="314" dir="0" index="1" bw="8" slack="0"/>
<pin id="315" dir="0" index="2" bw="1" slack="1"/>
<pin id="316" dir="0" index="3" bw="64" slack="0"/>
<pin id="317" dir="1" index="4" bw="73" slack="0"/>
</pin_list>
<bind>
<opcode="bitconcatenate(1004) " fcode="bitconcatenate"/>
<opset="tmp_3_2/2 "/>
</bind>
</comp>

<comp id="322" class="1004" name="app_packet_in_tdest_1_load_fu_322">
<pin_list>
<pin id="323" dir="0" index="0" bw="8" slack="0"/>
<pin id="324" dir="1" index="1" bw="8" slack="0"/>
</pin_list>
<bind>
<opcode="load(27) " fcode="load"/>
<opset="app_packet_in_tdest_1/2 "/>
</bind>
</comp>

<comp id="326" class="1004" name="tmp_8_fu_326">
<pin_list>
<pin id="327" dir="0" index="0" bw="8" slack="0"/>
<pin id="328" dir="0" index="1" bw="96" slack="0"/>
<pin id="329" dir="0" index="2" bw="6" slack="0"/>
<pin id="330" dir="0" index="3" bw="6" slack="0"/>
<pin id="331" dir="1" index="4" bw="8" slack="0"/>
</pin_list>
<bind>
<opcode="partselect(1002) " fcode="partselect"/>
<opset="tmp_8/2 "/>
</bind>
</comp>

<comp id="336" class="1004" name="tmp_14_fu_336">
<pin_list>
<pin id="337" dir="0" index="0" bw="96" slack="0"/>
<pin id="338" dir="1" index="1" bw="8" slack="0"/>
</pin_list>
<bind>
<opcode="trunc(33) " fcode="trunc"/>
<opset="tmp_14/2 "/>
</bind>
</comp>

<comp id="340" class="1004" name="tmp_9_fu_340">
<pin_list>
<pin id="341" dir="0" index="0" bw="8" slack="0"/>
<pin id="342" dir="0" index="1" bw="96" slack="0"/>
<pin id="343" dir="0" index="2" bw="6" slack="0"/>
<pin id="344" dir="0" index="3" bw="6" slack="0"/>
<pin id="345" dir="1" index="4" bw="8" slack="0"/>
</pin_list>
<bind>
<opcode="partselect(1002) " fcode="partselect"/>
<opset="tmp_9/2 "/>
</bind>
</comp>

<comp id="350" class="1004" name="tmp_10_fu_350">
<pin_list>
<pin id="351" dir="0" index="0" bw="8" slack="0"/>
<pin id="352" dir="0" index="1" bw="96" slack="0"/>
<pin id="353" dir="0" index="2" bw="5" slack="0"/>
<pin id="354" dir="0" index="3" bw="5" slack="0"/>
<pin id="355" dir="1" index="4" bw="8" slack="0"/>
</pin_list>
<bind>
<opcode="partselect(1002) " fcode="partselect"/>
<opset="tmp_10/2 "/>
</bind>
</comp>

<comp id="360" class="1004" name="tmp_2_2_fu_360">
<pin_list>
<pin id="361" dir="0" index="0" bw="73" slack="0"/>
<pin id="362" dir="0" index="1" bw="10" slack="0"/>
<pin id="363" dir="0" index="2" bw="8" slack="0"/>
<pin id="364" dir="0" index="3" bw="8" slack="0"/>
<pin id="365" dir="0" index="4" bw="8" slack="0"/>
<pin id="366" dir="0" index="5" bw="8" slack="0"/>
<pin id="367" dir="0" index="6" bw="8" slack="0"/>
<pin id="368" dir="0" index="7" bw="8" slack="0"/>
<pin id="369" dir="1" index="8" bw="73" slack="0"/>
</pin_list>
<bind>
<opcode="bitconcatenate(1004) " fcode="bitconcatenate"/>
<opset="tmp_2_2/2 "/>
</bind>
</comp>

<comp id="379" class="1004" name="p_Result_s_fu_379">
<pin_list>
<pin id="380" dir="0" index="0" bw="96" slack="0"/>
<pin id="381" dir="0" index="1" bw="48" slack="0"/>
<pin id="382" dir="0" index="2" bw="48" slack="0"/>
<pin id="383" dir="1" index="3" bw="96" slack="0"/>
</pin_list>
<bind>
<opcode="bitconcatenate(1004) " fcode="bitconcatenate"/>
<opset="p_Result_s/2 "/>
</bind>
</comp>

<comp id="387" class="1004" name="StgValue_64_store_fu_387">
<pin_list>
<pin id="388" dir="0" index="0" bw="96" slack="0"/>
<pin id="389" dir="0" index="1" bw="96" slack="0"/>
<pin id="390" dir="1" index="2" bw="0" slack="2147483647"/>
</pin_list>
<bind>
<opcode="store(28) " fcode="store"/>
<opset="StgValue_64/2 "/>
</bind>
</comp>

<comp id="393" class="1004" name="tmp_s_fu_393">
<pin_list>
<pin id="394" dir="0" index="0" bw="8" slack="0"/>
<pin id="395" dir="0" index="1" bw="48" slack="0"/>
<pin id="396" dir="0" index="2" bw="7" slack="0"/>
<pin id="397" dir="0" index="3" bw="7" slack="0"/>
<pin id="398" dir="1" index="4" bw="8" slack="0"/>
</pin_list>
<bind>
<opcode="partselect(1002) " fcode="partselect"/>
<opset="tmp_s/2 "/>
</bind>
</comp>

<comp id="403" class="1004" name="tmp_1_fu_403">
<pin_list>
<pin id="404" dir="0" index="0" bw="8" slack="0"/>
<pin id="405" dir="0" index="1" bw="48" slack="0"/>
<pin id="406" dir="0" index="2" bw="7" slack="0"/>
<pin id="407" dir="0" index="3" bw="7" slack="0"/>
<pin id="408" dir="1" index="4" bw="8" slack="0"/>
</pin_list>
<bind>
<opcode="partselect(1002) " fcode="partselect"/>
<opset="tmp_1/2 "/>
</bind>
</comp>

<comp id="413" class="1004" name="tmp_2_fu_413">
<pin_list>
<pin id="414" dir="0" index="0" bw="8" slack="0"/>
<pin id="415" dir="0" index="1" bw="48" slack="0"/>
<pin id="416" dir="0" index="2" bw="7" slack="0"/>
<pin id="417" dir="0" index="3" bw="7" slack="0"/>
<pin id="418" dir="1" index="4" bw="8" slack="0"/>
</pin_list>
<bind>
<opcode="partselect(1002) " fcode="partselect"/>
<opset="tmp_2/2 "/>
</bind>
</comp>

<comp id="423" class="1004" name="tmp_13_fu_423">
<pin_list>
<pin id="424" dir="0" index="0" bw="48" slack="0"/>
<pin id="425" dir="1" index="1" bw="8" slack="0"/>
</pin_list>
<bind>
<opcode="trunc(33) " fcode="trunc"/>
<opset="tmp_13/2 "/>
</bind>
</comp>

<comp id="427" class="1004" name="tmp_3_fu_427">
<pin_list>
<pin id="428" dir="0" index="0" bw="8" slack="0"/>
<pin id="429" dir="0" index="1" bw="48" slack="0"/>
<pin id="430" dir="0" index="2" bw="6" slack="0"/>
<pin id="431" dir="0" index="3" bw="6" slack="0"/>
<pin id="432" dir="1" index="4" bw="8" slack="0"/>
</pin_list>
<bind>
<opcode="partselect(1002) " fcode="partselect"/>
<opset="tmp_3/2 "/>
</bind>
</comp>

<comp id="437" class="1004" name="tmp_5_fu_437">
<pin_list>
<pin id="438" dir="0" index="0" bw="8" slack="0"/>
<pin id="439" dir="0" index="1" bw="48" slack="0"/>
<pin id="440" dir="0" index="2" bw="7" slack="0"/>
<pin id="441" dir="0" index="3" bw="7" slack="0"/>
<pin id="442" dir="1" index="4" bw="8" slack="0"/>
</pin_list>
<bind>
<opcode="partselect(1002) " fcode="partselect"/>
<opset="tmp_5/2 "/>
</bind>
</comp>

<comp id="447" class="1004" name="tmp_6_fu_447">
<pin_list>
<pin id="448" dir="0" index="0" bw="8" slack="0"/>
<pin id="449" dir="0" index="1" bw="48" slack="0"/>
<pin id="450" dir="0" index="2" bw="5" slack="0"/>
<pin id="451" dir="0" index="3" bw="5" slack="0"/>
<pin id="452" dir="1" index="4" bw="8" slack="0"/>
</pin_list>
<bind>
<opcode="partselect(1002) " fcode="partselect"/>
<opset="tmp_6/2 "/>
</bind>
</comp>

<comp id="457" class="1004" name="tmp_7_fu_457">
<pin_list>
<pin id="458" dir="0" index="0" bw="8" slack="0"/>
<pin id="459" dir="0" index="1" bw="48" slack="0"/>
<pin id="460" dir="0" index="2" bw="6" slack="0"/>
<pin id="461" dir="0" index="3" bw="6" slack="0"/>
<pin id="462" dir="1" index="4" bw="8" slack="0"/>
</pin_list>
<bind>
<opcode="partselect(1002) " fcode="partselect"/>
<opset="tmp_7/2 "/>
</bind>
</comp>

<comp id="467" class="1004" name="tmp_1_2_fu_467">
<pin_list>
<pin id="468" dir="0" index="0" bw="73" slack="0"/>
<pin id="469" dir="0" index="1" bw="2" slack="0"/>
<pin id="470" dir="0" index="2" bw="8" slack="0"/>
<pin id="471" dir="0" index="3" bw="8" slack="0"/>
<pin id="472" dir="0" index="4" bw="8" slack="0"/>
<pin id="473" dir="0" index="5" bw="8" slack="0"/>
<pin id="474" dir="0" index="6" bw="8" slack="0"/>
<pin id="475" dir="0" index="7" bw="8" slack="0"/>
<pin id="476" dir="0" index="8" bw="8" slack="0"/>
<pin id="477" dir="0" index="9" bw="8" slack="0"/>
<pin id="478" dir="1" index="10" bw="73" slack="0"/>
</pin_list>
<bind>
<opcode="bitconcatenate(1004) " fcode="bitconcatenate"/>
<opset="tmp_1_2/2 "/>
</bind>
</comp>

<comp id="490" class="1004" name="StgValue_79_store_fu_490">
<pin_list>
<pin id="491" dir="0" index="0" bw="48" slack="0"/>
<pin id="492" dir="0" index="1" bw="48" slack="0"/>
<pin id="493" dir="1" index="2" bw="0" slack="2147483647"/>
</pin_list>
<bind>
<opcode="store(28) " fcode="store"/>
<opset="StgValue_79/2 "/>
</bind>
</comp>

<comp id="496" class="1005" name="state_V_load_reg_496">
<pin_list>
<pin id="497" dir="0" index="0" bw="3" slack="1"/>
<pin id="498" dir="1" index="1" bw="3" slack="2147483647"/>
</pin_list>
<bind>
<opset="state_V_load "/>
</bind>
</comp>

<comp id="500" class="1005" name="tmp_last_V_reg_500">
<pin_list>
<pin id="501" dir="0" index="0" bw="1" slack="1"/>
<pin id="502" dir="1" index="1" bw="1" slack="1"/>
</pin_list>
<bind>
<opset="tmp_last_V "/>
</bind>
</comp>

<comp id="505" class="1005" name="tmp_4_reg_505">
<pin_list>
<pin id="506" dir="0" index="0" bw="1" slack="1"/>
<pin id="507" dir="1" index="1" bw="1" slack="2147483647"/>
</pin_list>
<bind>
<opset="tmp_4 "/>
</bind>
</comp>

<comp id="509" class="1005" name="tmp_19_reg_509">
<pin_list>
<pin id="510" dir="0" index="0" bw="65" slack="1"/>
<pin id="511" dir="1" index="1" bw="65" slack="1"/>
</pin_list>
<bind>
<opset="tmp_19 "/>
</bind>
</comp>

<comp id="514" class="1005" name="tmp_reg_514">
<pin_list>
<pin id="515" dir="0" index="0" bw="1" slack="1"/>
<pin id="516" dir="1" index="1" bw="1" slack="2147483647"/>
</pin_list>
<bind>
<opset="tmp "/>
</bind>
</comp>

<comp id="518" class="1005" name="mac_table_V_addr_reg_518">
<pin_list>
<pin id="519" dir="0" index="0" bw="8" slack="1"/>
<pin id="520" dir="1" index="1" bw="8" slack="1"/>
</pin_list>
<bind>
<opset="mac_table_V_addr "/>
</bind>
</comp>

</comp_list>

<net_list>
<net id="121"><net_src comp="32" pin="0"/><net_sink comp="116" pin=0"/></net>

<net id="122"><net_src comp="0" pin="0"/><net_sink comp="116" pin=1"/></net>

<net id="123"><net_src comp="34" pin="0"/><net_sink comp="116" pin=2"/></net>

<net id="128"><net_src comp="36" pin="0"/><net_sink comp="124" pin=0"/></net>

<net id="129"><net_src comp="0" pin="0"/><net_sink comp="124" pin=1"/></net>

<net id="134"><net_src comp="72" pin="0"/><net_sink comp="130" pin=0"/></net>

<net id="135"><net_src comp="4" pin="0"/><net_sink comp="130" pin=1"/></net>

<net id="141"><net_src comp="78" pin="0"/><net_sink comp="136" pin=0"/></net>

<net id="142"><net_src comp="2" pin="0"/><net_sink comp="136" pin=1"/></net>

<net id="148"><net_src comp="20" pin="0"/><net_sink comp="143" pin=0"/></net>

<net id="149"><net_src comp="52" pin="0"/><net_sink comp="143" pin=1"/></net>

<net id="154"><net_src comp="143" pin="3"/><net_sink comp="150" pin=0"/></net>

<net id="160"><net_src comp="38" pin="0"/><net_sink comp="155" pin=0"/></net>

<net id="161"><net_src comp="124" pin="2"/><net_sink comp="155" pin=1"/></net>

<net id="162"><net_src comp="40" pin="0"/><net_sink comp="155" pin=2"/></net>

<net id="167"><net_src comp="155" pin="3"/><net_sink comp="163" pin=0"/></net>

<net id="168"><net_src comp="10" pin="0"/><net_sink comp="163" pin=1"/></net>

<net id="175"><net_src comp="42" pin="0"/><net_sink comp="169" pin=0"/></net>

<net id="176"><net_src comp="124" pin="2"/><net_sink comp="169" pin=1"/></net>

<net id="177"><net_src comp="44" pin="0"/><net_sink comp="169" pin=2"/></net>

<net id="178"><net_src comp="46" pin="0"/><net_sink comp="169" pin=3"/></net>

<net id="183"><net_src comp="169" pin="4"/><net_sink comp="179" pin=0"/></net>

<net id="184"><net_src comp="18" pin="0"/><net_sink comp="179" pin=1"/></net>

<net id="191"><net_src comp="42" pin="0"/><net_sink comp="185" pin=0"/></net>

<net id="192"><net_src comp="124" pin="2"/><net_sink comp="185" pin=1"/></net>

<net id="193"><net_src comp="48" pin="0"/><net_sink comp="185" pin=2"/></net>

<net id="194"><net_src comp="50" pin="0"/><net_sink comp="185" pin=3"/></net>

<net id="198"><net_src comp="185" pin="4"/><net_sink comp="195" pin=0"/></net>

<net id="203"><net_src comp="195" pin="1"/><net_sink comp="199" pin=0"/></net>

<net id="204"><net_src comp="14" pin="0"/><net_sink comp="199" pin=1"/></net>

<net id="208"><net_src comp="8" pin="0"/><net_sink comp="205" pin=0"/></net>

<net id="212"><net_src comp="10" pin="0"/><net_sink comp="209" pin=0"/></net>

<net id="216"><net_src comp="124" pin="2"/><net_sink comp="213" pin=0"/></net>

<net id="221"><net_src comp="213" pin="1"/><net_sink comp="217" pin=0"/></net>

<net id="222"><net_src comp="16" pin="0"/><net_sink comp="217" pin=1"/></net>

<net id="226"><net_src comp="124" pin="2"/><net_sink comp="223" pin=0"/></net>

<net id="232"><net_src comp="155" pin="3"/><net_sink comp="227" pin=0"/></net>

<net id="233"><net_src comp="22" pin="0"/><net_sink comp="227" pin=1"/></net>

<net id="234"><net_src comp="30" pin="0"/><net_sink comp="227" pin=2"/></net>

<net id="239"><net_src comp="227" pin="3"/><net_sink comp="235" pin=0"/></net>

<net id="240"><net_src comp="8" pin="0"/><net_sink comp="235" pin=1"/></net>

<net id="246"><net_src comp="209" pin="1"/><net_sink comp="241" pin=0"/></net>

<net id="247"><net_src comp="22" pin="0"/><net_sink comp="241" pin=1"/></net>

<net id="248"><net_src comp="30" pin="0"/><net_sink comp="241" pin=2"/></net>

<net id="253"><net_src comp="241" pin="3"/><net_sink comp="249" pin=0"/></net>

<net id="254"><net_src comp="8" pin="0"/><net_sink comp="249" pin=1"/></net>

<net id="259"><net_src comp="28" pin="0"/><net_sink comp="255" pin=0"/></net>

<net id="260"><net_src comp="8" pin="0"/><net_sink comp="255" pin=1"/></net>

<net id="265"><net_src comp="26" pin="0"/><net_sink comp="261" pin=0"/></net>

<net id="266"><net_src comp="8" pin="0"/><net_sink comp="261" pin=1"/></net>

<net id="270"><net_src comp="124" pin="2"/><net_sink comp="267" pin=0"/></net>

<net id="275"><net_src comp="267" pin="1"/><net_sink comp="271" pin=0"/></net>

<net id="276"><net_src comp="16" pin="0"/><net_sink comp="271" pin=1"/></net>

<net id="280"><net_src comp="169" pin="4"/><net_sink comp="277" pin=0"/></net>

<net id="281"><net_src comp="277" pin="1"/><net_sink comp="143" pin=2"/></net>

<net id="286"><net_src comp="24" pin="0"/><net_sink comp="282" pin=0"/></net>

<net id="287"><net_src comp="8" pin="0"/><net_sink comp="282" pin=1"/></net>

<net id="291"><net_src comp="6" pin="0"/><net_sink comp="288" pin=0"/></net>

<net id="295"><net_src comp="12" pin="0"/><net_sink comp="292" pin=0"/></net>

<net id="299"><net_src comp="14" pin="0"/><net_sink comp="296" pin=0"/></net>

<net id="305"><net_src comp="76" pin="0"/><net_sink comp="300" pin=0"/></net>

<net id="306"><net_src comp="195" pin="1"/><net_sink comp="300" pin=1"/></net>

<net id="307"><net_src comp="300" pin="3"/><net_sink comp="136" pin=2"/></net>

<net id="311"><net_src comp="16" pin="0"/><net_sink comp="308" pin=0"/></net>

<net id="318"><net_src comp="80" pin="0"/><net_sink comp="312" pin=0"/></net>

<net id="319"><net_src comp="296" pin="1"/><net_sink comp="312" pin=1"/></net>

<net id="320"><net_src comp="308" pin="1"/><net_sink comp="312" pin=3"/></net>

<net id="321"><net_src comp="312" pin="4"/><net_sink comp="136" pin=2"/></net>

<net id="325"><net_src comp="18" pin="0"/><net_sink comp="322" pin=0"/></net>

<net id="332"><net_src comp="82" pin="0"/><net_sink comp="326" pin=0"/></net>

<net id="333"><net_src comp="288" pin="1"/><net_sink comp="326" pin=1"/></net>

<net id="334"><net_src comp="84" pin="0"/><net_sink comp="326" pin=2"/></net>

<net id="335"><net_src comp="86" pin="0"/><net_sink comp="326" pin=3"/></net>

<net id="339"><net_src comp="288" pin="1"/><net_sink comp="336" pin=0"/></net>

<net id="346"><net_src comp="82" pin="0"/><net_sink comp="340" pin=0"/></net>

<net id="347"><net_src comp="288" pin="1"/><net_sink comp="340" pin=1"/></net>

<net id="348"><net_src comp="70" pin="0"/><net_sink comp="340" pin=2"/></net>

<net id="349"><net_src comp="88" pin="0"/><net_sink comp="340" pin=3"/></net>

<net id="356"><net_src comp="82" pin="0"/><net_sink comp="350" pin=0"/></net>

<net id="357"><net_src comp="288" pin="1"/><net_sink comp="350" pin=1"/></net>

<net id="358"><net_src comp="90" pin="0"/><net_sink comp="350" pin=2"/></net>

<net id="359"><net_src comp="92" pin="0"/><net_sink comp="350" pin=3"/></net>

<net id="370"><net_src comp="94" pin="0"/><net_sink comp="360" pin=0"/></net>

<net id="371"><net_src comp="96" pin="0"/><net_sink comp="360" pin=1"/></net>

<net id="372"><net_src comp="322" pin="1"/><net_sink comp="360" pin=2"/></net>

<net id="373"><net_src comp="98" pin="0"/><net_sink comp="360" pin=3"/></net>

<net id="374"><net_src comp="336" pin="1"/><net_sink comp="360" pin=4"/></net>

<net id="375"><net_src comp="350" pin="4"/><net_sink comp="360" pin=5"/></net>

<net id="376"><net_src comp="340" pin="4"/><net_sink comp="360" pin=6"/></net>

<net id="377"><net_src comp="326" pin="4"/><net_sink comp="360" pin=7"/></net>

<net id="378"><net_src comp="360" pin="8"/><net_sink comp="136" pin=2"/></net>

<net id="384"><net_src comp="100" pin="0"/><net_sink comp="379" pin=0"/></net>

<net id="385"><net_src comp="292" pin="1"/><net_sink comp="379" pin=1"/></net>

<net id="386"><net_src comp="130" pin="2"/><net_sink comp="379" pin=2"/></net>

<net id="391"><net_src comp="379" pin="3"/><net_sink comp="387" pin=0"/></net>

<net id="392"><net_src comp="6" pin="0"/><net_sink comp="387" pin=1"/></net>

<net id="399"><net_src comp="102" pin="0"/><net_sink comp="393" pin=0"/></net>

<net id="400"><net_src comp="130" pin="2"/><net_sink comp="393" pin=1"/></net>

<net id="401"><net_src comp="104" pin="0"/><net_sink comp="393" pin=2"/></net>

<net id="402"><net_src comp="106" pin="0"/><net_sink comp="393" pin=3"/></net>

<net id="409"><net_src comp="102" pin="0"/><net_sink comp="403" pin=0"/></net>

<net id="410"><net_src comp="292" pin="1"/><net_sink comp="403" pin=1"/></net>

<net id="411"><net_src comp="108" pin="0"/><net_sink comp="403" pin=2"/></net>

<net id="412"><net_src comp="110" pin="0"/><net_sink comp="403" pin=3"/></net>

<net id="419"><net_src comp="102" pin="0"/><net_sink comp="413" pin=0"/></net>

<net id="420"><net_src comp="130" pin="2"/><net_sink comp="413" pin=1"/></net>

<net id="421"><net_src comp="108" pin="0"/><net_sink comp="413" pin=2"/></net>

<net id="422"><net_src comp="110" pin="0"/><net_sink comp="413" pin=3"/></net>

<net id="426"><net_src comp="292" pin="1"/><net_sink comp="423" pin=0"/></net>

<net id="433"><net_src comp="102" pin="0"/><net_sink comp="427" pin=0"/></net>

<net id="434"><net_src comp="292" pin="1"/><net_sink comp="427" pin=1"/></net>

<net id="435"><net_src comp="70" pin="0"/><net_sink comp="427" pin=2"/></net>

<net id="436"><net_src comp="88" pin="0"/><net_sink comp="427" pin=3"/></net>

<net id="443"><net_src comp="102" pin="0"/><net_sink comp="437" pin=0"/></net>

<net id="444"><net_src comp="292" pin="1"/><net_sink comp="437" pin=1"/></net>

<net id="445"><net_src comp="104" pin="0"/><net_sink comp="437" pin=2"/></net>

<net id="446"><net_src comp="106" pin="0"/><net_sink comp="437" pin=3"/></net>

<net id="453"><net_src comp="102" pin="0"/><net_sink comp="447" pin=0"/></net>

<net id="454"><net_src comp="292" pin="1"/><net_sink comp="447" pin=1"/></net>

<net id="455"><net_src comp="90" pin="0"/><net_sink comp="447" pin=2"/></net>

<net id="456"><net_src comp="92" pin="0"/><net_sink comp="447" pin=3"/></net>

<net id="463"><net_src comp="102" pin="0"/><net_sink comp="457" pin=0"/></net>

<net id="464"><net_src comp="292" pin="1"/><net_sink comp="457" pin=1"/></net>

<net id="465"><net_src comp="84" pin="0"/><net_sink comp="457" pin=2"/></net>

<net id="466"><net_src comp="86" pin="0"/><net_sink comp="457" pin=3"/></net>

<net id="479"><net_src comp="112" pin="0"/><net_sink comp="467" pin=0"/></net>

<net id="480"><net_src comp="114" pin="0"/><net_sink comp="467" pin=1"/></net>

<net id="481"><net_src comp="393" pin="4"/><net_sink comp="467" pin=2"/></net>

<net id="482"><net_src comp="413" pin="4"/><net_sink comp="467" pin=3"/></net>

<net id="483"><net_src comp="423" pin="1"/><net_sink comp="467" pin=4"/></net>

<net id="484"><net_src comp="447" pin="4"/><net_sink comp="467" pin=5"/></net>

<net id="485"><net_src comp="427" pin="4"/><net_sink comp="467" pin=6"/></net>

<net id="486"><net_src comp="457" pin="4"/><net_sink comp="467" pin=7"/></net>

<net id="487"><net_src comp="437" pin="4"/><net_sink comp="467" pin=8"/></net>

<net id="488"><net_src comp="403" pin="4"/><net_sink comp="467" pin=9"/></net>

<net id="489"><net_src comp="467" pin="10"/><net_sink comp="136" pin=2"/></net>

<net id="494"><net_src comp="150" pin="2"/><net_sink comp="490" pin=0"/></net>

<net id="495"><net_src comp="12" pin="0"/><net_sink comp="490" pin=1"/></net>

<net id="499"><net_src comp="205" pin="1"/><net_sink comp="496" pin=0"/></net>

<net id="503"><net_src comp="209" pin="1"/><net_sink comp="500" pin=0"/></net>

<net id="504"><net_src comp="500" pin="1"/><net_sink comp="312" pin=2"/></net>

<net id="508"><net_src comp="116" pin="3"/><net_sink comp="505" pin=0"/></net>

<net id="512"><net_src comp="223" pin="1"/><net_sink comp="509" pin=0"/></net>

<net id="513"><net_src comp="509" pin="1"/><net_sink comp="300" pin=2"/></net>

<net id="517"><net_src comp="116" pin="3"/><net_sink comp="514" pin=0"/></net>

<net id="521"><net_src comp="143" pin="3"/><net_sink comp="518" pin=0"/></net>

<net id="522"><net_src comp="518" pin="1"/><net_sink comp="150" pin=0"/></net>

</net_list>

</model> 
---------------- Datapath Model END ------------------

* FSMD analyzer results:
  - Output states:
	Port: from_app_V | {}
	Port: to_eth_V | {2 }
	Port: src_mac_address_V | {}
	Port: eth_dst_src_V | {2 }
	Port: state_V | {1 }
	Port: app_packet_in_last_V | {1 }
	Port: dest_mac_address_V | {2 }
	Port: app_packet_in_tkeep_s | {2 }
	Port: app_packet_in_data_V | {1 }
	Port: app_packet_in_tdest_s | {1 }
	Port: mac_table_V | {}
 - Input state : 
	Port: app_to_eth : from_app_V | {1 }
	Port: app_to_eth : to_eth_V | {}
	Port: app_to_eth : src_mac_address_V | {2 }
	Port: app_to_eth : eth_dst_src_V | {2 }
	Port: app_to_eth : state_V | {1 }
	Port: app_to_eth : app_packet_in_last_V | {1 }
	Port: app_to_eth : dest_mac_address_V | {2 }
	Port: app_to_eth : app_packet_in_tkeep_s | {2 }
	Port: app_to_eth : app_packet_in_data_V | {2 }
	Port: app_to_eth : app_packet_in_tdest_s | {2 }
	Port: app_to_eth : mac_table_V | {1 2 }
  - Chain level:
	State 1
		StgValue_5 : 1
		StgValue_9 : 1
		StgValue_11 : 1
		StgValue_13 : 1
		storemerge_i : 1
		StgValue_17 : 2
		storemerge3_i : 1
		StgValue_19 : 2
		StgValue_25 : 1
		StgValue_27 : 1
		StgValue_29 : 1
		tmp_i : 1
		mac_table_V_addr : 2
		mac_table_V_load : 3
	State 2
		StgValue_48 : 1
		tmp_3_2 : 1
		StgValue_53 : 2
		tmp_8 : 1
		tmp_14 : 1
		tmp_9 : 1
		tmp_10 : 1
		tmp_2_2 : 2
		StgValue_61 : 3
		p_Result_s : 1
		StgValue_64 : 2
		tmp_1 : 1
		tmp_13 : 1
		tmp_3 : 1
		tmp_5 : 1
		tmp_6 : 1
		tmp_7 : 1
		tmp_1_2 : 2
		StgValue_74 : 3
		StgValue_79 : 1


============================================================
+ Verbose Summary: Datapath Resource usage 
============================================================

* Functional unit list:
|----------|-----------------------|---------|---------|
| Operation|    Functional Unit    |    FF   |   LUT   |
|----------|-----------------------|---------|---------|
|  select  |  storemerge_i_fu_227  |    0    |    3    |
|          |  storemerge3_i_fu_241 |    0    |    3    |
|----------|-----------------------|---------|---------|
| nbreadreq|  grp_nbreadreq_fu_116 |    0    |    0    |
|----------|-----------------------|---------|---------|
|   read   |    grp_read_fu_124    |    0    |    0    |
|          | p_Repl2_s_read_fu_130 |    0    |    0    |
|----------|-----------------------|---------|---------|
|   write  |    grp_write_fu_136   |    0    |    0    |
|----------|-----------------------|---------|---------|
| bitselect|       grp_fu_155      |    0    |    0    |
|----------|-----------------------|---------|---------|
|          |       grp_fu_169      |    0    |    0    |
|          |       grp_fu_185      |    0    |    0    |
|          |      tmp_8_fu_326     |    0    |    0    |
|          |      tmp_9_fu_340     |    0    |    0    |
|          |     tmp_10_fu_350     |    0    |    0    |
|partselect|      tmp_s_fu_393     |    0    |    0    |
|          |      tmp_1_fu_403     |    0    |    0    |
|          |      tmp_2_fu_413     |    0    |    0    |
|          |      tmp_3_fu_427     |    0    |    0    |
|          |      tmp_5_fu_437     |    0    |    0    |
|          |      tmp_6_fu_447     |    0    |    0    |
|          |      tmp_7_fu_457     |    0    |    0    |
|----------|-----------------------|---------|---------|
|          |  tmp_data_V_1_fu_213  |    0    |    0    |
|          |     tmp_19_fu_223     |    0    |    0    |
|   trunc  |     tmp_15_fu_267     |    0    |    0    |
|          |     tmp_14_fu_336     |    0    |    0    |
|          |     tmp_13_fu_423     |    0    |    0    |
|----------|-----------------------|---------|---------|
|   zext   |      tmp_i_fu_277     |    0    |    0    |
|----------|-----------------------|---------|---------|
|          |     tmp_518_fu_300    |    0    |    0    |
|          |     tmp_3_2_fu_312    |    0    |    0    |
|bitconcatenate|     tmp_2_2_fu_360    |    0    |    0    |
|          |   p_Result_s_fu_379   |    0    |    0    |
|          |     tmp_1_2_fu_467    |    0    |    0    |
|----------|-----------------------|---------|---------|
|   Total  |                       |    0    |    6    |
|----------|-----------------------|---------|---------|

Memories:
N/A

* Register list:
+------------------------+--------+
|                        |   FF   |
+------------------------+--------+
|mac_table_V_addr_reg_518|    8   |
|         reg_195        |    8   |
|  state_V_load_reg_496  |    3   |
|     tmp_19_reg_509     |   65   |
|      tmp_4_reg_505     |    1   |
|   tmp_last_V_reg_500   |    1   |
|       tmp_reg_514      |    1   |
+------------------------+--------+
|          Total         |   87   |
+------------------------+--------+

* Multiplexer (MUX) list: 
|-------------------|------|------|------|--------||---------||---------|
|        Comp       |  Pin | Size |  BW  | S x BW ||  Delay  ||   LUT   |
|-------------------|------|------|------|--------||---------||---------|
|  grp_write_fu_136 |  p2  |   4  |  73  |   292  ||    21   |
| grp_access_fu_150 |  p0  |   2  |   8  |   16   ||    9    |
|-------------------|------|------|------|--------||---------||---------|
|       Total       |      |      |      |   308  ||  1.837  ||    30   |
|-------------------|------|------|------|--------||---------||---------|



* Summary:
+-----------+--------+--------+--------+
|           |  Delay |   FF   |   LUT  |
+-----------+--------+--------+--------+
|  Function |    -   |    0   |    6   |
|   Memory  |    -   |    -   |    -   |
|Multiplexer|    1   |    -   |   30   |
|  Register |    -   |   87   |    -   |
+-----------+--------+--------+--------+
|   Total   |    1   |   87   |   36   |
+-----------+--------+--------+--------+
