

================================================================
== Vivado HLS Report for 'PE'
================================================================
* Date:           Mon Feb 27 15:58:43 2023

* Version:        2019.1 (Build 2552052 on Fri May 24 15:28:33 MDT 2019)
* Project:        hls_project
* Solution:       kernel_1
* Product family: zynquplus
* Target device:  xczu19eg-ffvc1760-2-i


================================================================
== Performance Estimates
================================================================
+ Timing (ns): 
    * Summary: 
    +--------+-------+----------+------------+
    |  Clock | Target| Estimated| Uncertainty|
    +--------+-------+----------+------------+
    |ap_clk  |   5.00|     4.367|        0.62|
    +--------+-------+----------+------------+

+ Latency (clock cycles): 
    * Summary: 
    +-----+---------+-----+---------+---------+
    |    Latency    |    Interval   | Pipeline|
    | min |   max   | min |   max   |   Type  |
    +-----+---------+-----+---------+---------+
    |  774|  3145734|  774|  3145734|   none  |
    +-----+---------+-----+---------+---------+

    + Detail: 
        * Instance: 
        N/A

        * Loop: 
        +------------+-----+---------+----------+-----------+-----------+---------------+----------+
        |            |    Latency    | Iteration|  Initiation Interval  |      Trip     |          |
        |  Loop Name | min |   max   |  Latency |  achieved |   target  |     Count     | Pipelined|
        +------------+-----+---------+----------+-----------+-----------+---------------+----------+
        |- Loop_1_L  |  772|  3145732|         6|          1|          1| 768 ~ 3145728 |    yes   |
        +------------+-----+---------+----------+-----------+-----------+---------------+----------+



================================================================
== Utilization Estimates
================================================================
* Summary: 
+-----------------+---------+-------+---------+--------+-----+
|       Name      | BRAM_18K| DSP48E|    FF   |   LUT  | URAM|
+-----------------+---------+-------+---------+--------+-----+
|DSP              |        -|     64|        -|       -|    -|
|Expression       |        -|      -|        0|    8300|    -|
|FIFO             |        -|      -|        -|       -|    -|
|Instance         |        -|      -|        -|       -|    -|
|Memory           |        -|      -|        -|       -|    -|
|Multiplexer      |        -|      -|        -|     201|    -|
|Register         |        0|      -|     4437|      32|    -|
+-----------------+---------+-------+---------+--------+-----+
|Total            |        0|     64|     4437|    8533|    0|
+-----------------+---------+-------+---------+--------+-----+
|Available        |     1968|   1968|  1045440|  522720|  128|
+-----------------+---------+-------+---------+--------+-----+
|Utilization (%)  |        0|      3|    ~0   |       1|    0|
+-----------------+---------+-------+---------+--------+-----+

+ Detail: 
    * Instance: 
    N/A

    * DSP48E: 
    +-------------------------------------------+--------------------------------------+----------------+
    |                  Instance                 |                Module                |   Expression   |
    +-------------------------------------------+--------------------------------------+----------------+
    |kernel_1_am_addmul_24s_24s_8s_32_1_1_U515  |kernel_1_am_addmul_24s_24s_8s_32_1_1  | (i0 + i1) * i2 |
    |kernel_1_am_addmul_24s_24s_8s_32_1_1_U516  |kernel_1_am_addmul_24s_24s_8s_32_1_1  | (i0 + i1) * i2 |
    |kernel_1_am_addmul_24s_24s_8s_32_1_1_U517  |kernel_1_am_addmul_24s_24s_8s_32_1_1  | (i0 + i1) * i2 |
    |kernel_1_am_addmul_24s_24s_8s_32_1_1_U518  |kernel_1_am_addmul_24s_24s_8s_32_1_1  | (i0 + i1) * i2 |
    |kernel_1_am_addmul_24s_24s_8s_32_1_1_U519  |kernel_1_am_addmul_24s_24s_8s_32_1_1  | (i0 + i1) * i2 |
    |kernel_1_am_addmul_24s_24s_8s_32_1_1_U520  |kernel_1_am_addmul_24s_24s_8s_32_1_1  | (i0 + i1) * i2 |
    |kernel_1_am_addmul_24s_24s_8s_32_1_1_U521  |kernel_1_am_addmul_24s_24s_8s_32_1_1  | (i0 + i1) * i2 |
    |kernel_1_am_addmul_24s_24s_8s_32_1_1_U522  |kernel_1_am_addmul_24s_24s_8s_32_1_1  | (i0 + i1) * i2 |
    |kernel_1_am_addmul_24s_24s_8s_32_1_1_U523  |kernel_1_am_addmul_24s_24s_8s_32_1_1  | (i0 + i1) * i2 |
    |kernel_1_am_addmul_24s_24s_8s_32_1_1_U524  |kernel_1_am_addmul_24s_24s_8s_32_1_1  | (i0 + i1) * i2 |
    |kernel_1_am_addmul_24s_24s_8s_32_1_1_U525  |kernel_1_am_addmul_24s_24s_8s_32_1_1  | (i0 + i1) * i2 |
    |kernel_1_am_addmul_24s_24s_8s_32_1_1_U526  |kernel_1_am_addmul_24s_24s_8s_32_1_1  | (i0 + i1) * i2 |
    |kernel_1_am_addmul_24s_24s_8s_32_1_1_U527  |kernel_1_am_addmul_24s_24s_8s_32_1_1  | (i0 + i1) * i2 |
    |kernel_1_am_addmul_24s_24s_8s_32_1_1_U528  |kernel_1_am_addmul_24s_24s_8s_32_1_1  | (i0 + i1) * i2 |
    |kernel_1_am_addmul_24s_24s_8s_32_1_1_U529  |kernel_1_am_addmul_24s_24s_8s_32_1_1  | (i0 + i1) * i2 |
    |kernel_1_am_addmul_24s_24s_8s_32_1_1_U530  |kernel_1_am_addmul_24s_24s_8s_32_1_1  | (i0 + i1) * i2 |
    |kernel_1_am_addmul_24s_24s_8s_32_1_1_U531  |kernel_1_am_addmul_24s_24s_8s_32_1_1  | (i0 + i1) * i2 |
    |kernel_1_am_addmul_24s_24s_8s_32_1_1_U532  |kernel_1_am_addmul_24s_24s_8s_32_1_1  | (i0 + i1) * i2 |
    |kernel_1_am_addmul_24s_24s_8s_32_1_1_U533  |kernel_1_am_addmul_24s_24s_8s_32_1_1  | (i0 + i1) * i2 |
    |kernel_1_am_addmul_24s_24s_8s_32_1_1_U534  |kernel_1_am_addmul_24s_24s_8s_32_1_1  | (i0 + i1) * i2 |
    |kernel_1_am_addmul_24s_24s_8s_32_1_1_U535  |kernel_1_am_addmul_24s_24s_8s_32_1_1  | (i0 + i1) * i2 |
    |kernel_1_am_addmul_24s_24s_8s_32_1_1_U536  |kernel_1_am_addmul_24s_24s_8s_32_1_1  | (i0 + i1) * i2 |
    |kernel_1_am_addmul_24s_24s_8s_32_1_1_U537  |kernel_1_am_addmul_24s_24s_8s_32_1_1  | (i0 + i1) * i2 |
    |kernel_1_am_addmul_24s_24s_8s_32_1_1_U538  |kernel_1_am_addmul_24s_24s_8s_32_1_1  | (i0 + i1) * i2 |
    |kernel_1_am_addmul_24s_24s_8s_32_1_1_U539  |kernel_1_am_addmul_24s_24s_8s_32_1_1  | (i0 + i1) * i2 |
    |kernel_1_am_addmul_24s_24s_8s_32_1_1_U540  |kernel_1_am_addmul_24s_24s_8s_32_1_1  | (i0 + i1) * i2 |
    |kernel_1_am_addmul_24s_24s_8s_32_1_1_U541  |kernel_1_am_addmul_24s_24s_8s_32_1_1  | (i0 + i1) * i2 |
    |kernel_1_am_addmul_24s_24s_8s_32_1_1_U542  |kernel_1_am_addmul_24s_24s_8s_32_1_1  | (i0 + i1) * i2 |
    |kernel_1_am_addmul_24s_24s_8s_32_1_1_U543  |kernel_1_am_addmul_24s_24s_8s_32_1_1  | (i0 + i1) * i2 |
    |kernel_1_am_addmul_24s_24s_8s_32_1_1_U544  |kernel_1_am_addmul_24s_24s_8s_32_1_1  | (i0 + i1) * i2 |
    |kernel_1_am_addmul_24s_24s_8s_32_1_1_U545  |kernel_1_am_addmul_24s_24s_8s_32_1_1  | (i0 + i1) * i2 |
    |kernel_1_am_addmul_24s_24s_8s_32_1_1_U546  |kernel_1_am_addmul_24s_24s_8s_32_1_1  | (i0 + i1) * i2 |
    |kernel_1_am_addmul_24s_24s_8s_32_1_1_U547  |kernel_1_am_addmul_24s_24s_8s_32_1_1  | (i0 + i1) * i2 |
    |kernel_1_am_addmul_24s_24s_8s_32_1_1_U548  |kernel_1_am_addmul_24s_24s_8s_32_1_1  | (i0 + i1) * i2 |
    |kernel_1_am_addmul_24s_24s_8s_32_1_1_U549  |kernel_1_am_addmul_24s_24s_8s_32_1_1  | (i0 + i1) * i2 |
    |kernel_1_am_addmul_24s_24s_8s_32_1_1_U550  |kernel_1_am_addmul_24s_24s_8s_32_1_1  | (i0 + i1) * i2 |
    |kernel_1_am_addmul_24s_24s_8s_32_1_1_U551  |kernel_1_am_addmul_24s_24s_8s_32_1_1  | (i0 + i1) * i2 |
    |kernel_1_am_addmul_24s_24s_8s_32_1_1_U552  |kernel_1_am_addmul_24s_24s_8s_32_1_1  | (i0 + i1) * i2 |
    |kernel_1_am_addmul_24s_24s_8s_32_1_1_U553  |kernel_1_am_addmul_24s_24s_8s_32_1_1  | (i0 + i1) * i2 |
    |kernel_1_am_addmul_24s_24s_8s_32_1_1_U554  |kernel_1_am_addmul_24s_24s_8s_32_1_1  | (i0 + i1) * i2 |
    |kernel_1_am_addmul_24s_24s_8s_32_1_1_U555  |kernel_1_am_addmul_24s_24s_8s_32_1_1  | (i0 + i1) * i2 |
    |kernel_1_am_addmul_24s_24s_8s_32_1_1_U556  |kernel_1_am_addmul_24s_24s_8s_32_1_1  | (i0 + i1) * i2 |
    |kernel_1_am_addmul_24s_24s_8s_32_1_1_U557  |kernel_1_am_addmul_24s_24s_8s_32_1_1  | (i0 + i1) * i2 |
    |kernel_1_am_addmul_24s_24s_8s_32_1_1_U558  |kernel_1_am_addmul_24s_24s_8s_32_1_1  | (i0 + i1) * i2 |
    |kernel_1_am_addmul_24s_24s_8s_32_1_1_U559  |kernel_1_am_addmul_24s_24s_8s_32_1_1  | (i0 + i1) * i2 |
    |kernel_1_am_addmul_24s_24s_8s_32_1_1_U560  |kernel_1_am_addmul_24s_24s_8s_32_1_1  | (i0 + i1) * i2 |
    |kernel_1_am_addmul_24s_24s_8s_32_1_1_U561  |kernel_1_am_addmul_24s_24s_8s_32_1_1  | (i0 + i1) * i2 |
    |kernel_1_am_addmul_24s_24s_8s_32_1_1_U562  |kernel_1_am_addmul_24s_24s_8s_32_1_1  | (i0 + i1) * i2 |
    |kernel_1_am_addmul_24s_24s_8s_32_1_1_U563  |kernel_1_am_addmul_24s_24s_8s_32_1_1  | (i0 + i1) * i2 |
    |kernel_1_am_addmul_24s_24s_8s_32_1_1_U564  |kernel_1_am_addmul_24s_24s_8s_32_1_1  | (i0 + i1) * i2 |
    |kernel_1_am_addmul_24s_24s_8s_32_1_1_U565  |kernel_1_am_addmul_24s_24s_8s_32_1_1  | (i0 + i1) * i2 |
    |kernel_1_am_addmul_24s_24s_8s_32_1_1_U566  |kernel_1_am_addmul_24s_24s_8s_32_1_1  | (i0 + i1) * i2 |
    |kernel_1_am_addmul_24s_24s_8s_32_1_1_U567  |kernel_1_am_addmul_24s_24s_8s_32_1_1  | (i0 + i1) * i2 |
    |kernel_1_am_addmul_24s_24s_8s_32_1_1_U568  |kernel_1_am_addmul_24s_24s_8s_32_1_1  | (i0 + i1) * i2 |
    |kernel_1_am_addmul_24s_24s_8s_32_1_1_U569  |kernel_1_am_addmul_24s_24s_8s_32_1_1  | (i0 + i1) * i2 |
    |kernel_1_am_addmul_24s_24s_8s_32_1_1_U570  |kernel_1_am_addmul_24s_24s_8s_32_1_1  | (i0 + i1) * i2 |
    |kernel_1_am_addmul_24s_24s_8s_32_1_1_U571  |kernel_1_am_addmul_24s_24s_8s_32_1_1  | (i0 + i1) * i2 |
    |kernel_1_am_addmul_24s_24s_8s_32_1_1_U572  |kernel_1_am_addmul_24s_24s_8s_32_1_1  | (i0 + i1) * i2 |
    |kernel_1_am_addmul_24s_24s_8s_32_1_1_U573  |kernel_1_am_addmul_24s_24s_8s_32_1_1  | (i0 + i1) * i2 |
    |kernel_1_am_addmul_24s_24s_8s_32_1_1_U574  |kernel_1_am_addmul_24s_24s_8s_32_1_1  | (i0 + i1) * i2 |
    |kernel_1_am_addmul_24s_24s_8s_32_1_1_U575  |kernel_1_am_addmul_24s_24s_8s_32_1_1  | (i0 + i1) * i2 |
    |kernel_1_am_addmul_24s_24s_8s_32_1_1_U576  |kernel_1_am_addmul_24s_24s_8s_32_1_1  | (i0 + i1) * i2 |
    |kernel_1_am_addmul_24s_24s_8s_32_1_1_U577  |kernel_1_am_addmul_24s_24s_8s_32_1_1  | (i0 + i1) * i2 |
    |kernel_1_am_addmul_24s_24s_8s_32_1_1_U578  |kernel_1_am_addmul_24s_24s_8s_32_1_1  | (i0 + i1) * i2 |
    +-------------------------------------------+--------------------------------------+----------------+

    * Memory: 
    N/A

    * FIFO: 
    N/A

    * Expression: 
    +----------------------------------+----------+-------+---+----+------------+------------+
    |           Variable Name          | Operation| DSP48E| FF| LUT| Bitwidth P0| Bitwidth P1|
    +----------------------------------+----------+-------+---+----+------------+------------+
    |add_ln105_fu_1075_p2              |     +    |      0|  0|  49|          42|           1|
    |add_ln700_128_fu_11100_p2         |     +    |      0|  0|  24|          17|          17|
    |add_ln700_129_fu_10585_p2         |     +    |      0|  0|  24|          17|          17|
    |add_ln700_130_fu_11116_p2         |     +    |      0|  0|  25|          18|          18|
    |add_ln700_131_fu_11129_p2         |     +    |      0|  0|  24|          17|          17|
    |add_ln700_132_fu_11139_p2         |     +    |      0|  0|  25|          18|          18|
    |add_ln700_133_fu_11164_p2         |     +    |      0|  0|  32|          19|          19|
    |add_ln700_134_fu_10599_p2         |     +    |      0|  0|  24|          17|          17|
    |add_ln700_135_fu_11173_p2         |     +    |      0|  0|  25|          18|          18|
    |add_ln700_136_fu_11183_p2         |     +    |      0|  0|  32|          19|          19|
    |add_ln700_137_fu_11196_p2         |     +    |      0|  0|  32|          19|          19|
    |add_ln700_138_fu_11202_p2         |     +    |      0|  0|  24|          17|          17|
    |add_ln700_139_fu_11212_p2         |     +    |      0|  0|  25|          18|          18|
    |add_ln700_140_fu_11222_p2         |     +    |      0|  0|  32|          19|          19|
    |add_ln700_141_fu_11259_p2         |     +    |      0|  0|  27|          20|          20|
    |add_ln700_142_fu_10629_p2         |     +    |      0|  0|  24|          17|          17|
    |add_ln700_143_fu_11268_p2         |     +    |      0|  0|  32|          20|          20|
    |add_ln700_144_fu_10635_p2         |     +    |      0|  0|  24|          17|          17|
    |add_ln700_145_fu_10641_p2         |     +    |      0|  0|  24|          17|          17|
    |add_ln700_146_fu_11280_p2         |     +    |      0|  0|  25|          18|          18|
    |add_ln700_147_fu_11290_p2         |     +    |      0|  0|  26|          19|          19|
    |add_ln700_148_fu_11300_p2         |     +    |      0|  0|  32|          20|          20|
    |add_ln700_149_fu_11313_p2         |     +    |      0|  0|  27|          20|          20|
    |add_ln700_150_fu_11319_p2         |     +    |      0|  0|  24|          17|          17|
    |add_ln700_151_fu_11329_p2         |     +    |      0|  0|  32|          20|          20|
    |add_ln700_152_fu_11335_p2         |     +    |      0|  0|  24|          17|          17|
    |add_ln700_153_fu_11345_p2         |     +    |      0|  0|  24|          17|          17|
    |add_ln700_154_fu_11355_p2         |     +    |      0|  0|  25|          18|          18|
    |add_ln700_155_fu_11365_p2         |     +    |      0|  0|  26|          19|          19|
    |add_ln700_156_fu_11375_p2         |     +    |      0|  0|  32|          20|          20|
    |add_ln700_157_fu_11430_p2         |     +    |      0|  0|  32|          21|          21|
    |add_ln700_158_fu_10703_p2         |     +    |      0|  0|  24|          17|          17|
    |add_ln700_159_fu_11439_p2         |     +    |      0|  0|  32|          21|          21|
    |add_ln700_160_fu_10709_p2         |     +    |      0|  0|  24|          17|          17|
    |add_ln700_161_fu_10715_p2         |     +    |      0|  0|  24|          17|          17|
    |add_ln700_162_fu_11451_p2         |     +    |      0|  0|  25|          18|          18|
    |add_ln700_163_fu_12131_p2         |     +    |      0|  0|  32|          21|          21|
    |add_ln700_164_fu_10721_p2         |     +    |      0|  0|  24|          17|          17|
    |add_ln700_165_fu_10727_p2         |     +    |      0|  0|  24|          17|          17|
    |add_ln700_166_fu_11463_p2         |     +    |      0|  0|  25|          18|          18|
    |add_ln700_167_fu_10733_p2         |     +    |      0|  0|  24|          17|          17|
    |add_ln700_168_fu_10739_p2         |     +    |      0|  0|  24|          17|          17|
    |add_ln700_169_fu_11479_p2         |     +    |      0|  0|  25|          18|          18|
    |add_ln700_170_fu_11489_p2         |     +    |      0|  0|  26|          19|          19|
    |add_ln700_171_fu_11499_p2         |     +    |      0|  0|  27|          20|          20|
    |add_ln700_172_fu_12139_p2         |     +    |      0|  0|  32|          21|          21|
    |add_ln700_173_fu_12149_p2         |     +    |      0|  0|  32|          21|          21|
    |add_ln700_174_fu_11508_p2         |     +    |      0|  0|  24|          17|          17|
    |add_ln700_175_fu_12158_p2         |     +    |      0|  0|  32|          21|          21|
    |add_ln700_176_fu_11514_p2         |     +    |      0|  0|  24|          17|          17|
    |add_ln700_177_fu_11524_p2         |     +    |      0|  0|  24|          17|          17|
    |add_ln700_178_fu_11534_p2         |     +    |      0|  0|  25|          18|          18|
    |add_ln700_179_fu_12167_p2         |     +    |      0|  0|  32|          21|          21|
    |add_ln700_180_fu_11540_p2         |     +    |      0|  0|  24|          17|          17|
    |add_ln700_181_fu_11550_p2         |     +    |      0|  0|  24|          17|          17|
    |add_ln700_182_fu_11560_p2         |     +    |      0|  0|  25|          18|          18|
    |add_ln700_183_fu_11570_p2         |     +    |      0|  0|  24|          17|          17|
    |add_ln700_184_fu_11580_p2         |     +    |      0|  0|  24|          17|          17|
    |add_ln700_185_fu_11590_p2         |     +    |      0|  0|  25|          18|          18|
    |add_ln700_186_fu_11600_p2         |     +    |      0|  0|  26|          19|          19|
    |add_ln700_187_fu_11610_p2         |     +    |      0|  0|  27|          20|          20|
    |add_ln700_188_fu_12176_p2         |     +    |      0|  0|  32|          21|          21|
    |add_ln700_189_fu_12192_p2         |     +    |      0|  0|  29|          22|          22|
    |add_ln700_190_fu_10865_p2         |     +    |      0|  0|  24|          17|          17|
    |add_ln700_191_fu_12201_p2         |     +    |      0|  0|  32|          22|          22|
    |add_ln700_192_fu_10871_p2         |     +    |      0|  0|  24|          17|          17|
    |add_ln700_193_fu_10877_p2         |     +    |      0|  0|  24|          17|          17|
    |add_ln700_194_fu_11715_p2         |     +    |      0|  0|  25|          18|          18|
    |add_ln700_195_fu_12210_p2         |     +    |      0|  0|  32|          22|          22|
    |add_ln700_196_fu_10883_p2         |     +    |      0|  0|  24|          17|          17|
    |add_ln700_197_fu_10889_p2         |     +    |      0|  0|  24|          17|          17|
    |add_ln700_198_fu_11727_p2         |     +    |      0|  0|  25|          18|          18|
    |add_ln700_199_fu_10895_p2         |     +    |      0|  0|  24|          17|          17|
    |add_ln700_200_fu_10901_p2         |     +    |      0|  0|  24|          17|          17|
    |add_ln700_201_fu_11743_p2         |     +    |      0|  0|  25|          18|          18|
    |add_ln700_202_fu_11753_p2         |     +    |      0|  0|  26|          19|          19|
    |add_ln700_203_fu_12219_p2         |     +    |      0|  0|  32|          22|          22|
    |add_ln700_204_fu_10907_p2         |     +    |      0|  0|  24|          17|          17|
    |add_ln700_205_fu_10913_p2         |     +    |      0|  0|  24|          17|          17|
    |add_ln700_206_fu_11765_p2         |     +    |      0|  0|  25|          18|          18|
    |add_ln700_207_fu_10919_p2         |     +    |      0|  0|  24|          17|          17|
    |add_ln700_208_fu_10925_p2         |     +    |      0|  0|  24|          17|          17|
    |add_ln700_209_fu_11781_p2         |     +    |      0|  0|  25|          18|          18|
    |add_ln700_210_fu_11791_p2         |     +    |      0|  0|  26|          19|          19|
    |add_ln700_211_fu_10931_p2         |     +    |      0|  0|  24|          17|          17|
    |add_ln700_212_fu_10937_p2         |     +    |      0|  0|  24|          17|          17|
    |add_ln700_213_fu_11807_p2         |     +    |      0|  0|  25|          18|          18|
    |add_ln700_214_fu_10943_p2         |     +    |      0|  0|  24|          17|          17|
    |add_ln700_215_fu_10949_p2         |     +    |      0|  0|  24|          17|          17|
    |add_ln700_216_fu_11823_p2         |     +    |      0|  0|  25|          18|          18|
    |add_ln700_217_fu_11833_p2         |     +    |      0|  0|  26|          19|          19|
    |add_ln700_218_fu_11843_p2         |     +    |      0|  0|  27|          20|          20|
    |add_ln700_219_fu_11853_p2         |     +    |      0|  0|  28|          21|          21|
    |add_ln700_221_fu_12238_p2         |     +    |      0|  0|  29|          22|          22|
    |add_ln700_222_fu_11862_p2         |     +    |      0|  0|  24|          17|          17|
    |add_ln700_223_fu_12247_p2         |     +    |      0|  0|  32|          22|          22|
    |add_ln700_224_fu_11868_p2         |     +    |      0|  0|  24|          17|          17|
    |add_ln700_225_fu_11878_p2         |     +    |      0|  0|  24|          17|          17|
    |add_ln700_226_fu_11888_p2         |     +    |      0|  0|  25|          18|          18|
    |add_ln700_227_fu_12256_p2         |     +    |      0|  0|  32|          22|          22|
    |add_ln700_228_fu_11894_p2         |     +    |      0|  0|  24|          17|          17|
    |add_ln700_229_fu_11904_p2         |     +    |      0|  0|  24|          17|          17|
    |add_ln700_230_fu_11914_p2         |     +    |      0|  0|  25|          18|          18|
    |add_ln700_231_fu_11924_p2         |     +    |      0|  0|  24|          17|          17|
    |add_ln700_232_fu_11934_p2         |     +    |      0|  0|  24|          17|          17|
    |add_ln700_233_fu_11944_p2         |     +    |      0|  0|  25|          18|          18|
    |add_ln700_234_fu_11954_p2         |     +    |      0|  0|  26|          19|          19|
    |add_ln700_235_fu_12265_p2         |     +    |      0|  0|  32|          22|          22|
    |add_ln700_236_fu_11960_p2         |     +    |      0|  0|  24|          17|          17|
    |add_ln700_237_fu_11970_p2         |     +    |      0|  0|  24|          17|          17|
    |add_ln700_238_fu_11980_p2         |     +    |      0|  0|  25|          18|          18|
    |add_ln700_239_fu_11990_p2         |     +    |      0|  0|  24|          17|          17|
    |add_ln700_240_fu_12000_p2         |     +    |      0|  0|  24|          17|          17|
    |add_ln700_241_fu_12010_p2         |     +    |      0|  0|  25|          18|          18|
    |add_ln700_242_fu_12020_p2         |     +    |      0|  0|  26|          19|          19|
    |add_ln700_243_fu_12030_p2         |     +    |      0|  0|  24|          17|          17|
    |add_ln700_244_fu_12040_p2         |     +    |      0|  0|  24|          17|          17|
    |add_ln700_245_fu_12050_p2         |     +    |      0|  0|  25|          18|          18|
    |add_ln700_246_fu_12060_p2         |     +    |      0|  0|  24|          17|          17|
    |add_ln700_247_fu_12070_p2         |     +    |      0|  0|  24|          17|          17|
    |add_ln700_248_fu_12080_p2         |     +    |      0|  0|  25|          18|          18|
    |add_ln700_249_fu_12090_p2         |     +    |      0|  0|  26|          19|          19|
    |add_ln700_250_fu_12100_p2         |     +    |      0|  0|  27|          20|          20|
    |add_ln700_251_fu_12110_p2         |     +    |      0|  0|  28|          21|          21|
    |add_ln700_253_fu_12304_p2         |     +    |      0|  0|  32|          32|          32|
    |add_ln700_255_fu_12349_p2         |     +    |      0|  0|  32|          32|          32|
    |add_ln700_fu_10571_p2             |     +    |      0|  0|  24|          17|          17|
    |add_ln78_25_fu_8774_p2            |     +    |      0|  0|  23|          16|          16|
    |add_ln78_26_fu_8822_p2            |     +    |      0|  0|  23|          16|          16|
    |add_ln78_27_fu_8870_p2            |     +    |      0|  0|  23|          16|          16|
    |add_ln78_28_fu_8918_p2            |     +    |      0|  0|  23|          16|          16|
    |add_ln78_29_fu_8966_p2            |     +    |      0|  0|  23|          16|          16|
    |add_ln78_30_fu_9014_p2            |     +    |      0|  0|  23|          16|          16|
    |add_ln78_31_fu_9062_p2            |     +    |      0|  0|  23|          16|          16|
    |add_ln78_32_fu_11085_p2           |     +    |      0|  0|  23|          16|          16|
    |add_ln78_33_fu_9117_p2            |     +    |      0|  0|  23|          16|          16|
    |add_ln78_34_fu_9165_p2            |     +    |      0|  0|  23|          16|          16|
    |add_ln78_35_fu_9213_p2            |     +    |      0|  0|  23|          16|          16|
    |add_ln78_36_fu_9261_p2            |     +    |      0|  0|  23|          16|          16|
    |add_ln78_37_fu_9309_p2            |     +    |      0|  0|  23|          16|          16|
    |add_ln78_38_fu_9357_p2            |     +    |      0|  0|  23|          16|          16|
    |add_ln78_39_fu_9453_p2            |     +    |      0|  0|  23|          16|          16|
    |add_ln78_40_fu_9501_p2            |     +    |      0|  0|  23|          16|          16|
    |add_ln78_41_fu_9549_p2            |     +    |      0|  0|  23|          16|          16|
    |add_ln78_42_fu_9597_p2            |     +    |      0|  0|  23|          16|          16|
    |add_ln78_43_fu_9645_p2            |     +    |      0|  0|  23|          16|          16|
    |add_ln78_44_fu_9693_p2            |     +    |      0|  0|  23|          16|          16|
    |add_ln78_45_fu_9741_p2            |     +    |      0|  0|  23|          16|          16|
    |add_ln78_46_fu_9789_p2            |     +    |      0|  0|  23|          16|          16|
    |add_ln78_47_fu_9837_p2            |     +    |      0|  0|  23|          16|          16|
    |add_ln78_48_fu_9885_p2            |     +    |      0|  0|  23|          16|          16|
    |add_ln78_49_fu_9933_p2            |     +    |      0|  0|  23|          16|          16|
    |add_ln78_50_fu_9981_p2            |     +    |      0|  0|  23|          16|          16|
    |add_ln78_51_fu_10029_p2           |     +    |      0|  0|  23|          16|          16|
    |add_ln78_52_fu_10077_p2           |     +    |      0|  0|  23|          16|          16|
    |add_ln78_53_fu_10125_p2           |     +    |      0|  0|  23|          16|          16|
    |add_ln78_54_fu_10173_p2           |     +    |      0|  0|  23|          16|          16|
    |add_ln78_55_fu_10221_p2           |     +    |      0|  0|  23|          16|          16|
    |add_ln78_56_fu_10269_p2           |     +    |      0|  0|  23|          16|          16|
    |add_ln78_57_fu_10317_p2           |     +    |      0|  0|  23|          16|          16|
    |add_ln78_58_fu_10365_p2           |     +    |      0|  0|  23|          16|          16|
    |add_ln78_59_fu_10413_p2           |     +    |      0|  0|  23|          16|          16|
    |add_ln78_60_fu_10461_p2           |     +    |      0|  0|  23|          16|          16|
    |add_ln78_61_fu_10509_p2           |     +    |      0|  0|  23|          16|          16|
    |add_ln78_62_fu_10557_p2           |     +    |      0|  0|  23|          16|          16|
    |add_ln78_fu_9405_p2               |     +    |      0|  0|  23|          16|          16|
    |c_buffer1_0_V_fu_12228_p2         |     +    |      0|  0|  32|          22|          22|
    |c_buffer2_0_V_fu_12274_p2         |     +    |      0|  0|  32|          22|          22|
    |c_out_2_5_V_V_din                 |     +    |      0|  0|  32|          32|          32|
    |iter2_fu_1131_p2                  |     +    |      0|  0|  17|          10|           1|
    |temp_c2_int8_0_V_fu_7615_p2       |     +    |      0|  0|  23|          16|          16|
    |temp_c2_int8_10_V_fu_8095_p2      |     +    |      0|  0|  23|          16|          16|
    |temp_c2_int8_11_V_fu_8143_p2      |     +    |      0|  0|  23|          16|          16|
    |temp_c2_int8_12_V_fu_8191_p2      |     +    |      0|  0|  23|          16|          16|
    |temp_c2_int8_13_V_fu_8239_p2      |     +    |      0|  0|  23|          16|          16|
    |temp_c2_int8_14_V_fu_8287_p2      |     +    |      0|  0|  23|          16|          16|
    |temp_c2_int8_15_V_fu_8335_p2      |     +    |      0|  0|  23|          16|          16|
    |temp_c2_int8_16_V_fu_11045_p2     |     +    |      0|  0|  23|          16|          16|
    |temp_c2_int8_17_V_fu_8390_p2      |     +    |      0|  0|  23|          16|          16|
    |temp_c2_int8_18_V_fu_8438_p2      |     +    |      0|  0|  23|          16|          16|
    |temp_c2_int8_19_V_fu_8486_p2      |     +    |      0|  0|  23|          16|          16|
    |temp_c2_int8_1_V_fu_7663_p2       |     +    |      0|  0|  23|          16|          16|
    |temp_c2_int8_20_V_fu_8534_p2      |     +    |      0|  0|  23|          16|          16|
    |temp_c2_int8_21_V_fu_8582_p2      |     +    |      0|  0|  23|          16|          16|
    |temp_c2_int8_22_V_fu_8630_p2      |     +    |      0|  0|  23|          16|          16|
    |temp_c2_int8_23_V_fu_8678_p2      |     +    |      0|  0|  23|          16|          16|
    |temp_c2_int8_24_V_fu_8726_p2      |     +    |      0|  0|  23|          16|          16|
    |temp_c2_int8_2_V_fu_7711_p2       |     +    |      0|  0|  23|          16|          16|
    |temp_c2_int8_3_V_fu_7759_p2       |     +    |      0|  0|  23|          16|          16|
    |temp_c2_int8_4_V_fu_7807_p2       |     +    |      0|  0|  23|          16|          16|
    |temp_c2_int8_5_V_fu_7855_p2       |     +    |      0|  0|  23|          16|          16|
    |temp_c2_int8_6_V_fu_7903_p2       |     +    |      0|  0|  23|          16|          16|
    |temp_c2_int8_7_V_fu_7951_p2       |     +    |      0|  0|  23|          16|          16|
    |temp_c2_int8_8_V_fu_7999_p2       |     +    |      0|  0|  23|          16|          16|
    |temp_c2_int8_9_V_fu_8047_p2       |     +    |      0|  0|  23|          16|          16|
    |tmp_V_92_fu_12310_p2              |     +    |      0|  0|  32|          32|          32|
    |bound_fu_1064_p2                  |     -    |      0|  0|  49|          42|          42|
    |ap_predicate_op376_read_state3    |    and   |      0|  0|   2|           1|           1|
    |icmp_ln105_fu_1070_p2             |   icmp   |      0|  0|  24|          42|          42|
    |icmp_ln107_fu_1081_p2             |   icmp   |      0|  0|  13|          10|          10|
    |icmp_ln136_fu_1109_p2             |   icmp   |      0|  0|  13|           9|           1|
    |icmp_ln145_fu_1125_p2             |   icmp   |      0|  0|  11|           8|           1|
    |ap_block_pp0_stage0_01001         |    or    |      0|  0|   2|           1|           1|
    |ap_block_state1                   |    or    |      0|  0|   2|           1|           1|
    |ap_block_state3_pp0_stage0_iter1  |    or    |      0|  0|   2|           1|           1|
    |ap_block_state6_pp0_stage0_iter4  |    or    |      0|  0|   2|           1|           1|
    |ap_block_state7_pp0_stage0_iter5  |    or    |      0|  0|   2|           1|           1|
    |c_buffer1_1_V_25_fu_12280_p3      |  select  |      0|  0|  32|           1|          32|
    |c_buffer1_1_V_26_fu_12287_p3      |  select  |      0|  0|  32|           1|          32|
    |c_buffer2_1_V_25_fu_12325_p3      |  select  |      0|  0|  32|           1|          32|
    |c_buffer2_1_V_26_fu_12332_p3      |  select  |      0|  0|  32|           1|          32|
    |select_ln107_fu_1087_p3           |  select  |      0|  0|  10|           1|           1|
    |select_ln215_100_fu_9275_p3       |  select  |      0|  0|   8|           1|           8|
    |select_ln215_101_fu_9323_p3       |  select  |      0|  0|   8|           1|           8|
    |select_ln215_102_fu_9371_p3       |  select  |      0|  0|   8|           1|           8|
    |select_ln215_103_fu_9419_p3       |  select  |      0|  0|   8|           1|           8|
    |select_ln215_104_fu_9467_p3       |  select  |      0|  0|   8|           1|           8|
    |select_ln215_105_fu_9515_p3       |  select  |      0|  0|   8|           1|           8|
    |select_ln215_106_fu_9563_p3       |  select  |      0|  0|   8|           1|           8|
    |select_ln215_107_fu_9611_p3       |  select  |      0|  0|   8|           1|           8|
    |select_ln215_108_fu_9659_p3       |  select  |      0|  0|   8|           1|           8|
    |select_ln215_109_fu_9707_p3       |  select  |      0|  0|   8|           1|           8|
    |select_ln215_110_fu_9755_p3       |  select  |      0|  0|   8|           1|           8|
    |select_ln215_111_fu_9803_p3       |  select  |      0|  0|   8|           1|           8|
    |select_ln215_112_fu_9851_p3       |  select  |      0|  0|   8|           1|           8|
    |select_ln215_113_fu_9899_p3       |  select  |      0|  0|   8|           1|           8|
    |select_ln215_114_fu_9947_p3       |  select  |      0|  0|   8|           1|           8|
    |select_ln215_115_fu_9995_p3       |  select  |      0|  0|   8|           1|           8|
    |select_ln215_116_fu_10043_p3      |  select  |      0|  0|   8|           1|           8|
    |select_ln215_117_fu_10091_p3      |  select  |      0|  0|   8|           1|           8|
    |select_ln215_118_fu_10139_p3      |  select  |      0|  0|   8|           1|           8|
    |select_ln215_119_fu_10187_p3      |  select  |      0|  0|   8|           1|           8|
    |select_ln215_120_fu_10235_p3      |  select  |      0|  0|   8|           1|           8|
    |select_ln215_121_fu_10283_p3      |  select  |      0|  0|   8|           1|           8|
    |select_ln215_122_fu_10331_p3      |  select  |      0|  0|   8|           1|           8|
    |select_ln215_123_fu_10379_p3      |  select  |      0|  0|   8|           1|           8|
    |select_ln215_124_fu_10427_p3      |  select  |      0|  0|   8|           1|           8|
    |select_ln215_125_fu_10475_p3      |  select  |      0|  0|   8|           1|           8|
    |select_ln215_126_fu_10523_p3      |  select  |      0|  0|   8|           1|           8|
    |select_ln215_64_fu_7629_p3        |  select  |      0|  0|   8|           1|           8|
    |select_ln215_65_fu_7677_p3        |  select  |      0|  0|   8|           1|           8|
    |select_ln215_66_fu_7725_p3        |  select  |      0|  0|   8|           1|           8|
    |select_ln215_67_fu_7773_p3        |  select  |      0|  0|   8|           1|           8|
    |select_ln215_68_fu_7821_p3        |  select  |      0|  0|   8|           1|           8|
    |select_ln215_69_fu_7869_p3        |  select  |      0|  0|   8|           1|           8|
    |select_ln215_70_fu_7917_p3        |  select  |      0|  0|   8|           1|           8|
    |select_ln215_71_fu_7965_p3        |  select  |      0|  0|   8|           1|           8|
    |select_ln215_72_fu_8013_p3        |  select  |      0|  0|   8|           1|           8|
    |select_ln215_73_fu_8061_p3        |  select  |      0|  0|   8|           1|           8|
    |select_ln215_74_fu_8109_p3        |  select  |      0|  0|   8|           1|           8|
    |select_ln215_75_fu_8157_p3        |  select  |      0|  0|   8|           1|           8|
    |select_ln215_76_fu_8205_p3        |  select  |      0|  0|   8|           1|           8|
    |select_ln215_77_fu_8253_p3        |  select  |      0|  0|   8|           1|           8|
    |select_ln215_78_fu_8301_p3        |  select  |      0|  0|   8|           1|           8|
    |select_ln215_79_fu_8341_p3        |  select  |      0|  0|   8|           1|           8|
    |select_ln215_80_fu_8356_p3        |  select  |      0|  0|   8|           1|           8|
    |select_ln215_81_fu_8404_p3        |  select  |      0|  0|   8|           1|           8|
    |select_ln215_82_fu_8452_p3        |  select  |      0|  0|   8|           1|           8|
    |select_ln215_83_fu_8500_p3        |  select  |      0|  0|   8|           1|           8|
    |select_ln215_84_fu_8548_p3        |  select  |      0|  0|   8|           1|           8|
    |select_ln215_85_fu_8596_p3        |  select  |      0|  0|   8|           1|           8|
    |select_ln215_86_fu_8644_p3        |  select  |      0|  0|   8|           1|           8|
    |select_ln215_87_fu_8692_p3        |  select  |      0|  0|   8|           1|           8|
    |select_ln215_88_fu_8740_p3        |  select  |      0|  0|   8|           1|           8|
    |select_ln215_89_fu_8788_p3        |  select  |      0|  0|   8|           1|           8|
    |select_ln215_90_fu_8836_p3        |  select  |      0|  0|   8|           1|           8|
    |select_ln215_91_fu_8884_p3        |  select  |      0|  0|   8|           1|           8|
    |select_ln215_92_fu_8932_p3        |  select  |      0|  0|   8|           1|           8|
    |select_ln215_93_fu_8980_p3        |  select  |      0|  0|   8|           1|           8|
    |select_ln215_94_fu_9028_p3        |  select  |      0|  0|   8|           1|           8|
    |select_ln215_95_fu_9068_p3        |  select  |      0|  0|   8|           1|           8|
    |select_ln215_96_fu_9083_p3        |  select  |      0|  0|   8|           1|           8|
    |select_ln215_97_fu_9131_p3        |  select  |      0|  0|   8|           1|           8|
    |select_ln215_98_fu_9179_p3        |  select  |      0|  0|   8|           1|           8|
    |select_ln215_99_fu_9227_p3        |  select  |      0|  0|   8|           1|           8|
    |select_ln215_fu_7581_p3           |  select  |      0|  0|   8|           1|           8|
    |temp_a1_int8_0_V_fu_5467_p3       |  select  |      0|  0|  24|           1|          24|
    |temp_a1_int8_10_V_fu_5747_p3      |  select  |      0|  0|  24|           1|          24|
    |temp_a1_int8_11_V_fu_5775_p3      |  select  |      0|  0|  24|           1|          24|
    |temp_a1_int8_12_V_fu_5803_p3      |  select  |      0|  0|  24|           1|          24|
    |temp_a1_int8_13_V_fu_5831_p3      |  select  |      0|  0|  24|           1|          24|
    |temp_a1_int8_14_V_fu_5859_p3      |  select  |      0|  0|  24|           1|          24|
    |temp_a1_int8_15_V_fu_5887_p3      |  select  |      0|  0|  24|           1|          24|
    |temp_a1_int8_16_V_fu_10969_p3     |  select  |      0|  0|  24|           1|          24|
    |temp_a1_int8_17_V_fu_5915_p3      |  select  |      0|  0|  24|           1|          24|
    |temp_a1_int8_18_V_fu_5943_p3      |  select  |      0|  0|  24|           1|          24|
    |temp_a1_int8_19_V_fu_5971_p3      |  select  |      0|  0|  24|           1|          24|
    |temp_a1_int8_1_V_fu_5495_p3       |  select  |      0|  0|  24|           1|          24|
    |temp_a1_int8_20_V_fu_5999_p3      |  select  |      0|  0|  24|           1|          24|
    |temp_a1_int8_21_V_fu_6027_p3      |  select  |      0|  0|  24|           1|          24|
    |temp_a1_int8_22_V_fu_6055_p3      |  select  |      0|  0|  24|           1|          24|
    |temp_a1_int8_23_V_fu_6083_p3      |  select  |      0|  0|  24|           1|          24|
    |temp_a1_int8_24_V_fu_6111_p3      |  select  |      0|  0|  24|           1|          24|
    |temp_a1_int8_25_V_fu_6139_p3      |  select  |      0|  0|  24|           1|          24|
    |temp_a1_int8_26_V_fu_6167_p3      |  select  |      0|  0|  24|           1|          24|
    |temp_a1_int8_27_V_fu_6195_p3      |  select  |      0|  0|  24|           1|          24|
    |temp_a1_int8_28_V_fu_6223_p3      |  select  |      0|  0|  24|           1|          24|
    |temp_a1_int8_29_V_fu_6251_p3      |  select  |      0|  0|  24|           1|          24|
    |temp_a1_int8_2_V_fu_5523_p3       |  select  |      0|  0|  24|           1|          24|
    |temp_a1_int8_30_V_fu_6279_p3      |  select  |      0|  0|  24|           1|          24|
    |temp_a1_int8_31_V_fu_6307_p3      |  select  |      0|  0|  24|           1|          24|
    |temp_a1_int8_32_V_fu_10997_p3     |  select  |      0|  0|  24|           1|          24|
    |temp_a1_int8_33_V_fu_6335_p3      |  select  |      0|  0|  24|           1|          24|
    |temp_a1_int8_34_V_fu_6363_p3      |  select  |      0|  0|  24|           1|          24|
    |temp_a1_int8_35_V_fu_6391_p3      |  select  |      0|  0|  24|           1|          24|
    |temp_a1_int8_36_V_fu_6419_p3      |  select  |      0|  0|  24|           1|          24|
    |temp_a1_int8_37_V_fu_6447_p3      |  select  |      0|  0|  24|           1|          24|
    |temp_a1_int8_38_V_fu_6475_p3      |  select  |      0|  0|  24|           1|          24|
    |temp_a1_int8_39_V_fu_6503_p3      |  select  |      0|  0|  24|           1|          24|
    |temp_a1_int8_3_V_fu_5551_p3       |  select  |      0|  0|  24|           1|          24|
    |temp_a1_int8_40_V_fu_6531_p3      |  select  |      0|  0|  24|           1|          24|
    |temp_a1_int8_41_V_fu_6559_p3      |  select  |      0|  0|  24|           1|          24|
    |temp_a1_int8_42_V_fu_6587_p3      |  select  |      0|  0|  24|           1|          24|
    |temp_a1_int8_43_V_fu_6615_p3      |  select  |      0|  0|  24|           1|          24|
    |temp_a1_int8_44_V_fu_6643_p3      |  select  |      0|  0|  24|           1|          24|
    |temp_a1_int8_45_V_fu_6671_p3      |  select  |      0|  0|  24|           1|          24|
    |temp_a1_int8_46_V_fu_6699_p3      |  select  |      0|  0|  24|           1|          24|
    |temp_a1_int8_47_V_fu_6727_p3      |  select  |      0|  0|  24|           1|          24|
    |temp_a1_int8_48_V_fu_6755_p3      |  select  |      0|  0|  24|           1|          24|
    |temp_a1_int8_49_V_fu_6783_p3      |  select  |      0|  0|  24|           1|          24|
    |temp_a1_int8_4_V_fu_5579_p3       |  select  |      0|  0|  24|           1|          24|
    |temp_a1_int8_50_V_fu_6811_p3      |  select  |      0|  0|  24|           1|          24|
    |temp_a1_int8_51_V_fu_6839_p3      |  select  |      0|  0|  24|           1|          24|
    |temp_a1_int8_52_V_fu_6867_p3      |  select  |      0|  0|  24|           1|          24|
    |temp_a1_int8_53_V_fu_6895_p3      |  select  |      0|  0|  24|           1|          24|
    |temp_a1_int8_54_V_fu_6923_p3      |  select  |      0|  0|  24|           1|          24|
    |temp_a1_int8_55_V_fu_6951_p3      |  select  |      0|  0|  24|           1|          24|
    |temp_a1_int8_56_V_fu_6979_p3      |  select  |      0|  0|  24|           1|          24|
    |temp_a1_int8_57_V_fu_7007_p3      |  select  |      0|  0|  24|           1|          24|
    |temp_a1_int8_58_V_fu_7035_p3      |  select  |      0|  0|  24|           1|          24|
    |temp_a1_int8_59_V_fu_7063_p3      |  select  |      0|  0|  24|           1|          24|
    |temp_a1_int8_5_V_fu_5607_p3       |  select  |      0|  0|  24|           1|          24|
    |temp_a1_int8_60_V_fu_7091_p3      |  select  |      0|  0|  24|           1|          24|
    |temp_a1_int8_61_V_fu_7119_p3      |  select  |      0|  0|  24|           1|          24|
    |temp_a1_int8_62_V_fu_7147_p3      |  select  |      0|  0|  24|           1|          24|
    |temp_a1_int8_63_V_fu_7175_p3      |  select  |      0|  0|  24|           1|          24|
    |temp_a1_int8_6_V_fu_5635_p3       |  select  |      0|  0|  24|           1|          24|
    |temp_a1_int8_7_V_fu_5663_p3       |  select  |      0|  0|  24|           1|          24|
    |temp_a1_int8_8_V_fu_5691_p3       |  select  |      0|  0|  24|           1|          24|
    |temp_a1_int8_9_V_fu_5719_p3       |  select  |      0|  0|  24|           1|          24|
    |temp_b_int8_0_1_V_25_fu_3293_p3   |  select  |      0|  0|   8|           1|           8|
    |temp_b_int8_0_1_V_26_fu_3300_p3   |  select  |      0|  0|   8|           1|           8|
    |temp_b_int8_10_1_V_45_fu_3533_p3  |  select  |      0|  0|   8|           1|           8|
    |temp_b_int8_10_1_V_46_fu_3540_p3  |  select  |      0|  0|   8|           1|           8|
    |temp_b_int8_11_1_V_45_fu_3557_p3  |  select  |      0|  0|   8|           1|           8|
    |temp_b_int8_11_1_V_46_fu_3564_p3  |  select  |      0|  0|   8|           1|           8|
    |temp_b_int8_12_1_V_45_fu_3581_p3  |  select  |      0|  0|   8|           1|           8|
    |temp_b_int8_12_1_V_46_fu_3588_p3  |  select  |      0|  0|   8|           1|           8|
    |temp_b_int8_13_1_V_45_fu_3605_p3  |  select  |      0|  0|   8|           1|           8|
    |temp_b_int8_13_1_V_46_fu_3612_p3  |  select  |      0|  0|   8|           1|           8|
    |temp_b_int8_14_1_V_45_fu_3629_p3  |  select  |      0|  0|   8|           1|           8|
    |temp_b_int8_14_1_V_46_fu_3636_p3  |  select  |      0|  0|   8|           1|           8|
    |temp_b_int8_15_1_V_45_fu_3653_p3  |  select  |      0|  0|   8|           1|           8|
    |temp_b_int8_15_1_V_46_fu_3660_p3  |  select  |      0|  0|   8|           1|           8|
    |temp_b_int8_16_1_V_45_fu_3677_p3  |  select  |      0|  0|   8|           1|           8|
    |temp_b_int8_16_1_V_46_fu_3684_p3  |  select  |      0|  0|   8|           1|           8|
    |temp_b_int8_17_1_V_45_fu_3701_p3  |  select  |      0|  0|   8|           1|           8|
    |temp_b_int8_17_1_V_46_fu_3708_p3  |  select  |      0|  0|   8|           1|           8|
    |temp_b_int8_18_1_V_45_fu_3725_p3  |  select  |      0|  0|   8|           1|           8|
    |temp_b_int8_18_1_V_46_fu_3732_p3  |  select  |      0|  0|   8|           1|           8|
    |temp_b_int8_19_1_V_45_fu_3749_p3  |  select  |      0|  0|   8|           1|           8|
    |temp_b_int8_19_1_V_46_fu_3756_p3  |  select  |      0|  0|   8|           1|           8|
    |temp_b_int8_1_1_V_25_fu_3317_p3   |  select  |      0|  0|   8|           1|           8|
    |temp_b_int8_1_1_V_26_fu_3324_p3   |  select  |      0|  0|   8|           1|           8|
    |temp_b_int8_20_1_V_45_fu_3773_p3  |  select  |      0|  0|   8|           1|           8|
    |temp_b_int8_20_1_V_46_fu_3780_p3  |  select  |      0|  0|   8|           1|           8|
    |temp_b_int8_21_1_V_45_fu_3797_p3  |  select  |      0|  0|   8|           1|           8|
    |temp_b_int8_21_1_V_46_fu_3804_p3  |  select  |      0|  0|   8|           1|           8|
    |temp_b_int8_22_1_V_45_fu_3821_p3  |  select  |      0|  0|   8|           1|           8|
    |temp_b_int8_22_1_V_46_fu_3828_p3  |  select  |      0|  0|   8|           1|           8|
    |temp_b_int8_23_1_V_45_fu_3845_p3  |  select  |      0|  0|   8|           1|           8|
    |temp_b_int8_23_1_V_46_fu_3852_p3  |  select  |      0|  0|   8|           1|           8|
    |temp_b_int8_24_1_V_45_fu_3869_p3  |  select  |      0|  0|   8|           1|           8|
    |temp_b_int8_24_1_V_46_fu_3876_p3  |  select  |      0|  0|   8|           1|           8|
    |temp_b_int8_25_1_V_45_fu_3893_p3  |  select  |      0|  0|   8|           1|           8|
    |temp_b_int8_25_1_V_46_fu_3900_p3  |  select  |      0|  0|   8|           1|           8|
    |temp_b_int8_26_1_V_45_fu_3917_p3  |  select  |      0|  0|   8|           1|           8|
    |temp_b_int8_26_1_V_46_fu_3924_p3  |  select  |      0|  0|   8|           1|           8|
    |temp_b_int8_27_1_V_45_fu_3941_p3  |  select  |      0|  0|   8|           1|           8|
    |temp_b_int8_27_1_V_46_fu_3948_p3  |  select  |      0|  0|   8|           1|           8|
    |temp_b_int8_28_1_V_45_fu_3965_p3  |  select  |      0|  0|   8|           1|           8|
    |temp_b_int8_28_1_V_46_fu_3972_p3  |  select  |      0|  0|   8|           1|           8|
    |temp_b_int8_29_1_V_45_fu_3989_p3  |  select  |      0|  0|   8|           1|           8|
    |temp_b_int8_29_1_V_46_fu_3996_p3  |  select  |      0|  0|   8|           1|           8|
    |temp_b_int8_2_1_V_25_fu_3341_p3   |  select  |      0|  0|   8|           1|           8|
    |temp_b_int8_2_1_V_26_fu_3348_p3   |  select  |      0|  0|   8|           1|           8|
    |temp_b_int8_30_1_V_45_fu_4013_p3  |  select  |      0|  0|   8|           1|           8|
    |temp_b_int8_30_1_V_46_fu_4020_p3  |  select  |      0|  0|   8|           1|           8|
    |temp_b_int8_31_1_V_45_fu_4037_p3  |  select  |      0|  0|   8|           1|           8|
    |temp_b_int8_31_1_V_46_fu_4044_p3  |  select  |      0|  0|   8|           1|           8|
    |temp_b_int8_32_1_V_45_fu_4055_p3  |  select  |      0|  0|   8|           1|           8|
    |temp_b_int8_32_1_V_46_fu_4062_p3  |  select  |      0|  0|   8|           1|           8|
    |temp_b_int8_33_1_V_45_fu_4079_p3  |  select  |      0|  0|   8|           1|           8|
    |temp_b_int8_33_1_V_46_fu_4086_p3  |  select  |      0|  0|   8|           1|           8|
    |temp_b_int8_34_1_V_45_fu_4103_p3  |  select  |      0|  0|   8|           1|           8|
    |temp_b_int8_34_1_V_46_fu_4110_p3  |  select  |      0|  0|   8|           1|           8|
    |temp_b_int8_35_1_V_45_fu_4127_p3  |  select  |      0|  0|   8|           1|           8|
    |temp_b_int8_35_1_V_46_fu_4134_p3  |  select  |      0|  0|   8|           1|           8|
    |temp_b_int8_36_1_V_45_fu_4151_p3  |  select  |      0|  0|   8|           1|           8|
    |temp_b_int8_36_1_V_46_fu_4158_p3  |  select  |      0|  0|   8|           1|           8|
    |temp_b_int8_37_1_V_45_fu_4175_p3  |  select  |      0|  0|   8|           1|           8|
    |temp_b_int8_37_1_V_46_fu_4182_p3  |  select  |      0|  0|   8|           1|           8|
    |temp_b_int8_38_1_V_45_fu_4199_p3  |  select  |      0|  0|   8|           1|           8|
    |temp_b_int8_38_1_V_46_fu_4206_p3  |  select  |      0|  0|   8|           1|           8|
    |temp_b_int8_39_1_V_45_fu_4223_p3  |  select  |      0|  0|   8|           1|           8|
    |temp_b_int8_39_1_V_46_fu_4230_p3  |  select  |      0|  0|   8|           1|           8|
    |temp_b_int8_3_1_V_25_fu_3365_p3   |  select  |      0|  0|   8|           1|           8|
    |temp_b_int8_3_1_V_26_fu_3372_p3   |  select  |      0|  0|   8|           1|           8|
    |temp_b_int8_40_1_V_45_fu_4247_p3  |  select  |      0|  0|   8|           1|           8|
    |temp_b_int8_40_1_V_46_fu_4254_p3  |  select  |      0|  0|   8|           1|           8|
    |temp_b_int8_41_1_V_45_fu_4271_p3  |  select  |      0|  0|   8|           1|           8|
    |temp_b_int8_41_1_V_46_fu_4278_p3  |  select  |      0|  0|   8|           1|           8|
    |temp_b_int8_42_1_V_45_fu_4295_p3  |  select  |      0|  0|   8|           1|           8|
    |temp_b_int8_42_1_V_46_fu_4302_p3  |  select  |      0|  0|   8|           1|           8|
    |temp_b_int8_43_1_V_45_fu_4319_p3  |  select  |      0|  0|   8|           1|           8|
    |temp_b_int8_43_1_V_46_fu_4326_p3  |  select  |      0|  0|   8|           1|           8|
    |temp_b_int8_44_1_V_45_fu_4343_p3  |  select  |      0|  0|   8|           1|           8|
    |temp_b_int8_44_1_V_46_fu_4350_p3  |  select  |      0|  0|   8|           1|           8|
    |temp_b_int8_45_1_V_45_fu_4367_p3  |  select  |      0|  0|   8|           1|           8|
    |temp_b_int8_45_1_V_46_fu_4374_p3  |  select  |      0|  0|   8|           1|           8|
    |temp_b_int8_46_1_V_45_fu_4391_p3  |  select  |      0|  0|   8|           1|           8|
    |temp_b_int8_46_1_V_46_fu_4398_p3  |  select  |      0|  0|   8|           1|           8|
    |temp_b_int8_47_1_V_45_fu_4415_p3  |  select  |      0|  0|   8|           1|           8|
    |temp_b_int8_47_1_V_46_fu_4422_p3  |  select  |      0|  0|   8|           1|           8|
    |temp_b_int8_48_1_V_45_fu_4439_p3  |  select  |      0|  0|   8|           1|           8|
    |temp_b_int8_48_1_V_46_fu_4446_p3  |  select  |      0|  0|   8|           1|           8|
    |temp_b_int8_49_1_V_45_fu_4463_p3  |  select  |      0|  0|   8|           1|           8|
    |temp_b_int8_49_1_V_46_fu_4470_p3  |  select  |      0|  0|   8|           1|           8|
    |temp_b_int8_4_1_V_25_fu_3389_p3   |  select  |      0|  0|   8|           1|           8|
    |temp_b_int8_4_1_V_26_fu_3396_p3   |  select  |      0|  0|   8|           1|           8|
    |temp_b_int8_50_1_V_45_fu_4487_p3  |  select  |      0|  0|   8|           1|           8|
    |temp_b_int8_50_1_V_46_fu_4494_p3  |  select  |      0|  0|   8|           1|           8|
    |temp_b_int8_51_1_V_45_fu_4511_p3  |  select  |      0|  0|   8|           1|           8|
    |temp_b_int8_51_1_V_46_fu_4518_p3  |  select  |      0|  0|   8|           1|           8|
    |temp_b_int8_52_1_V_45_fu_4535_p3  |  select  |      0|  0|   8|           1|           8|
    |temp_b_int8_52_1_V_46_fu_4542_p3  |  select  |      0|  0|   8|           1|           8|
    |temp_b_int8_53_1_V_45_fu_4559_p3  |  select  |      0|  0|   8|           1|           8|
    |temp_b_int8_53_1_V_46_fu_4566_p3  |  select  |      0|  0|   8|           1|           8|
    |temp_b_int8_54_1_V_45_fu_4583_p3  |  select  |      0|  0|   8|           1|           8|
    |temp_b_int8_54_1_V_46_fu_4590_p3  |  select  |      0|  0|   8|           1|           8|
    |temp_b_int8_55_1_V_45_fu_4607_p3  |  select  |      0|  0|   8|           1|           8|
    |temp_b_int8_55_1_V_46_fu_4614_p3  |  select  |      0|  0|   8|           1|           8|
    |temp_b_int8_56_1_V_45_fu_4631_p3  |  select  |      0|  0|   8|           1|           8|
    |temp_b_int8_56_1_V_46_fu_4638_p3  |  select  |      0|  0|   8|           1|           8|
    |temp_b_int8_57_1_V_45_fu_4655_p3  |  select  |      0|  0|   8|           1|           8|
    |temp_b_int8_57_1_V_46_fu_4662_p3  |  select  |      0|  0|   8|           1|           8|
    |temp_b_int8_58_1_V_45_fu_4679_p3  |  select  |      0|  0|   8|           1|           8|
    |temp_b_int8_58_1_V_46_fu_4686_p3  |  select  |      0|  0|   8|           1|           8|
    |temp_b_int8_59_1_V_45_fu_4703_p3  |  select  |      0|  0|   8|           1|           8|
    |temp_b_int8_59_1_V_46_fu_4710_p3  |  select  |      0|  0|   8|           1|           8|
    |temp_b_int8_5_1_V_25_fu_3413_p3   |  select  |      0|  0|   8|           1|           8|
    |temp_b_int8_5_1_V_26_fu_3420_p3   |  select  |      0|  0|   8|           1|           8|
    |temp_b_int8_60_1_V_45_fu_4727_p3  |  select  |      0|  0|   8|           1|           8|
    |temp_b_int8_60_1_V_46_fu_4734_p3  |  select  |      0|  0|   8|           1|           8|
    |temp_b_int8_61_1_V_45_fu_4751_p3  |  select  |      0|  0|   8|           1|           8|
    |temp_b_int8_61_1_V_46_fu_4758_p3  |  select  |      0|  0|   8|           1|           8|
    |temp_b_int8_62_1_V_45_fu_4775_p3  |  select  |      0|  0|   8|           1|           8|
    |temp_b_int8_62_1_V_46_fu_4782_p3  |  select  |      0|  0|   8|           1|           8|
    |temp_b_int8_63_1_V_45_fu_4799_p3  |  select  |      0|  0|   8|           1|           8|
    |temp_b_int8_63_1_V_46_fu_4806_p3  |  select  |      0|  0|   8|           1|           8|
    |temp_b_int8_6_1_V_25_fu_3437_p3   |  select  |      0|  0|   8|           1|           8|
    |temp_b_int8_6_1_V_26_fu_3444_p3   |  select  |      0|  0|   8|           1|           8|
    |temp_b_int8_7_1_V_25_fu_3461_p3   |  select  |      0|  0|   8|           1|           8|
    |temp_b_int8_7_1_V_26_fu_3468_p3   |  select  |      0|  0|   8|           1|           8|
    |temp_b_int8_8_1_V_25_fu_3485_p3   |  select  |      0|  0|   8|           1|           8|
    |temp_b_int8_8_1_V_26_fu_3492_p3   |  select  |      0|  0|   8|           1|           8|
    |temp_b_int8_9_1_V_25_fu_3509_p3   |  select  |      0|  0|   8|           1|           8|
    |temp_b_int8_9_1_V_26_fu_3516_p3   |  select  |      0|  0|   8|           1|           8|
    |ap_enable_pp0                     |    xor   |      0|  0|   2|           1|           2|
    |ap_enable_reg_pp0_iter1           |    xor   |      0|  0|   2|           2|           1|
    +----------------------------------+----------+-------+---+----+------------+------------+
    |Total                             |          |      0|  0|8300|        3901|        6776|
    +----------------------------------+----------+-------+---+----+------------+------------+

    * Multiplexer: 
    +-------------------------+----+-----------+-----+-----------+
    |           Name          | LUT| Input Size| Bits| Total Bits|
    +-------------------------+----+-----------+-----+-----------+
    |N_pipe_in_4_V_V_blk_n    |   9|          2|    1|          2|
    |N_pipe_out_5_V_V_blk_n   |   9|          2|    1|          2|
    |a_in_1_4_V_V_blk_n       |   9|          2|    1|          2|
    |a_in_2_4_V_V_blk_n       |   9|          2|    1|          2|
    |a_in_3_4_V_V_blk_n       |   9|          2|    1|          2|
    |a_in_4_4_V_V_blk_n       |   9|          2|    1|          2|
    |ap_NS_fsm                |  21|          4|    1|          4|
    |ap_done                  |   9|          2|    1|          2|
    |ap_enable_reg_pp0_iter1  |   9|          2|    1|          2|
    |ap_enable_reg_pp0_iter5  |   9|          2|    1|          2|
    |b_in_1_4_V_V_blk_n       |   9|          2|    1|          2|
    |b_in_2_4_V_V_blk_n       |   9|          2|    1|          2|
    |b_out_1_5_V_V_blk_n      |   9|          2|    1|          2|
    |b_out_2_5_V_V_blk_n      |   9|          2|    1|          2|
    |c_in_1_4_V_V_blk_n       |   9|          2|    1|          2|
    |c_in_2_4_V_V_blk_n       |   9|          2|    1|          2|
    |c_out_1_5_V_V_blk_n      |   9|          2|    1|          2|
    |c_out_2_5_V_V_blk_n      |   9|          2|    1|          2|
    |indvar_flatten_reg_1022  |   9|          2|   42|         84|
    |iter2_0_reg_1033         |   9|          2|   10|         20|
    |real_start               |   9|          2|    1|          2|
    +-------------------------+----+-----------+-----+-----------+
    |Total                    | 201|         44|   71|        144|
    +-------------------------+----+-----------+-----+-----------+

    * Register: 
    +-----------------------------------------+----+----+-----+-----------+
    |                   Name                  | FF | LUT| Bits| Const Bits|
    +-----------------------------------------+----+----+-----+-----------+
    |add_ln700_129_reg_15591                  |  17|   0|   17|          0|
    |add_ln700_134_reg_15596                  |  17|   0|   17|          0|
    |add_ln700_142_reg_15601                  |  17|   0|   17|          0|
    |add_ln700_144_reg_15606                  |  17|   0|   17|          0|
    |add_ln700_145_reg_15611                  |  17|   0|   17|          0|
    |add_ln700_156_reg_15741                  |  20|   0|   20|          0|
    |add_ln700_158_reg_15616                  |  17|   0|   17|          0|
    |add_ln700_159_reg_15746                  |  21|   0|   21|          0|
    |add_ln700_160_reg_15621                  |  17|   0|   17|          0|
    |add_ln700_161_reg_15626                  |  17|   0|   17|          0|
    |add_ln700_162_reg_15751                  |  18|   0|   18|          0|
    |add_ln700_164_reg_15631                  |  17|   0|   17|          0|
    |add_ln700_165_reg_15636                  |  17|   0|   17|          0|
    |add_ln700_167_reg_15641                  |  17|   0|   17|          0|
    |add_ln700_168_reg_15646                  |  17|   0|   17|          0|
    |add_ln700_171_reg_15756                  |  20|   0|   20|          0|
    |add_ln700_174_reg_15761                  |  17|   0|   17|          0|
    |add_ln700_178_reg_15766                  |  18|   0|   18|          0|
    |add_ln700_187_reg_15771                  |  20|   0|   20|          0|
    |add_ln700_190_reg_15651                  |  17|   0|   17|          0|
    |add_ln700_190_reg_15651_pp0_iter3_reg    |  17|   0|   17|          0|
    |add_ln700_192_reg_15656                  |  17|   0|   17|          0|
    |add_ln700_193_reg_15661                  |  17|   0|   17|          0|
    |add_ln700_194_reg_15776                  |  18|   0|   18|          0|
    |add_ln700_196_reg_15666                  |  17|   0|   17|          0|
    |add_ln700_197_reg_15671                  |  17|   0|   17|          0|
    |add_ln700_199_reg_15676                  |  17|   0|   17|          0|
    |add_ln700_200_reg_15681                  |  17|   0|   17|          0|
    |add_ln700_202_reg_15781                  |  19|   0|   19|          0|
    |add_ln700_204_reg_15686                  |  17|   0|   17|          0|
    |add_ln700_205_reg_15691                  |  17|   0|   17|          0|
    |add_ln700_207_reg_15696                  |  17|   0|   17|          0|
    |add_ln700_208_reg_15701                  |  17|   0|   17|          0|
    |add_ln700_211_reg_15706                  |  17|   0|   17|          0|
    |add_ln700_212_reg_15711                  |  17|   0|   17|          0|
    |add_ln700_214_reg_15716                  |  17|   0|   17|          0|
    |add_ln700_215_reg_15721                  |  17|   0|   17|          0|
    |add_ln700_219_reg_15786                  |  21|   0|   21|          0|
    |add_ln700_222_reg_15791                  |  17|   0|   17|          0|
    |add_ln700_226_reg_15796                  |  18|   0|   18|          0|
    |add_ln700_234_reg_15801                  |  19|   0|   19|          0|
    |add_ln700_251_reg_15806                  |  21|   0|   21|          0|
    |add_ln700_reg_15586                      |  17|   0|   17|          0|
    |add_ln78_25_reg_15381                    |  16|   0|   16|          0|
    |add_ln78_26_reg_15386                    |  16|   0|   16|          0|
    |add_ln78_27_reg_15391                    |  16|   0|   16|          0|
    |add_ln78_28_reg_15396                    |  16|   0|   16|          0|
    |add_ln78_29_reg_15406                    |  16|   0|   16|          0|
    |add_ln78_30_reg_15411                    |  16|   0|   16|          0|
    |add_ln78_31_reg_15416                    |  16|   0|   16|          0|
    |add_ln78_32_reg_15736                    |  16|   0|   16|          0|
    |add_ln78_33_reg_15426                    |  16|   0|   16|          0|
    |add_ln78_34_reg_15431                    |  16|   0|   16|          0|
    |add_ln78_35_reg_15436                    |  16|   0|   16|          0|
    |add_ln78_36_reg_15441                    |  16|   0|   16|          0|
    |add_ln78_37_reg_15446                    |  16|   0|   16|          0|
    |add_ln78_38_reg_15451                    |  16|   0|   16|          0|
    |add_ln78_39_reg_15461                    |  16|   0|   16|          0|
    |add_ln78_40_reg_15466                    |  16|   0|   16|          0|
    |add_ln78_41_reg_15471                    |  16|   0|   16|          0|
    |add_ln78_42_reg_15476                    |  16|   0|   16|          0|
    |add_ln78_43_reg_15481                    |  16|   0|   16|          0|
    |add_ln78_44_reg_15486                    |  16|   0|   16|          0|
    |add_ln78_45_reg_15491                    |  16|   0|   16|          0|
    |add_ln78_46_reg_15496                    |  16|   0|   16|          0|
    |add_ln78_47_reg_15501                    |  16|   0|   16|          0|
    |add_ln78_48_reg_15506                    |  16|   0|   16|          0|
    |add_ln78_49_reg_15511                    |  16|   0|   16|          0|
    |add_ln78_50_reg_15516                    |  16|   0|   16|          0|
    |add_ln78_51_reg_15521                    |  16|   0|   16|          0|
    |add_ln78_52_reg_15526                    |  16|   0|   16|          0|
    |add_ln78_53_reg_15531                    |  16|   0|   16|          0|
    |add_ln78_54_reg_15536                    |  16|   0|   16|          0|
    |add_ln78_55_reg_15541                    |  16|   0|   16|          0|
    |add_ln78_56_reg_15546                    |  16|   0|   16|          0|
    |add_ln78_57_reg_15551                    |  16|   0|   16|          0|
    |add_ln78_58_reg_15556                    |  16|   0|   16|          0|
    |add_ln78_59_reg_15561                    |  16|   0|   16|          0|
    |add_ln78_60_reg_15571                    |  16|   0|   16|          0|
    |add_ln78_61_reg_15576                    |  16|   0|   16|          0|
    |add_ln78_62_reg_15581                    |  16|   0|   16|          0|
    |add_ln78_reg_15456                       |  16|   0|   16|          0|
    |ap_CS_fsm                                |   3|   0|    3|          0|
    |ap_done_reg                              |   1|   0|    1|          0|
    |ap_enable_reg_pp0_iter0                  |   1|   0|    1|          0|
    |ap_enable_reg_pp0_iter1                  |   1|   0|    1|          0|
    |ap_enable_reg_pp0_iter2                  |   1|   0|    1|          0|
    |ap_enable_reg_pp0_iter3                  |   1|   0|    1|          0|
    |ap_enable_reg_pp0_iter4                  |   1|   0|    1|          0|
    |ap_enable_reg_pp0_iter5                  |   1|   0|    1|          0|
    |bound_reg_13985                          |  34|   0|   42|          8|
    |c_buffer1_1_V_23_fu_414                  |  32|   0|   32|          0|
    |c_buffer1_1_V_fu_410                     |  32|   0|   32|          0|
    |c_buffer2_0_V_reg_15811                  |  22|   0|   22|          0|
    |c_buffer2_1_V_23_fu_406                  |  32|   0|   32|          0|
    |c_buffer2_1_V_fu_402                     |  32|   0|   32|          0|
    |icmp_ln105_reg_13990                     |   1|   0|    1|          0|
    |icmp_ln136_reg_14199                     |   1|   0|    1|          0|
    |icmp_ln145_reg_14203                     |   1|   0|    1|          0|
    |indvar_flatten_reg_1022                  |  42|   0|   42|          0|
    |iter2_0_reg_1033                         |  10|   0|   10|          0|
    |j_reg_13999                              |   1|   0|    1|          0|
    |p_Result_52_10_reg_14372                 |   8|   0|    8|          0|
    |p_Result_52_11_reg_14388                 |   8|   0|    8|          0|
    |p_Result_52_12_reg_14404                 |   8|   0|    8|          0|
    |p_Result_52_13_reg_14420                 |   8|   0|    8|          0|
    |p_Result_52_14_reg_14436                 |   8|   0|    8|          0|
    |p_Result_52_15_reg_14452                 |   8|   0|    8|          0|
    |p_Result_52_16_reg_14468                 |   8|   0|    8|          0|
    |p_Result_52_16_reg_14468_pp0_iter2_reg   |   8|   0|    8|          0|
    |p_Result_52_17_reg_14484                 |   8|   0|    8|          0|
    |p_Result_52_18_reg_14500                 |   8|   0|    8|          0|
    |p_Result_52_19_reg_14516                 |   8|   0|    8|          0|
    |p_Result_52_1_reg_14228                  |   8|   0|    8|          0|
    |p_Result_52_20_reg_14532                 |   8|   0|    8|          0|
    |p_Result_52_21_reg_14548                 |   8|   0|    8|          0|
    |p_Result_52_22_reg_14564                 |   8|   0|    8|          0|
    |p_Result_52_23_reg_14580                 |   8|   0|    8|          0|
    |p_Result_52_24_reg_14596                 |   8|   0|    8|          0|
    |p_Result_52_25_reg_14612                 |   8|   0|    8|          0|
    |p_Result_52_26_reg_14628                 |   8|   0|    8|          0|
    |p_Result_52_27_reg_14644                 |   8|   0|    8|          0|
    |p_Result_52_28_reg_14660                 |   8|   0|    8|          0|
    |p_Result_52_29_reg_14676                 |   8|   0|    8|          0|
    |p_Result_52_2_reg_14244                  |   8|   0|    8|          0|
    |p_Result_52_30_reg_14692                 |   8|   0|    8|          0|
    |p_Result_52_31_reg_14708                 |   8|   0|    8|          0|
    |p_Result_52_33_reg_14740                 |   8|   0|    8|          0|
    |p_Result_52_34_reg_14756                 |   8|   0|    8|          0|
    |p_Result_52_35_reg_14772                 |   8|   0|    8|          0|
    |p_Result_52_36_reg_14788                 |   8|   0|    8|          0|
    |p_Result_52_37_reg_14804                 |   8|   0|    8|          0|
    |p_Result_52_38_reg_14820                 |   8|   0|    8|          0|
    |p_Result_52_39_reg_14836                 |   8|   0|    8|          0|
    |p_Result_52_3_reg_14260                  |   8|   0|    8|          0|
    |p_Result_52_40_reg_14852                 |   8|   0|    8|          0|
    |p_Result_52_41_reg_14868                 |   8|   0|    8|          0|
    |p_Result_52_42_reg_14884                 |   8|   0|    8|          0|
    |p_Result_52_43_reg_14900                 |   8|   0|    8|          0|
    |p_Result_52_44_reg_14916                 |   8|   0|    8|          0|
    |p_Result_52_45_reg_14932                 |   8|   0|    8|          0|
    |p_Result_52_46_reg_14948                 |   8|   0|    8|          0|
    |p_Result_52_47_reg_14964                 |   8|   0|    8|          0|
    |p_Result_52_48_reg_14980                 |   8|   0|    8|          0|
    |p_Result_52_49_reg_14996                 |   8|   0|    8|          0|
    |p_Result_52_4_reg_14276                  |   8|   0|    8|          0|
    |p_Result_52_50_reg_15012                 |   8|   0|    8|          0|
    |p_Result_52_51_reg_15028                 |   8|   0|    8|          0|
    |p_Result_52_52_reg_15044                 |   8|   0|    8|          0|
    |p_Result_52_53_reg_15060                 |   8|   0|    8|          0|
    |p_Result_52_54_reg_15076                 |   8|   0|    8|          0|
    |p_Result_52_55_reg_15092                 |   8|   0|    8|          0|
    |p_Result_52_56_reg_15108                 |   8|   0|    8|          0|
    |p_Result_52_57_reg_15124                 |   8|   0|    8|          0|
    |p_Result_52_58_reg_15140                 |   8|   0|    8|          0|
    |p_Result_52_59_reg_15156                 |   8|   0|    8|          0|
    |p_Result_52_5_reg_14292                  |   8|   0|    8|          0|
    |p_Result_52_60_reg_15172                 |   8|   0|    8|          0|
    |p_Result_52_61_reg_15188                 |   8|   0|    8|          0|
    |p_Result_52_62_reg_15204                 |   8|   0|    8|          0|
    |p_Result_52_6_reg_14308                  |   8|   0|    8|          0|
    |p_Result_52_7_reg_14324                  |   8|   0|    8|          0|
    |p_Result_52_8_reg_14340                  |   8|   0|    8|          0|
    |p_Result_52_9_reg_14356                  |   8|   0|    8|          0|
    |p_Result_52_s_reg_15220                  |   8|   0|    8|          0|
    |p_Result_54_10_reg_14383                 |   8|   0|    8|          0|
    |p_Result_54_11_reg_14399                 |   8|   0|    8|          0|
    |p_Result_54_12_reg_14415                 |   8|   0|    8|          0|
    |p_Result_54_13_reg_14431                 |   8|   0|    8|          0|
    |p_Result_54_14_reg_14447                 |   8|   0|    8|          0|
    |p_Result_54_15_reg_14463                 |   8|   0|    8|          0|
    |p_Result_54_16_reg_14479                 |   8|   0|    8|          0|
    |p_Result_54_16_reg_14479_pp0_iter2_reg   |   8|   0|    8|          0|
    |p_Result_54_17_reg_14495                 |   8|   0|    8|          0|
    |p_Result_54_18_reg_14511                 |   8|   0|    8|          0|
    |p_Result_54_19_reg_14527                 |   8|   0|    8|          0|
    |p_Result_54_1_reg_14239                  |   8|   0|    8|          0|
    |p_Result_54_20_reg_14543                 |   8|   0|    8|          0|
    |p_Result_54_21_reg_14559                 |   8|   0|    8|          0|
    |p_Result_54_22_reg_14575                 |   8|   0|    8|          0|
    |p_Result_54_23_reg_14591                 |   8|   0|    8|          0|
    |p_Result_54_24_reg_14607                 |   8|   0|    8|          0|
    |p_Result_54_25_reg_14623                 |   8|   0|    8|          0|
    |p_Result_54_26_reg_14639                 |   8|   0|    8|          0|
    |p_Result_54_27_reg_14655                 |   8|   0|    8|          0|
    |p_Result_54_28_reg_14671                 |   8|   0|    8|          0|
    |p_Result_54_29_reg_14687                 |   8|   0|    8|          0|
    |p_Result_54_2_reg_14255                  |   8|   0|    8|          0|
    |p_Result_54_30_reg_14703                 |   8|   0|    8|          0|
    |p_Result_54_31_reg_14719                 |   8|   0|    8|          0|
    |p_Result_54_33_reg_14751                 |   8|   0|    8|          0|
    |p_Result_54_34_reg_14767                 |   8|   0|    8|          0|
    |p_Result_54_35_reg_14783                 |   8|   0|    8|          0|
    |p_Result_54_36_reg_14799                 |   8|   0|    8|          0|
    |p_Result_54_37_reg_14815                 |   8|   0|    8|          0|
    |p_Result_54_38_reg_14831                 |   8|   0|    8|          0|
    |p_Result_54_39_reg_14847                 |   8|   0|    8|          0|
    |p_Result_54_3_reg_14271                  |   8|   0|    8|          0|
    |p_Result_54_40_reg_14863                 |   8|   0|    8|          0|
    |p_Result_54_41_reg_14879                 |   8|   0|    8|          0|
    |p_Result_54_42_reg_14895                 |   8|   0|    8|          0|
    |p_Result_54_43_reg_14911                 |   8|   0|    8|          0|
    |p_Result_54_44_reg_14927                 |   8|   0|    8|          0|
    |p_Result_54_45_reg_14943                 |   8|   0|    8|          0|
    |p_Result_54_46_reg_14959                 |   8|   0|    8|          0|
    |p_Result_54_47_reg_14975                 |   8|   0|    8|          0|
    |p_Result_54_48_reg_14991                 |   8|   0|    8|          0|
    |p_Result_54_49_reg_15007                 |   8|   0|    8|          0|
    |p_Result_54_4_reg_14287                  |   8|   0|    8|          0|
    |p_Result_54_50_reg_15023                 |   8|   0|    8|          0|
    |p_Result_54_51_reg_15039                 |   8|   0|    8|          0|
    |p_Result_54_52_reg_15055                 |   8|   0|    8|          0|
    |p_Result_54_53_reg_15071                 |   8|   0|    8|          0|
    |p_Result_54_54_reg_15087                 |   8|   0|    8|          0|
    |p_Result_54_55_reg_15103                 |   8|   0|    8|          0|
    |p_Result_54_56_reg_15119                 |   8|   0|    8|          0|
    |p_Result_54_57_reg_15135                 |   8|   0|    8|          0|
    |p_Result_54_58_reg_15151                 |   8|   0|    8|          0|
    |p_Result_54_59_reg_15167                 |   8|   0|    8|          0|
    |p_Result_54_5_reg_14303                  |   8|   0|    8|          0|
    |p_Result_54_60_reg_15183                 |   8|   0|    8|          0|
    |p_Result_54_61_reg_15199                 |   8|   0|    8|          0|
    |p_Result_54_62_reg_15215                 |   8|   0|    8|          0|
    |p_Result_54_6_reg_14319                  |   8|   0|    8|          0|
    |p_Result_54_7_reg_14335                  |   8|   0|    8|          0|
    |p_Result_54_8_reg_14351                  |   8|   0|    8|          0|
    |p_Result_54_9_reg_14367                  |   8|   0|    8|          0|
    |p_Result_54_s_reg_15231                  |   8|   0|    8|          0|
    |select_ln215_79_reg_15336                |   8|   0|    8|          0|
    |select_ln215_95_reg_15421                |   8|   0|    8|          0|
    |start_once_reg                           |   1|   0|    1|          0|
    |temp_b_int8_0_1_V_23_fu_530              |   8|   0|    8|          0|
    |temp_b_int8_0_1_V_fu_526                 |   8|   0|    8|          0|
    |temp_b_int8_10_1_V_43_fu_610             |   8|   0|    8|          0|
    |temp_b_int8_10_1_V_fu_606                |   8|   0|    8|          0|
    |temp_b_int8_11_1_V_43_fu_618             |   8|   0|    8|          0|
    |temp_b_int8_11_1_V_fu_614                |   8|   0|    8|          0|
    |temp_b_int8_12_1_V_43_fu_626             |   8|   0|    8|          0|
    |temp_b_int8_12_1_V_fu_622                |   8|   0|    8|          0|
    |temp_b_int8_13_1_V_43_fu_634             |   8|   0|    8|          0|
    |temp_b_int8_13_1_V_fu_630                |   8|   0|    8|          0|
    |temp_b_int8_14_1_V_43_fu_642             |   8|   0|    8|          0|
    |temp_b_int8_14_1_V_fu_638                |   8|   0|    8|          0|
    |temp_b_int8_15_1_V_43_fu_650             |   8|   0|    8|          0|
    |temp_b_int8_15_1_V_fu_646                |   8|   0|    8|          0|
    |temp_b_int8_16_1_V_43_fu_658             |   8|   0|    8|          0|
    |temp_b_int8_16_1_V_fu_654                |   8|   0|    8|          0|
    |temp_b_int8_17_1_V_43_fu_666             |   8|   0|    8|          0|
    |temp_b_int8_17_1_V_fu_662                |   8|   0|    8|          0|
    |temp_b_int8_18_1_V_43_fu_674             |   8|   0|    8|          0|
    |temp_b_int8_18_1_V_fu_670                |   8|   0|    8|          0|
    |temp_b_int8_19_1_V_43_fu_682             |   8|   0|    8|          0|
    |temp_b_int8_19_1_V_fu_678                |   8|   0|    8|          0|
    |temp_b_int8_1_1_V_23_fu_538              |   8|   0|    8|          0|
    |temp_b_int8_1_1_V_fu_534                 |   8|   0|    8|          0|
    |temp_b_int8_20_1_V_43_fu_690             |   8|   0|    8|          0|
    |temp_b_int8_20_1_V_fu_686                |   8|   0|    8|          0|
    |temp_b_int8_21_1_V_43_fu_698             |   8|   0|    8|          0|
    |temp_b_int8_21_1_V_fu_694                |   8|   0|    8|          0|
    |temp_b_int8_22_1_V_43_fu_706             |   8|   0|    8|          0|
    |temp_b_int8_22_1_V_fu_702                |   8|   0|    8|          0|
    |temp_b_int8_23_1_V_43_fu_710             |   8|   0|    8|          0|
    |temp_b_int8_23_1_V_fu_522                |   8|   0|    8|          0|
    |temp_b_int8_24_1_V_43_fu_518             |   8|   0|    8|          0|
    |temp_b_int8_24_1_V_fu_514                |   8|   0|    8|          0|
    |temp_b_int8_25_1_V_43_fu_510             |   8|   0|    8|          0|
    |temp_b_int8_25_1_V_fu_506                |   8|   0|    8|          0|
    |temp_b_int8_26_1_V_43_fu_502             |   8|   0|    8|          0|
    |temp_b_int8_26_1_V_fu_498                |   8|   0|    8|          0|
    |temp_b_int8_27_1_V_43_fu_494             |   8|   0|    8|          0|
    |temp_b_int8_27_1_V_fu_490                |   8|   0|    8|          0|
    |temp_b_int8_28_1_V_43_fu_486             |   8|   0|    8|          0|
    |temp_b_int8_28_1_V_fu_482                |   8|   0|    8|          0|
    |temp_b_int8_29_1_V_43_fu_478             |   8|   0|    8|          0|
    |temp_b_int8_29_1_V_fu_474                |   8|   0|    8|          0|
    |temp_b_int8_2_1_V_23_fu_546              |   8|   0|    8|          0|
    |temp_b_int8_2_1_V_fu_542                 |   8|   0|    8|          0|
    |temp_b_int8_30_1_V_43_fu_470             |   8|   0|    8|          0|
    |temp_b_int8_30_1_V_fu_466                |   8|   0|    8|          0|
    |temp_b_int8_31_1_V_43_fu_462             |   8|   0|    8|          0|
    |temp_b_int8_31_1_V_fu_458                |   8|   0|    8|          0|
    |temp_b_int8_32_1_V_43_fu_454             |   8|   0|    8|          0|
    |temp_b_int8_32_1_V_fu_450                |   8|   0|    8|          0|
    |temp_b_int8_33_1_V_43_fu_446             |   8|   0|    8|          0|
    |temp_b_int8_33_1_V_fu_442                |   8|   0|    8|          0|
    |temp_b_int8_34_1_V_43_fu_438             |   8|   0|    8|          0|
    |temp_b_int8_34_1_V_fu_434                |   8|   0|    8|          0|
    |temp_b_int8_35_1_V_43_fu_430             |   8|   0|    8|          0|
    |temp_b_int8_35_1_V_fu_426                |   8|   0|    8|          0|
    |temp_b_int8_36_1_V_43_fu_422             |   8|   0|    8|          0|
    |temp_b_int8_36_1_V_fu_418                |   8|   0|    8|          0|
    |temp_b_int8_37_1_V_43_fu_718             |   8|   0|    8|          0|
    |temp_b_int8_37_1_V_fu_714                |   8|   0|    8|          0|
    |temp_b_int8_38_1_V_43_fu_726             |   8|   0|    8|          0|
    |temp_b_int8_38_1_V_fu_722                |   8|   0|    8|          0|
    |temp_b_int8_39_1_V_43_fu_734             |   8|   0|    8|          0|
    |temp_b_int8_39_1_V_fu_730                |   8|   0|    8|          0|
    |temp_b_int8_3_1_V_23_fu_554              |   8|   0|    8|          0|
    |temp_b_int8_3_1_V_fu_550                 |   8|   0|    8|          0|
    |temp_b_int8_40_1_V_43_fu_742             |   8|   0|    8|          0|
    |temp_b_int8_40_1_V_fu_738                |   8|   0|    8|          0|
    |temp_b_int8_41_1_V_43_fu_750             |   8|   0|    8|          0|
    |temp_b_int8_41_1_V_fu_746                |   8|   0|    8|          0|
    |temp_b_int8_42_1_V_43_fu_758             |   8|   0|    8|          0|
    |temp_b_int8_42_1_V_fu_754                |   8|   0|    8|          0|
    |temp_b_int8_43_1_V_43_fu_766             |   8|   0|    8|          0|
    |temp_b_int8_43_1_V_fu_762                |   8|   0|    8|          0|
    |temp_b_int8_44_1_V_43_fu_774             |   8|   0|    8|          0|
    |temp_b_int8_44_1_V_fu_770                |   8|   0|    8|          0|
    |temp_b_int8_45_1_V_43_fu_782             |   8|   0|    8|          0|
    |temp_b_int8_45_1_V_fu_778                |   8|   0|    8|          0|
    |temp_b_int8_46_1_V_43_fu_790             |   8|   0|    8|          0|
    |temp_b_int8_46_1_V_fu_786                |   8|   0|    8|          0|
    |temp_b_int8_47_1_V_43_fu_798             |   8|   0|    8|          0|
    |temp_b_int8_47_1_V_fu_794                |   8|   0|    8|          0|
    |temp_b_int8_48_1_V_43_fu_806             |   8|   0|    8|          0|
    |temp_b_int8_48_1_V_fu_802                |   8|   0|    8|          0|
    |temp_b_int8_49_1_V_43_fu_814             |   8|   0|    8|          0|
    |temp_b_int8_49_1_V_fu_810                |   8|   0|    8|          0|
    |temp_b_int8_4_1_V_23_fu_562              |   8|   0|    8|          0|
    |temp_b_int8_4_1_V_fu_558                 |   8|   0|    8|          0|
    |temp_b_int8_50_1_V_43_fu_822             |   8|   0|    8|          0|
    |temp_b_int8_50_1_V_fu_818                |   8|   0|    8|          0|
    |temp_b_int8_51_1_V_43_fu_830             |   8|   0|    8|          0|
    |temp_b_int8_51_1_V_fu_826                |   8|   0|    8|          0|
    |temp_b_int8_52_1_V_43_fu_838             |   8|   0|    8|          0|
    |temp_b_int8_52_1_V_fu_834                |   8|   0|    8|          0|
    |temp_b_int8_53_1_V_43_fu_846             |   8|   0|    8|          0|
    |temp_b_int8_53_1_V_fu_842                |   8|   0|    8|          0|
    |temp_b_int8_54_1_V_43_fu_854             |   8|   0|    8|          0|
    |temp_b_int8_54_1_V_fu_850                |   8|   0|    8|          0|
    |temp_b_int8_55_1_V_43_fu_862             |   8|   0|    8|          0|
    |temp_b_int8_55_1_V_fu_858                |   8|   0|    8|          0|
    |temp_b_int8_56_1_V_43_fu_870             |   8|   0|    8|          0|
    |temp_b_int8_56_1_V_fu_866                |   8|   0|    8|          0|
    |temp_b_int8_57_1_V_43_fu_878             |   8|   0|    8|          0|
    |temp_b_int8_57_1_V_fu_874                |   8|   0|    8|          0|
    |temp_b_int8_58_1_V_43_fu_886             |   8|   0|    8|          0|
    |temp_b_int8_58_1_V_fu_882                |   8|   0|    8|          0|
    |temp_b_int8_59_1_V_43_fu_894             |   8|   0|    8|          0|
    |temp_b_int8_59_1_V_fu_890                |   8|   0|    8|          0|
    |temp_b_int8_5_1_V_23_fu_570              |   8|   0|    8|          0|
    |temp_b_int8_5_1_V_fu_566                 |   8|   0|    8|          0|
    |temp_b_int8_60_1_V_43_fu_902             |   8|   0|    8|          0|
    |temp_b_int8_60_1_V_fu_898                |   8|   0|    8|          0|
    |temp_b_int8_61_1_V_43_fu_910             |   8|   0|    8|          0|
    |temp_b_int8_61_1_V_fu_906                |   8|   0|    8|          0|
    |temp_b_int8_62_1_V_43_fu_918             |   8|   0|    8|          0|
    |temp_b_int8_62_1_V_fu_914                |   8|   0|    8|          0|
    |temp_b_int8_63_1_V_43_fu_926             |   8|   0|    8|          0|
    |temp_b_int8_63_1_V_fu_922                |   8|   0|    8|          0|
    |temp_b_int8_6_1_V_23_fu_578              |   8|   0|    8|          0|
    |temp_b_int8_6_1_V_fu_574                 |   8|   0|    8|          0|
    |temp_b_int8_7_1_V_23_fu_586              |   8|   0|    8|          0|
    |temp_b_int8_7_1_V_fu_582                 |   8|   0|    8|          0|
    |temp_b_int8_8_1_V_23_fu_594              |   8|   0|    8|          0|
    |temp_b_int8_8_1_V_fu_590                 |   8|   0|    8|          0|
    |temp_b_int8_9_1_V_23_fu_602              |   8|   0|    8|          0|
    |temp_b_int8_9_1_V_fu_598                 |   8|   0|    8|          0|
    |temp_c1_int8_13_V_reg_15316              |  16|   0|   16|          0|
    |temp_c1_int8_4_V_reg_15256               |  16|   0|   16|          0|
    |temp_c1_int8_5_V_reg_15266               |  16|   0|   16|          0|
    |temp_c1_int8_8_V_reg_15286               |  16|   0|   16|          0|
    |temp_c2_int8_0_V_reg_15236               |  16|   0|   16|          0|
    |temp_c2_int8_10_V_reg_15301              |  16|   0|   16|          0|
    |temp_c2_int8_11_V_reg_15306              |  16|   0|   16|          0|
    |temp_c2_int8_12_V_reg_15311              |  16|   0|   16|          0|
    |temp_c2_int8_13_V_reg_15321              |  16|   0|   16|          0|
    |temp_c2_int8_14_V_reg_15326              |  16|   0|   16|          0|
    |temp_c2_int8_15_V_reg_15331              |  16|   0|   16|          0|
    |temp_c2_int8_16_V_reg_15726              |  16|   0|   16|          0|
    |temp_c2_int8_17_V_reg_15341              |  16|   0|   16|          0|
    |temp_c2_int8_18_V_reg_15346              |  16|   0|   16|          0|
    |temp_c2_int8_19_V_reg_15351              |  16|   0|   16|          0|
    |temp_c2_int8_1_V_reg_15241               |  16|   0|   16|          0|
    |temp_c2_int8_20_V_reg_15356              |  16|   0|   16|          0|
    |temp_c2_int8_21_V_reg_15361              |  16|   0|   16|          0|
    |temp_c2_int8_22_V_reg_15366              |  16|   0|   16|          0|
    |temp_c2_int8_23_V_reg_15371              |  16|   0|   16|          0|
    |temp_c2_int8_24_V_reg_15376              |  16|   0|   16|          0|
    |temp_c2_int8_2_V_reg_15246               |  16|   0|   16|          0|
    |temp_c2_int8_3_V_reg_15251               |  16|   0|   16|          0|
    |temp_c2_int8_4_V_reg_15261               |  16|   0|   16|          0|
    |temp_c2_int8_5_V_reg_15271               |  16|   0|   16|          0|
    |temp_c2_int8_6_V_reg_15276               |  16|   0|   16|          0|
    |temp_c2_int8_7_V_reg_15281               |  16|   0|   16|          0|
    |temp_c2_int8_8_V_reg_15291               |  16|   0|   16|          0|
    |temp_c2_int8_9_V_reg_15296               |  16|   0|   16|          0|
    |tmp_649_reg_14218                        |   1|   0|    1|          0|
    |tmp_650_reg_14234                        |   1|   0|    1|          0|
    |tmp_651_reg_14250                        |   1|   0|    1|          0|
    |tmp_652_reg_14266                        |   1|   0|    1|          0|
    |tmp_653_reg_14282                        |   1|   0|    1|          0|
    |tmp_654_reg_14298                        |   1|   0|    1|          0|
    |tmp_655_reg_14314                        |   1|   0|    1|          0|
    |tmp_656_reg_14330                        |   1|   0|    1|          0|
    |tmp_657_reg_14346                        |   1|   0|    1|          0|
    |tmp_658_reg_14362                        |   1|   0|    1|          0|
    |tmp_659_reg_14378                        |   1|   0|    1|          0|
    |tmp_660_reg_14394                        |   1|   0|    1|          0|
    |tmp_661_reg_14410                        |   1|   0|    1|          0|
    |tmp_662_reg_14426                        |   1|   0|    1|          0|
    |tmp_663_reg_14442                        |   1|   0|    1|          0|
    |tmp_664_reg_14458                        |   1|   0|    1|          0|
    |tmp_665_reg_14474                        |   1|   0|    1|          0|
    |tmp_665_reg_14474_pp0_iter2_reg          |   1|   0|    1|          0|
    |tmp_666_reg_14490                        |   1|   0|    1|          0|
    |tmp_667_reg_14506                        |   1|   0|    1|          0|
    |tmp_668_reg_14522                        |   1|   0|    1|          0|
    |tmp_669_reg_14538                        |   1|   0|    1|          0|
    |tmp_670_reg_14554                        |   1|   0|    1|          0|
    |tmp_671_reg_14570                        |   1|   0|    1|          0|
    |tmp_672_reg_14586                        |   1|   0|    1|          0|
    |tmp_673_reg_14602                        |   1|   0|    1|          0|
    |tmp_674_reg_14618                        |   1|   0|    1|          0|
    |tmp_675_reg_14634                        |   1|   0|    1|          0|
    |tmp_676_reg_14650                        |   1|   0|    1|          0|
    |tmp_677_reg_14666                        |   1|   0|    1|          0|
    |tmp_678_reg_14682                        |   1|   0|    1|          0|
    |tmp_679_reg_14698                        |   1|   0|    1|          0|
    |tmp_680_reg_14714                        |   1|   0|    1|          0|
    |tmp_681_reg_14730                        |   1|   0|    1|          0|
    |tmp_681_reg_14730_pp0_iter2_reg          |   1|   0|    1|          0|
    |tmp_682_reg_14746                        |   1|   0|    1|          0|
    |tmp_683_reg_14762                        |   1|   0|    1|          0|
    |tmp_684_reg_14778                        |   1|   0|    1|          0|
    |tmp_685_reg_14794                        |   1|   0|    1|          0|
    |tmp_686_reg_14810                        |   1|   0|    1|          0|
    |tmp_687_reg_14826                        |   1|   0|    1|          0|
    |tmp_688_reg_14842                        |   1|   0|    1|          0|
    |tmp_689_reg_14858                        |   1|   0|    1|          0|
    |tmp_690_reg_14874                        |   1|   0|    1|          0|
    |tmp_691_reg_14890                        |   1|   0|    1|          0|
    |tmp_692_reg_14906                        |   1|   0|    1|          0|
    |tmp_693_reg_14922                        |   1|   0|    1|          0|
    |tmp_694_reg_14938                        |   1|   0|    1|          0|
    |tmp_695_reg_14954                        |   1|   0|    1|          0|
    |tmp_696_reg_14970                        |   1|   0|    1|          0|
    |tmp_697_reg_14986                        |   1|   0|    1|          0|
    |tmp_698_reg_15002                        |   1|   0|    1|          0|
    |tmp_699_reg_15018                        |   1|   0|    1|          0|
    |tmp_700_reg_15034                        |   1|   0|    1|          0|
    |tmp_701_reg_15050                        |   1|   0|    1|          0|
    |tmp_702_reg_15066                        |   1|   0|    1|          0|
    |tmp_703_reg_15082                        |   1|   0|    1|          0|
    |tmp_704_reg_15098                        |   1|   0|    1|          0|
    |tmp_705_reg_15114                        |   1|   0|    1|          0|
    |tmp_706_reg_15130                        |   1|   0|    1|          0|
    |tmp_707_reg_15146                        |   1|   0|    1|          0|
    |tmp_708_reg_15162                        |   1|   0|    1|          0|
    |tmp_709_reg_15178                        |   1|   0|    1|          0|
    |tmp_710_reg_15194                        |   1|   0|    1|          0|
    |tmp_711_reg_15210                        |   1|   0|    1|          0|
    |tmp_712_reg_15226                        |   1|   0|    1|          0|
    |tmp_V_92_reg_15821                       |  32|   0|   32|          0|
    |tmp_V_95_reg_15816                       |  32|   0|   32|          0|
    |trunc_ln647_346_reg_14223                |   8|   0|    8|          0|
    |trunc_ln647_347_reg_14724                |   8|   0|    8|          0|
    |trunc_ln647_347_reg_14724_pp0_iter2_reg  |   8|   0|    8|          0|
    |trunc_ln647_348_reg_14735                |   8|   0|    8|          0|
    |trunc_ln647_348_reg_14735_pp0_iter2_reg  |   8|   0|    8|          0|
    |trunc_ln647_380_reg_15401                |  16|   0|   16|          0|
    |trunc_ln647_383_reg_15731                |  16|   0|   16|          0|
    |trunc_ln647_412_reg_15566                |  16|   0|   16|          0|
    |trunc_ln647_reg_14212                    |   8|   0|    8|          0|
    |j_reg_13999                              |  64|  32|    1|          0|
    +-----------------------------------------+----+----+-----+-----------+
    |Total                                    |4437|  32| 4382|          8|
    +-----------------------------------------+----+----+-----+-----------+



================================================================
== Interface
================================================================
* Summary: 
+-------------------------+-----+-----+------------+------------------+--------------+
|        RTL Ports        | Dir | Bits|  Protocol  |   Source Object  |    C Type    |
+-------------------------+-----+-----+------------+------------------+--------------+
|ap_clk                   |  in |    1| ap_ctrl_hs |        PE        | return value |
|ap_rst                   |  in |    1| ap_ctrl_hs |        PE        | return value |
|ap_start                 |  in |    1| ap_ctrl_hs |        PE        | return value |
|start_full_n             |  in |    1| ap_ctrl_hs |        PE        | return value |
|ap_done                  | out |    1| ap_ctrl_hs |        PE        | return value |
|ap_continue              |  in |    1| ap_ctrl_hs |        PE        | return value |
|ap_idle                  | out |    1| ap_ctrl_hs |        PE        | return value |
|ap_ready                 | out |    1| ap_ctrl_hs |        PE        | return value |
|start_out                | out |    1| ap_ctrl_hs |        PE        | return value |
|start_write              | out |    1| ap_ctrl_hs |        PE        | return value |
|N_pipe_in_4_V_V_dout     |  in |   32|   ap_fifo  |  N_pipe_in_4_V_V |    pointer   |
|N_pipe_in_4_V_V_empty_n  |  in |    1|   ap_fifo  |  N_pipe_in_4_V_V |    pointer   |
|N_pipe_in_4_V_V_read     | out |    1|   ap_fifo  |  N_pipe_in_4_V_V |    pointer   |
|N_pipe_out_5_V_V_din     | out |   32|   ap_fifo  | N_pipe_out_5_V_V |    pointer   |
|N_pipe_out_5_V_V_full_n  |  in |    1|   ap_fifo  | N_pipe_out_5_V_V |    pointer   |
|N_pipe_out_5_V_V_write   | out |    1|   ap_fifo  | N_pipe_out_5_V_V |    pointer   |
|a_in_1_4_V_V_dout        |  in |  256|   ap_fifo  |   a_in_1_4_V_V   |    pointer   |
|a_in_1_4_V_V_empty_n     |  in |    1|   ap_fifo  |   a_in_1_4_V_V   |    pointer   |
|a_in_1_4_V_V_read        | out |    1|   ap_fifo  |   a_in_1_4_V_V   |    pointer   |
|a_in_2_4_V_V_dout        |  in |  256|   ap_fifo  |   a_in_2_4_V_V   |    pointer   |
|a_in_2_4_V_V_empty_n     |  in |    1|   ap_fifo  |   a_in_2_4_V_V   |    pointer   |
|a_in_2_4_V_V_read        | out |    1|   ap_fifo  |   a_in_2_4_V_V   |    pointer   |
|a_in_3_4_V_V_dout        |  in |  256|   ap_fifo  |   a_in_3_4_V_V   |    pointer   |
|a_in_3_4_V_V_empty_n     |  in |    1|   ap_fifo  |   a_in_3_4_V_V   |    pointer   |
|a_in_3_4_V_V_read        | out |    1|   ap_fifo  |   a_in_3_4_V_V   |    pointer   |
|a_in_4_4_V_V_dout        |  in |  256|   ap_fifo  |   a_in_4_4_V_V   |    pointer   |
|a_in_4_4_V_V_empty_n     |  in |    1|   ap_fifo  |   a_in_4_4_V_V   |    pointer   |
|a_in_4_4_V_V_read        | out |    1|   ap_fifo  |   a_in_4_4_V_V   |    pointer   |
|b_in_1_4_V_V_dout        |  in |  256|   ap_fifo  |   b_in_1_4_V_V   |    pointer   |
|b_in_1_4_V_V_empty_n     |  in |    1|   ap_fifo  |   b_in_1_4_V_V   |    pointer   |
|b_in_1_4_V_V_read        | out |    1|   ap_fifo  |   b_in_1_4_V_V   |    pointer   |
|b_in_2_4_V_V_dout        |  in |  256|   ap_fifo  |   b_in_2_4_V_V   |    pointer   |
|b_in_2_4_V_V_empty_n     |  in |    1|   ap_fifo  |   b_in_2_4_V_V   |    pointer   |
|b_in_2_4_V_V_read        | out |    1|   ap_fifo  |   b_in_2_4_V_V   |    pointer   |
|b_out_1_5_V_V_din        | out |  256|   ap_fifo  |   b_out_1_5_V_V  |    pointer   |
|b_out_1_5_V_V_full_n     |  in |    1|   ap_fifo  |   b_out_1_5_V_V  |    pointer   |
|b_out_1_5_V_V_write      | out |    1|   ap_fifo  |   b_out_1_5_V_V  |    pointer   |
|b_out_2_5_V_V_din        | out |  256|   ap_fifo  |   b_out_2_5_V_V  |    pointer   |
|b_out_2_5_V_V_full_n     |  in |    1|   ap_fifo  |   b_out_2_5_V_V  |    pointer   |
|b_out_2_5_V_V_write      | out |    1|   ap_fifo  |   b_out_2_5_V_V  |    pointer   |
|c_in_1_4_V_V_dout        |  in |   32|   ap_fifo  |   c_in_1_4_V_V   |    pointer   |
|c_in_1_4_V_V_empty_n     |  in |    1|   ap_fifo  |   c_in_1_4_V_V   |    pointer   |
|c_in_1_4_V_V_read        | out |    1|   ap_fifo  |   c_in_1_4_V_V   |    pointer   |
|c_in_2_4_V_V_dout        |  in |   32|   ap_fifo  |   c_in_2_4_V_V   |    pointer   |
|c_in_2_4_V_V_empty_n     |  in |    1|   ap_fifo  |   c_in_2_4_V_V   |    pointer   |
|c_in_2_4_V_V_read        | out |    1|   ap_fifo  |   c_in_2_4_V_V   |    pointer   |
|c_out_1_5_V_V_din        | out |   32|   ap_fifo  |   c_out_1_5_V_V  |    pointer   |
|c_out_1_5_V_V_full_n     |  in |    1|   ap_fifo  |   c_out_1_5_V_V  |    pointer   |
|c_out_1_5_V_V_write      | out |    1|   ap_fifo  |   c_out_1_5_V_V  |    pointer   |
|c_out_2_5_V_V_din        | out |   32|   ap_fifo  |   c_out_2_5_V_V  |    pointer   |
|c_out_2_5_V_V_full_n     |  in |    1|   ap_fifo  |   c_out_2_5_V_V  |    pointer   |
|c_out_2_5_V_V_write      | out |    1|   ap_fifo  |   c_out_2_5_V_V  |    pointer   |
+-------------------------+-----+-----+------------+------------------+--------------+

